--------- beginning of main
04-18 18:47:09.822   175   175 I SELinux : SELinux: Loaded service_contexts from:
04-18 18:47:09.826   175   175 I SELinux :     /plat_service_contexts
04-18 18:47:09.826   175   175 I SELinux :     /nonplat_service_contexts
04-18 18:47:09.830   177   177 I SELinux : SELinux: Loaded service_contexts from:
04-18 18:47:09.833   177   177 I SELinux :     /vndservice_contexts
04-18 18:45:59.823   174   174 W auditd  : type=2000 audit(0.0:1): initialized
04-18 18:47:04.413   174   174 I auditd  : type=1403 audit(0.0:2): policy loaded auid=4294967295 ses=4294967295
04-18 18:47:04.524     1     1 I init    : type=1400 audit(0.0:3): avc: denied { setattr } for name="lbh" dev="rootfs" ino=6300 scontext=u:r:init:s0 tcontext=u:object_r:rootfs:s0 tclass=lnk_file permissive=1
04-18 18:47:09.948   176   176 E hwservicemanager: BINDER_SET_INHERIT_FIFO_PRIO failed with error -1
04-18 18:47:12.698   185   185 D vndksupport: Loading /vendor/lib/hw/android.hardware.keymaster@3.0-impl.so from current namespace instead of sphal namespace.
04-18 18:47:12.735   185   185 I android.hardware.keymaster@3.0-impl: Fetching keymaster device name default
04-18 18:47:12.737   185   185 D vndksupport: Loading /vendor/lib/hw/keystore.tegra.so from current namespace instead of sphal namespace.
04-18 18:47:12.745   185   185 I android.hardware.keymaster@3.0-impl: Found keymaster0 module Tegra key storage HAL, version 2
04-18 18:47:12.746   185   185 D android.hardware.keymaster@3.0-impl: Wrapping keymaster0 module Tegra key storage HAL with SoftKeymasterDevice
04-18 18:47:12.751   185   185 I ServiceManagement: Removing namespace from process name android.hardware.keymaster@3.0-service to keymaster@3.0-s.
04-18 18:47:12.754   185   185 I android.hardware.keymaster@3.0-service: Registration complete for android.hardware.keymaster@3.0::IKeymasterDevice/default.
--------- beginning of system
04-18 18:47:12.806   186   186 I vold    : Vold 3.0 (the awakening) firing up
04-18 18:47:12.809   186   186 V vold    : Detected support for: exfat ext4 f2fs ntfs vfat
04-18 18:47:12.819   186   186 W Vold    : Tearing down stale mount /mnt/tmp
04-18 18:47:12.820   186   186 W Vold    : Tearing down stale mount /mnt/tmp
04-18 18:47:12.823   186   186 I vold    : [libfs_mgr]fs_mgr_read_fstab_dt(): failed to read fstab from dt
04-18 18:47:12.832   186   190 D vold    : e4crypt_init_user0
04-18 18:47:12.833   186   190 D vold    : e4crypt_prepare_user_storage for volume null, user 0, serial 0, flags 1
04-18 18:47:12.833   186   190 D vold    : Preparing: /data/system/users/0
04-18 18:47:12.836   186   190 D vold    : Preparing: /data/misc/profiles/cur/0
04-18 18:47:12.837   186   190 D vold    : Preparing: /data/system_de/0
04-18 18:47:12.838   186   190 D vold    : Preparing: /data/misc_de/0
04-18 18:47:12.839   186   190 D vold    : Preparing: /data/user_de/0
04-18 18:47:12.840   186   190 D vold    : e4crypt_unlock_user_key 0 serial=0 token_present=0
04-18 18:47:12.904   191   191 I /system/bin/tzdatacheck: timezone distro dir /data/misc/zoneinfo/current does not exist. No action required.
04-18 18:47:13.080   196   196 I run-parts: executing /system/xbin/run-parts failed: No such file or directory
04-18 18:47:13.082   197   197 E logwrapper: executing /system/xbin/run-parts failed: No such file or directory
04-18 18:47:13.086   196   196 I run-parts: run-parts terminated by exit(255)
04-18 18:47:13.200   193   193 I Netd    : Netd 1.0 starting
04-18 18:47:13.206   193   193 D TetherController: Setting IP forward enable = 0
04-18 18:47:13.432   193   193 I Netd    : Creating child chains: 175.8ms
04-18 18:47:13.432   193   193 I Netd    : Setting up OEM hooks: 0.6ms
04-18 18:47:13.526   193   193 I Netd    : Setting up FirewallController hooks: 93.3ms
04-18 18:47:13.656   193   193 W IptablesRestoreController: iptables-restore process 198 terminated status=256
04-18 18:47:13.657   193   193 E IptablesRestoreController: iptables error:
04-18 18:47:13.657   193   193 E IptablesRestoreController: ------- COMMAND -------
04-18 18:47:13.657   193   193 E IptablesRestoreController: *mangle
04-18 18:47:13.657   193   193 E IptablesRestoreController: -A natctrl_mangle_FORWARD -p tcp --tcp-flags SYN SYN -j TCPMSS --clamp-mss-to-pmtu
04-18 18:47:13.657   193   193 E IptablesRestoreController: COMMIT
04-18 18:47:13.657   193   193 E IptablesRestoreController: 
04-18 18:47:13.657   193   193 E IptablesRestoreController: -------  ERROR -------
04-18 18:47:13.657   193   193 E IptablesRestoreController: iptables-restore: line 127 failed
04-18 18:47:13.657   193   193 E IptablesRestoreController: ----------------------
04-18 18:47:13.657   193   193 I Netd    : Setting up NatController hooks: 131.4ms
04-18 18:47:13.727   201   201 I ServiceManagement: Removing namespace from process name android.hidl.allocator@1.0-service to allocator@1.0-s.
04-18 18:47:13.805   205   205 W /vendor/bin/hw/android.hardware.configstore@1.0-service: Could not find seccomp policy file at: /vendor/etc/seccomp_policy/configstore@1.0.policy
04-18 18:47:13.809   205   205 I ServiceManagement: Removing namespace from process name android.hardware.configstore@1.0-service to configstore@1.0.
04-18 18:47:13.849   207   207 D vndksupport: Loading /vendor/lib/hw/android.hardware.graphics.allocator@2.0-impl.so from current namespace instead of sphal namespace.
04-18 18:47:13.854   215   215 I lowmemorykiller: Using in-kernel low memory killer interface
04-18 18:47:13.875   207   207 D vndksupport: Loading /vendor/lib/hw/gralloc.tegra.so from current namespace instead of sphal namespace.
04-18 18:47:13.883   210   210 I android.hardware.power@1.0-service.mocha: Power HAL Service 1.0 for Mocha is starting.
04-18 18:47:13.884   210   210 I android.hardware.power@1.0-service.mocha: power_init
04-18 18:47:13.890   210   210 I ServiceManagement: Removing namespace from process name android.hardware.power@1.0-service.mocha to power@1.0-servi.
04-18 18:47:13.908   210   210 I android.hardware.power@1.0-service.mocha: Successfully registered IPower
04-18 18:47:13.922   210   210 I android.hardware.power@1.0-service.mocha: Successfully registered ILineagePower
04-18 18:47:13.922   210   210 I android.hardware.power@1.0-service.mocha: Power Service is ready
04-18 18:47:13.927   206   206 D android.hardware.drm@1.0-service: android.hardware.drm@1.0-service starting...
04-18 18:47:13.928   212   212 I ServiceManagement: Removing namespace from process name android.hardware.vibrator@1.0-service.mocha to vibrator@1.0-se.
04-18 18:47:13.934   206   206 I android.hardwar: type=1400 audit(0.0:4): avc: denied { read write } for name="vndbinder" dev="tmpfs" ino=6311 scontext=u:r:hal_drm_default:s0 tcontext=u:object_r:vndbinder_device:s0 tclass=chr_file permissive=1
04-18 18:47:13.934   206   206 I android.hardwar: type=1400 audit(0.0:5): avc: denied { open } for path="/dev/vndbinder" dev="tmpfs" ino=6311 scontext=u:r:hal_drm_default:s0 tcontext=u:object_r:vndbinder_device:s0 tclass=chr_file permissive=1
04-18 18:47:13.935   206   206 I android.hardwar: type=1400 audit(0.0:6): avc: denied { ioctl } for path="/dev/vndbinder" dev="tmpfs" ino=6311 ioctlcmd=6209 scontext=u:r:hal_drm_default:s0 tcontext=u:object_r:vndbinder_device:s0 tclass=chr_file permissive=1
04-18 18:47:13.956   212   212 I android.hardware.vibrator@1.0-service.lineage: Vibrator HAL service ready.
04-18 18:47:13.957   206   206 D vndksupport: Loading /vendor/lib/hw/android.hardware.drm@1.0-impl.so from current namespace instead of sphal namespace.
04-18 18:47:13.980   223   223 I tlk_daemon: type=1400 audit(0.0:7): avc: denied { read } for name="__properties__" dev="tmpfs" ino=6183 scontext=u:r:tee:s0 tcontext=u:object_r:properties_device:s0 tclass=dir permissive=1
04-18 18:47:13.980   223   223 I tlk_daemon: type=1400 audit(0.0:8): avc: denied { open } for path="/dev/__properties__" dev="tmpfs" ino=6183 scontext=u:r:tee:s0 tcontext=u:object_r:properties_device:s0 tclass=dir permissive=1
04-18 18:47:13.995   225   225 I tlk_daemon: type=1400 audit(0.0:9): avc: denied { add_name } for name="0" scontext=u:r:tee:s0 tcontext=u:object_r:cgroup:s0 tclass=dir permissive=1
04-18 18:47:13.995   225   225 I tlk_daemon: type=1400 audit(0.0:10): avc: denied { create } for name="0" scontext=u:r:tee:s0 tcontext=u:object_r:cgroup:s0 tclass=dir permissive=1
04-18 18:47:13.996   225   225 I tlk_daemon: type=1400 audit(0.0:11): avc: denied { read } for name="tasks" dev="cgroup" ino=1732 scontext=u:r:tee:s0 tcontext=u:object_r:cgroup:s0 tclass=file permissive=1
04-18 18:47:14.027   228   228 I init    : type=1400 audit(0.0:12): avc: denied { transition } for path="/system/vendor/bin/macaddr.sh" dev="mmcblk0p26" ino=771 scontext=u:r:init:s0 tcontext=u:r:mac_generator:s0 tclass=process permissive=1
04-18 18:47:14.027   228   228 I init    : type=1400 audit(0.0:13): avc: denied { entrypoint } for path="/system/vendor/bin/macaddr.sh" dev="mmcblk0p26" ino=771 scontext=u:r:mac_generator:s0 tcontext=u:object_r:vendor_file:s0 tclass=file permissive=1
04-18 18:47:14.030   222   227 I adbd    : initializing functionfs
04-18 18:47:14.030   222   227 I adbd    : opening control endpoint /dev/usb-ffs/adb/ep0
04-18 18:47:14.035   211   211 I ServiceManagement: Removing namespace from process name android.hardware.usb@1.0-service to usb@1.0-service.
04-18 18:47:14.052   228   228 I macaddr.sh: type=1400 audit(0.0:14): avc: denied { rlimitinh } for scontext=u:r:init:s0 tcontext=u:r:mac_generator:s0 tclass=process permissive=1
04-18 18:47:14.052   228   228 I macaddr.sh: type=1400 audit(0.0:15): avc: denied { siginh } for scontext=u:r:init:s0 tcontext=u:r:mac_generator:s0 tclass=process permissive=1
04-18 18:47:14.052   228   228 I macaddr.sh: type=1400 audit(0.0:16): avc: denied { noatsecure } for scontext=u:r:init:s0 tcontext=u:r:mac_generator:s0 tclass=process permissive=1
04-18 18:47:14.063   211   211 I android.hardware.usb@1.0-service: USB HAL Ready.
04-18 18:47:14.081   228   228 I macaddr.sh: type=1400 audit(0.0:17): avc: denied { getattr } for path="/system/bin/sh" dev="mmcblk0p26" ino=1621 scontext=u:r:mac_generator:s0 tcontext=u:object_r:shell_exec:s0 tclass=file permissive=1
04-18 18:47:14.112   193   193 I Netd    : Setting up BandwidthController hooks: 454.8ms
04-18 18:47:14.112   193   193 I Netd    : Setting up IdletimerController hooks: 0.3ms
04-18 18:47:14.113   204   204 D android.hardware.cas@1.0-service: android.hardware.cas@1.0-service starting...
04-18 18:47:14.114   204   204 I ServiceManagement: Removing namespace from process name android.hardware.cas@1.0-service to cas@1.0-service.
04-18 18:47:14.132   209   209 I android.hardwar: type=1400 audit(0.0:18): avc: denied { search } for name="tegra12-i2c.0" dev="sysfs" ino=365 scontext=u:r:hal_light_default:s0 tcontext=u:object_r:sysfs_nvi2c:s0 tclass=dir permissive=1
04-18 18:47:14.132   209   209 I android.hardwar: type=1400 audit(0.0:19): avc: denied { write } for name="brightness" dev="sysfs" ino=5910 scontext=u:r:hal_light_default:s0 tcontext=u:object_r:sysfs_nvi2c:s0 tclass=file permissive=1
04-18 18:47:14.132   209   209 I android.hardwar: type=1400 audit(0.0:20): avc: denied { open } for path="/sys/devices/platform/tegra12-i2c.0/i2c-0/0-002c/backlight/lcd-backlight/brightness" dev="sysfs" ino=5910 scontext=u:r:hal_light_default:s0 tcontext=u:object_r:sysfs_nvi2c:s0 tclass=file permissive=1
04-18 18:47:14.132   209   209 I android.hardwar: type=1400 audit(0.0:21): avc: denied { read } for name="max_brightness" dev="sysfs" ino=5912 scontext=u:r:hal_light_default:s0 tcontext=u:object_r:sysfs_nvi2c:s0 tclass=file permissive=1
04-18 18:47:14.143   228   228 I macaddr.sh: type=1400 audit(0.0:22): avc: denied { read } for path="/system/bin/sh" dev="mmcblk0p26" ino=1621 scontext=u:r:mac_generator:s0 tcontext=u:object_r:shell_exec:s0 tclass=file permissive=1
04-18 18:47:14.145   193   193 I Netd    : Disabling bandwidth control: 32.9ms
04-18 18:47:14.162   209   209 I android.hardwar: type=1400 audit(0.0:23): avc: denied { getattr } for path="/sys/devices/platform/tegra12-i2c.0/i2c-0/0-002c/backlight/lcd-backlight/max_brightness" dev="sysfs" ino=5912 scontext=u:r:hal_light_default:s0 tcontext=u:object_r:sysfs_nvi2c:s0 tclass=file permissive=1
04-18 18:47:14.163   209   209 I android.hardwar: type=1400 audit(0.0:24): avc: denied { write } for name="brightness" dev="sysfs" ino=9405 scontext=u:r:hal_light_default:s0 tcontext=u:object_r:sysfs:s0 tclass=file permissive=1
04-18 18:47:14.163   209   209 I android.hardwar: type=1400 audit(0.0:25): avc: denied { open } for path="/sys/devices/platform/pwmleds.8/leds/button-backlight/brightness" dev="sysfs" ino=9405 scontext=u:r:hal_light_default:s0 tcontext=u:object_r:sysfs:s0 tclass=file permissive=1
04-18 18:47:14.164   209   209 I android.hardwar: type=1400 audit(0.0:26): avc: denied { read } for name="max_brightness" dev="sysfs" ino=9406 scontext=u:r:hal_light_default:s0 tcontext=u:object_r:sysfs:s0 tclass=file permissive=1
04-18 18:47:14.164   209   209 I android.hardwar: type=1400 audit(0.0:27): avc: denied { getattr } for path="/sys/devices/platform/pwmleds.8/leds/button-backlight/max_brightness" dev="sysfs" ino=9406 scontext=u:r:hal_light_default:s0 tcontext=u:object_r:sysfs:s0 tclass=file permissive=1
04-18 18:47:14.170   207   207 I android.hardwar: type=1400 audit(0.0:28): avc: denied { read } for name="num_pts" dev="sysfs" ino=5218 scontext=u:r:hal_graphics_allocator_default:s0 tcontext=u:object_r:sysfs:s0 tclass=file permissive=1
04-18 18:47:14.170   193   193 I Netd    : Initializing RouteController: 24.7ms
04-18 18:47:14.183   207   207 I android.hardwar: type=1400 audit(0.0:29): avc: denied { open } for path="/sys/devices/platform/host1x/capabilities/num_pts" dev="sysfs" ino=5218 scontext=u:r:hal_graphics_allocator_default:s0 tcontext=u:object_r:sysfs:s0 tclass=file permissive=1
04-18 18:47:14.183   207   207 I android.hardwar: type=1400 audit(0.0:30): avc: denied { getattr } for path="/sys/devices/platform/host1x/capabilities/num_pts" dev="sysfs" ino=5218 scontext=u:r:hal_graphics_allocator_default:s0 tcontext=u:object_r:sysfs:s0 tclass=file permissive=1
04-18 18:47:14.185   207   207 D NvOsDebugPrintf: NvRmPrivGetChipPlatform: Could not read platform information 
04-18 18:47:14.185   207   207 D NvOsDebugPrintf: Expected on kernels without fuse support, using silicon
04-18 18:47:14.188   207   207 I ServiceManagement: Removing namespace from process name android.hardware.graphics.allocator@2.0-service to allocator@2.0-s.
04-18 18:47:14.188   193   193 D MDnsDS  : MDnsSdListener::Hander starting up
04-18 18:47:14.190   207   207 I android.hardware.graphics.allocator@2.0-service: Registration complete for android.hardware.graphics.allocator@2.0::IAllocator/default.
04-18 18:47:14.190   208   208 D vndksupport: Loading /vendor/lib/hw/android.hardware.health@1.0-impl.so from current namespace instead of sphal namespace.
04-18 18:47:14.197   209   209 I ServiceManagement: Removing namespace from process name android.hardware.light@2.0-service.mocha to light@2.0-servi.
04-18 18:47:14.219   193   241 D MDnsDS  : MDnsSdListener starting to monitor
04-18 18:47:14.219   193   241 D MDnsDS  : Going to poll with pollCount 1
04-18 18:47:14.223   193   193 I Netd    : Registering NetdNativeService: 34.5ms
04-18 18:47:14.224   193   193 I Netd    : Starting CommandListener: 0.4ms
04-18 18:47:14.224   209   209 I /vendor/bin/hw/android.hardware.light@2.0-service.mocha: Light HAL Ready.
04-18 18:47:14.245   208   208 I ServiceManagement: Removing namespace from process name android.hardware.health@1.0-service to health@1.0-serv.
04-18 18:47:14.250   193   193 I Netd    : Registering NetdHwService: 26.5ms
04-18 18:47:14.250   193   193 I Netd    : Netd started in 1052ms
04-18 18:47:14.251   208   208 I android.hardware.health@1.0-service: Registration complete for android.hardware.health@1.0::IHealth/default.
04-18 18:47:14.272   176   176 W /system/bin/hwservicemanager: getTransport: Cannot find entry android.hardware.thermal@1.1::IThermal/default in either framework or device manifest.
04-18 18:47:14.284   208   208 I health@1.0-serv: type=1400 audit(0.0:31): avc: denied { read } for name="cm_battery_scale.png" dev="rootfs" ino=5530 scontext=u:r:hal_health_default:s0 tcontext=u:object_r:rootfs:s0 tclass=file permissive=1
04-18 18:47:14.284   208   208 I health@1.0-serv: type=1400 audit(0.0:32): avc: denied { open } for path="/res/images/charger/cm_battery_scale.png" dev="rootfs" ino=5530 scontext=u:r:hal_health_default:s0 tcontext=u:object_r:rootfs:s0 tclass=file permissive=1
04-18 18:47:14.285   208   208 I health@1.0-serv: type=1400 audit(0.0:33): avc: denied { getattr } for path="/res/images/charger/cm_battery_scale.png" dev="rootfs" ino=5530 scontext=u:r:hal_health_default:s0 tcontext=u:object_r:rootfs:s0 tclass=file permissive=1
04-18 18:47:14.289   251   251 I macaddr.sh: type=1400 audit(0.0:34): avc: denied { getattr } for path="/system/bin/toybox" dev="mmcblk0p26" ino=1478 scontext=u:r:mac_generator:s0 tcontext=u:object_r:toolbox_exec:s0 tclass=file permissive=1
04-18 18:47:14.289   251   251 I macaddr.sh: type=1400 audit(0.0:35): avc: denied { execute } for name="toybox" dev="mmcblk0p26" ino=1478 scontext=u:r:mac_generator:s0 tcontext=u:object_r:toolbox_exec:s0 tclass=file permissive=1
04-18 18:47:14.289   251   251 I macaddr.sh: type=1400 audit(0.0:36): avc: denied { read open } for path="/system/bin/toybox" dev="mmcblk0p26" ino=1478 scontext=u:r:mac_generator:s0 tcontext=u:object_r:toolbox_exec:s0 tclass=file permissive=1
04-18 18:47:14.292   217   217 W thermalserviced: Unable to get Thermal HAL V1.1, vendor thermal event notification not available
04-18 18:47:14.310   251   251 I macaddr.sh: type=1400 audit(0.0:37): avc: denied { execute_no_trans } for path="/system/bin/toybox" dev="mmcblk0p26" ino=1478 scontext=u:r:mac_generator:s0 tcontext=u:object_r:toolbox_exec:s0 tclass=file permissive=1
04-18 18:47:14.326   203   203 D vndksupport: Loading /vendor/lib/hw/android.hardware.audio@2.0-impl.so from current namespace instead of sphal namespace.
04-18 18:47:14.327   213   213 I android.hardware.wifi@1.0-service: Wifi Hal is booting up...
04-18 18:47:14.380   203   203 I ServiceManagement: Removing namespace from process name android.hardware.audio@2.0-service to audio@2.0-servi.
04-18 18:47:14.381   203   203 I audiohalservice: Registration complete for android.hardware.audio@2.0::IDevicesFactory/default.
04-18 18:47:14.382   203   203 D vndksupport: Loading /vendor/lib/hw/android.hardware.audio.effect@2.0-impl.so from current namespace instead of sphal namespace.
04-18 18:47:14.383   194   194 D AndroidRuntime: >>>>>> START com.android.internal.os.ZygoteInit uid 0 <<<<<<
04-18 18:47:14.395   222   227 I adbd    : functionfs successfully initialized
04-18 18:47:14.395   222   227 I adbd    : registering usb transport
04-18 18:47:14.451   203   203 I audiohalservice: Registration complete for android.hardware.audio.effect@2.0::IEffectsFactory/default.
04-18 18:47:14.452   176   176 W /system/bin/hwservicemanager: getTransport: Cannot find entry android.hardware.soundtrigger@2.0::ISoundTriggerHw/default in either framework or device manifest.
04-18 18:47:14.452   203   203 E audiohalservice: Could not get passthrough implementation for android.hardware.soundtrigger@2.0::ISoundTriggerHw/default.
04-18 18:47:14.452   203   203 E audiohalservice: Error while registering soundtrigger service: 1
04-18 18:47:14.468   231   231 I installd: installd firing up
04-18 18:47:14.480   251   251 I getprop : type=1400 audit(0.0:38): avc: denied { read } for name="u:object_r:serialno_prop:s0" dev="tmpfs" ino=6213 scontext=u:r:mac_generator:s0 tcontext=u:object_r:serialno_prop:s0 tclass=file permissive=1
04-18 18:47:14.480   251   251 I getprop : type=1400 audit(0.0:39): avc: denied { open } for path="/dev/__properties__/u:object_r:serialno_prop:s0" dev="tmpfs" ino=6213 scontext=u:r:mac_generator:s0 tcontext=u:object_r:serialno_prop:s0 tclass=file permissive=1
04-18 18:47:14.480   251   251 I getprop : type=1400 audit(0.0:40): avc: denied { getattr } for path="/dev/__properties__/u:object_r:serialno_prop:s0" dev="tmpfs" ino=6213 scontext=u:r:mac_generator:s0 tcontext=u:object_r:serialno_prop:s0 tclass=file permissive=1
04-18 18:47:14.489   194   194 I zygote  : option[0]=-Xzygote
04-18 18:47:14.489   194   194 I zygote  : option[1]=-Xusetombstonedtraces
04-18 18:47:14.489   194   194 I zygote  : option[2]=exit
04-18 18:47:14.489   194   194 I zygote  : option[3]=vfprintf
04-18 18:47:14.490   194   194 I zygote  : option[4]=sensitiveThread
04-18 18:47:14.490   194   194 I zygote  : option[5]=-verbose:gc
04-18 18:47:14.490   194   194 I zygote  : option[6]=-Xms16m
04-18 18:47:14.490   194   194 I zygote  : option[7]=-Xmx512m
04-18 18:47:14.490   194   194 I zygote  : option[8]=-XX:HeapGrowthLimit=192m
04-18 18:47:14.490   194   194 I zygote  : option[9]=-XX:HeapMinFree=2m
04-18 18:47:14.490   194   194 I zygote  : option[10]=-XX:HeapMaxFree=8m
04-18 18:47:14.490   194   194 I zygote  : option[11]=-XX:HeapTargetUtilization=0.75
04-18 18:47:14.490   194   194 I zygote  : option[12]=-Xusejit:true
04-18 18:47:14.490   194   194 I zygote  : option[13]=-agentlib:jdwp=transport=dt_android_adb,suspend=n,server=y
04-18 18:47:14.490   194   194 I zygote  : option[14]=-Xlockprofthreshold:500
04-18 18:47:14.490   194   194 I zygote  : option[15]=-Ximage-compiler-option
04-18 18:47:14.490   194   194 I zygote  : option[16]=--runtime-arg
04-18 18:47:14.490   194   194 I zygote  : option[17]=-Ximage-compiler-option
04-18 18:47:14.490   194   194 I zygote  : option[18]=-Xms64m
04-18 18:47:14.490   194   194 I zygote  : option[19]=-Ximage-compiler-option
04-18 18:47:14.490   194   194 I zygote  : option[20]=--runtime-arg
04-18 18:47:14.490   194   194 I zygote  : option[21]=-Ximage-compiler-option
04-18 18:47:14.490   194   194 I zygote  : option[22]=-Xmx64m
04-18 18:47:14.490   194   194 I zygote  : option[23]=-Ximage-compiler-option
04-18 18:47:14.490   194   194 I zygote  : option[24]=--image-classes=/system/etc/preloaded-classes
04-18 18:47:14.490   194   194 I zygote  : option[25]=-Ximage-compiler-option
04-18 18:47:14.490   194   194 I zygote  : option[26]=--compiled-classes=/system/etc/compiled-classes
04-18 18:47:14.490   194   194 I zygote  : option[27]=-Ximage-compiler-option
04-18 18:47:14.490   194   194 I zygote  : option[28]=--dirty-image-objects=/system/etc/dirty-image-objects
04-18 18:47:14.490   194   194 I zygote  : option[29]=-Xcompiler-option
04-18 18:47:14.490   194   194 I zygote  : option[30]=--runtime-arg
04-18 18:47:14.490   194   194 I zygote  : option[31]=-Xcompiler-option
04-18 18:47:14.490   194   194 I zygote  : option[32]=-Xms64m
04-18 18:47:14.490   194   194 I zygote  : option[33]=-Xcompiler-option
04-18 18:47:14.490   194   194 I zygote  : option[34]=--runtime-arg
04-18 18:47:14.490   194   194 I zygote  : option[35]=-Xcompiler-option
04-18 18:47:14.490   194   194 I zygote  : option[36]=-Xmx512m
04-18 18:47:14.490   194   194 I zygote  : option[37]=-Ximage-compiler-option
04-18 18:47:14.490   194   194 I zygote  : option[38]=--instruction-set-variant=cortex-a15
04-18 18:47:14.490   194   194 I zygote  : option[39]=-Xcompiler-option
04-18 18:47:14.491   194   194 I zygote  : option[40]=--instruction-set-variant=cortex-a15
04-18 18:47:14.491   194   194 I zygote  : option[41]=-Ximage-compiler-option
04-18 18:47:14.491   194   194 I zygote  : option[42]=--instruction-set-features=default
04-18 18:47:14.491   194   194 I zygote  : option[43]=-Xcompiler-option
04-18 18:47:14.491   194   194 I zygote  : option[44]=--instruction-set-features=default
04-18 18:47:14.491   194   194 I zygote  : option[45]=-Duser.locale=en-US
04-18 18:47:14.491   194   194 I zygote  : option[46]=--cpu-abilist=armeabi-v7a,armeabi
04-18 18:47:14.491   194   194 I zygote  : option[47]=-Xfingerprint:Xiaomi/carbon_mocha/mocha:5.1.1/LMY49J/7fd38a3d2b:user/release-keys
04-18 18:47:14.495   206   206 I ServiceManagement: Removing namespace from process name android.hardware.drm@1.0-service to drm@1.0-service.
04-18 18:47:14.496   194   194 W zygote  : Could not reserve sentinel fault page
04-18 18:47:14.496   206   206 I android.hardware.drm@1.0-service: Registration complete for android.hardware.drm@1.0::IDrmFactory/default.
04-18 18:47:14.497   206   206 D vndksupport: Loading /vendor/lib/hw/android.hardware.drm@1.0-impl.so from current namespace instead of sphal namespace.
04-18 18:47:14.504   206   206 I ServiceManagement: Removing namespace from process name android.hardware.drm@1.0-service to drm@1.0-service.
04-18 18:47:14.505   206   206 I android.hardware.drm@1.0-service: Registration complete for android.hardware.drm@1.0::ICryptoFactory/default.
04-18 18:47:14.520   261   261 I macaddr.sh: type=1400 audit(0.0:41): avc: denied { getattr } for path="/system/bin/toybox" dev="mmcblk0p26" ino=1478 scontext=u:r:mac_generator:s0 tcontext=u:object_r:toolbox_exec:s0 tclass=file permissive=1
04-18 18:47:14.521   261   261 I macaddr.sh: type=1400 audit(0.0:42): avc: denied { execute } for name="toybox" dev="mmcblk0p26" ino=1478 scontext=u:r:mac_generator:s0 tcontext=u:object_r:toolbox_exec:s0 tclass=file permissive=1
04-18 18:47:14.531   216   216 I /system/bin/surfaceflinger: android::hardware::configstore::V1_0::ISurfaceFlingerConfigs::maxFrameBufferAcquiredBuffers retrieved: 3
04-18 18:47:14.551   216   216 I /system/bin/surfaceflinger: android::hardware::configstore::V1_0::ISurfaceFlingerConfigs::startGraphicsAllocatorService retrieved: 0
04-18 18:47:14.553   216   216 I SurfaceFlinger: SurfaceFlinger is starting
04-18 18:47:14.557   216   216 I /system/bin/surfaceflinger: android::hardware::configstore::V1_0::ISurfaceFlingerConfigs::vsyncEventPhaseOffsetNs retrieved: 1000000 (default)
04-18 18:47:14.557   216   216 I /system/bin/surfaceflinger: android::hardware::configstore::V1_0::ISurfaceFlingerConfigs::vsyncSfEventPhaseOffsetNs retrieved: 1000000 (default)
04-18 18:47:14.558   216   216 I /system/bin/surfaceflinger: android::hardware::configstore::V1_0::ISurfaceFlingerConfigs::maxVirtualDisplaySize retrieved: 0 (default)
04-18 18:47:14.558   216   216 I /system/bin/surfaceflinger: android::hardware::configstore::V1_0::ISurfaceFlingerConfigs::hasSyncFramework retrieved: 0
04-18 18:47:14.558   216   216 I /system/bin/surfaceflinger: android::hardware::configstore::V1_0::ISurfaceFlingerConfigs::useContextPriority retrieved: 0 (default)
04-18 18:47:14.558   216   216 I /system/bin/surfaceflinger: android::hardware::configstore::V1_0::ISurfaceFlingerConfigs::presentTimeOffsetFromVSyncNs retrieved: 0
04-18 18:47:14.558   216   216 I /system/bin/surfaceflinger: android::hardware::configstore::V1_0::ISurfaceFlingerConfigs::useHwcForRGBtoYUV retrieved: 1
04-18 18:47:14.558   216   216 I /system/bin/surfaceflinger: android::hardware::configstore::V1_0::ISurfaceFlingerConfigs::maxFrameBufferAcquiredBuffers retrieved: 3
04-18 18:47:14.559   216   216 I SurfaceFlinger: Enabling HWC virtual displays
04-18 18:47:14.559   216   216 I SurfaceFlinger: Disabling Triple Buffering
04-18 18:47:14.559   216   216 I SurfaceFlinger: SurfaceFlinger's main thread ready to run. Initializing graphics H/W...
04-18 18:47:14.578   216   216 D vndksupport: Loading /vendor/lib/egl/libEGL_tegra.so from current namespace instead of sphal namespace.
04-18 18:47:14.602   256   256 I /system/bin/tombstoned: tombstoned successfully initialized
04-18 18:47:14.667   216   216 D libEGL  : loaded /vendor/lib/egl/libEGL_tegra.so
04-18 18:47:14.669   216   216 D vndksupport: Loading /vendor/lib/egl/libGLESv1_CM_tegra.so from current namespace instead of sphal namespace.
04-18 18:47:14.705   253   253 I wificond: wificond is starting up...
04-18 18:47:14.724   233   233 I mediaserver: ServiceManager: 0xa94198e0
04-18 18:47:14.756   255   255 I gatekeeperd: Starting gatekeeperd...
04-18 18:47:14.762   176   176 W /system/bin/hwservicemanager: getTransport: Cannot find entry android.hardware.gatekeeper@1.0::IGatekeeper/default in either framework or device manifest.
04-18 18:47:14.764   255   255 W gatekeeperd: falling back to software GateKeeper
04-18 18:47:14.807   254   254 I /vendor/bin/hw/android.hardware.media.omx@1.0-service: mediacodecservice starting
04-18 18:47:14.812   254   254 W /vendor/bin/hw/android.hardware.media.omx@1.0-service: libminijail[254]: allowing syscall: clock_gettime
04-18 18:47:14.812   254   254 W /vendor/bin/hw/android.hardware.media.omx@1.0-service: libminijail[254]: allowing syscall: connect
04-18 18:47:14.812   254   254 W /vendor/bin/hw/android.hardware.media.omx@1.0-service: libminijail[254]: allowing syscall: fcntl64
04-18 18:47:14.812   254   254 W /vendor/bin/hw/android.hardware.media.omx@1.0-service: libminijail[254]: allowing syscall: socket
04-18 18:47:14.812   254   254 W /vendor/bin/hw/android.hardware.media.omx@1.0-service: libminijail[254]: allowing syscall: writev
04-18 18:47:14.813   254   254 W /vendor/bin/hw/android.hardware.media.omx@1.0-service: libminijail[254]: logging seccomp filter failures
04-18 18:47:14.814   254   254 I /vendor/bin/hw/android.hardware.media.omx@1.0-service: Non-Treble OMX service created.
04-18 18:47:14.835   216   216 D libEGL  : loaded /vendor/lib/egl/libGLESv1_CM_tegra.so
04-18 18:47:14.855   246   246 I mediametrics: ServiceManager: 0xb0b99920
04-18 18:47:14.855   246   246 D MediaAnalyticsService: MediaAnalyticsService created
04-18 18:47:14.855   246   246 D MediaAnalyticsService: MediaAnalyticsService::newSummarizerSet
04-18 18:47:14.864   216   216 D vndksupport: Loading /vendor/lib/egl/libGLESv2_tegra.so from current namespace instead of sphal namespace.
04-18 18:47:14.875   216   216 D libEGL  : loaded /vendor/lib/egl/libGLESv2_tegra.so
04-18 18:47:14.933   229   229 I FastMixerState: sMaxFastTracks = 8
04-18 18:47:14.956   229   229 I audioserver: ServiceManager: 0xb3b19880
04-18 18:47:14.957   229   229 W BatteryNotifier: batterystats service unavailable!
04-18 18:47:14.974   229   229 D vndksupport: Loading /vendor/lib/hw/android.hardware.audio@2.0-impl.so from current namespace instead of sphal namespace.
04-18 18:47:14.981   229   229 D vndksupport: Loading /vendor/lib/hw/android.hardware.audio.effect@2.0-impl.so from current namespace instead of sphal namespace.
04-18 18:47:14.994   237   237 V MediaUtils: physMem: 2026549248
04-18 18:47:14.994   237   237 V MediaUtils: requested limit: 405309840
04-18 18:47:14.994   237   237 V MediaUtils: actual limit: 405309840
04-18 18:47:14.994   237   237 V MediaUtils: original limits: 4294967295/4294967295
04-18 18:47:14.994   237   237 V MediaUtils: new limits: 405309840/4294967295
04-18 18:47:14.994   237   237 D vndksupport: Loading libutils.so from current namespace instead of sphal namespace.
04-18 18:47:14.996   237   237 W /system/bin/mediaextractor: libminijail[237]: allowing syscall: clock_gettime
04-18 18:47:14.996   237   237 W /system/bin/mediaextractor: libminijail[237]: allowing syscall: connect
04-18 18:47:14.996   237   237 W /system/bin/mediaextractor: libminijail[237]: allowing syscall: fcntl64
04-18 18:47:14.996   237   237 W /system/bin/mediaextractor: libminijail[237]: allowing syscall: socket
04-18 18:47:14.997   237   237 W /system/bin/mediaextractor: libminijail[237]: allowing syscall: writev
04-18 18:47:14.997   237   237 W /system/bin/mediaextractor: libminijail[237]: logging seccomp filter failures
04-18 18:47:15.000   229   229 I AudioFlinger: Using default 3000 mSec as standby time.
04-18 18:47:15.008   229   229 E APM::Serializer: deserialize: Could not parse /odm/etc/audio_policy_configuration.xml document.
04-18 18:47:15.008   229   229 E APM::Serializer: deserialize: Could not parse /vendor/etc/audio/audio_policy_configuration.xml document.
04-18 18:47:15.009   229   229 E APM::Serializer: deserialize: Could not parse /vendor/etc/audio_policy_configuration.xml document.
04-18 18:47:15.009   229   229 E APM::Serializer: deserialize: Could not parse /system/etc/audio_policy_configuration.xml document.
04-18 18:47:15.009   229   229 E APM_AudioPolicyManager: could not load audio policy configuration file, setting defaults
04-18 18:47:15.027   216   216 D vndksupport: Loading /vendor/lib/hw/gralloc.tegra.so from current namespace instead of sphal namespace.
04-18 18:47:15.030   216   216 D NvOsDebugPrintf: NvRmPrivGetChipPlatform: Could not read platform information 
04-18 18:47:15.030   216   216 D NvOsDebugPrintf: Expected on kernels without fuse support, using silicon
04-18 18:47:15.042   252   296 I ServiceManager: Waiting for service package_native...
04-18 18:47:15.054   216   216 I /system/bin/surfaceflinger: android::hardware::configstore::V1_0::ISurfaceFlingerConfigs::hasWideColorDisplay retrieved: 0
04-18 18:47:15.056   216   216 D vndksupport: Loading /vendor/lib/hw/gralloc.tegra.so from current namespace instead of sphal namespace.
04-18 18:47:15.057   216   216 D vndksupport: Loading /vendor/lib/hw/hwcomposer.tegra.so from current namespace instead of sphal namespace.
04-18 18:47:15.061   229   229 W tiny_hal_config: Control 'Left Spk Reg Addr' not found
04-18 18:47:15.061   229   229 W tiny_hal_config: Control 'Left Spk Reg Value' not found
04-18 18:47:15.061   229   229 W tiny_hal_config: Control 'Left Spk Reg Addr' not found
04-18 18:47:15.061   229   229 W tiny_hal_config: Control 'Left Spk Reg Value' not found
04-18 18:47:15.061   229   229 W tiny_hal_config: Control 'Left Spk Reg Addr' not found
04-18 18:47:15.061   229   229 W tiny_hal_config: Control 'Left Spk Reg Value' not found
04-18 18:47:15.061   229   229 W tiny_hal_config: Control 'Right Spk Reg Addr' not found
04-18 18:47:15.061   229   229 W tiny_hal_config: Control 'Right Spk Reg Value' not found
04-18 18:47:15.061   229   229 W tiny_hal_config: Control 'Right Spk Reg Addr' not found
04-18 18:47:15.061   229   229 W tiny_hal_config: Control 'Right Spk Reg Value' not found
04-18 18:47:15.061   229   229 W tiny_hal_config: Control 'Right Spk Reg Addr' not found
04-18 18:47:15.061   229   229 W tiny_hal_config: Control 'Right Spk Reg Value' not found
04-18 18:47:15.061   229   229 W tiny_hal_config: Control 'Left Spk Safeguard Threshold' not found
04-18 18:47:15.061   229   229 W tiny_hal_config: Control 'Right Spk Safeguard Threshold' not found
04-18 18:47:15.061   229   229 W tiny_hal_config: Control 'Left Spk Boot Patch' not found
04-18 18:47:15.061   229   229 W tiny_hal_config: Control 'Right Spk Boot Patch' not found
04-18 18:47:15.061   229   229 W tiny_hal_config: Control 'Left Spk ROM Patch' not found
04-18 18:47:15.062   229   229 W tiny_hal_config: Control 'Right Spk ROM Patch' not found
04-18 18:47:15.062   229   229 W tiny_hal_config: Control 'Left Spk Speaker File' not found
04-18 18:47:15.062   229   229 W tiny_hal_config: Control 'Right Spk Speaker File' not found
04-18 18:47:15.062   229   229 W tiny_hal_config: Control 'Left Spk Config File' not found
04-18 18:47:15.062   229   229 W tiny_hal_config: Control 'Right Spk Config File' not found
04-18 18:47:15.062   229   229 W tiny_hal_config: Control 'Left Spk Preset File' not found
04-18 18:47:15.062   229   229 W tiny_hal_config: Control 'Right Spk Preset File' not found
04-18 18:47:15.062   229   229 W tiny_hal_config: Control 'Left Spk Equalizer File' not found
04-18 18:47:15.062   229   229 W tiny_hal_config: Control 'Right Spk Equalizer File' not found
04-18 18:47:15.063   229   229 W tiny_hal_config: Control 'Left Spk Reg Addr' not found
04-18 18:47:15.063   229   229 E tiny_hal_config: -get_named_stream no suitable stream
04-18 18:47:15.063   229   229 W DeviceHAL: Device 0xb3b390c0 set_master_volume: Function not implemented
04-18 18:47:15.063   229   229 I AudioFlinger: loadHwModule() Loaded primary audio interface, handle 10
04-18 18:47:15.063   229   229 I AudioFlinger: openOutput() this 0xb3b3d000, module 10 Device 2, SamplingRate 44100, Format 0x000001, Channels 3, flags 2
04-18 18:47:15.078   229   229 W tiny_hal_config: Control 'Left Spk Preset File' not found
04-18 18:47:15.080   229   229 I AudioFlinger: HAL output buffer size 256 frames, normal sink buffer size 768 frames
04-18 18:47:15.081   229   229 D vndksupport: Loading /vendor/lib/hw/android.hardware.audio.effect@2.0-impl.so from current namespace instead of sphal namespace.
04-18 18:47:15.084   216   216 D vndksupport: Loading /vendor/lib/hw/gralloc.tegra.so from current namespace instead of sphal namespace.
04-18 18:47:15.085   216   216 D hwcomposer: cursor_async set to: 1
04-18 18:47:15.085   216   216 D hwcomposer: didim_enable set to: 1
04-18 18:47:15.085   216   216 D hwcomposer: didim_normal set to: 3
04-18 18:47:15.085   216   216 D hwcomposer: didim_video set to: 5
04-18 18:47:15.085   216   216 W hwcomposer: Invalid display_resolution property: ""
04-18 18:47:15.085   216   216 D hwcomposer: HDMI preferred resolution set to: Auto
04-18 18:47:15.085   216   216 D hwcomposer: Composite policy set to: auto
04-18 18:47:15.085   216   216 D hwcomposer: composite_fallback set to: 1
04-18 18:47:15.085   216   216 D hwcomposer: Overriding minimum_fps, new value = 8
04-18 18:47:15.085   216   216 D hwcomposer: imp_enable set to: 1
04-18 18:47:15.086   216   216 D vndksupport: Loading /vendor/lib/hw/gralloc.tegra.so from current namespace instead of sphal namespace.
04-18 18:47:15.086   216   216 D hwcomposer: Display 0: found 1 modes
04-18 18:47:15.086   216   216 D hwcomposer: unmatched: 1536 x 2048 @ 59.96 Hz
04-18 18:47:15.086   216   216 D hwcomposer: display type 0: vblank period = 16677577 ns
04-18 18:47:15.086   216   216 D hwcomposer: dc_blank: display 0, [-1 -> 1]
04-18 18:47:15.123   229   229 I BufferProvider: found effect "Multichannel Downmix To Stereo" from The Android Open Source Project
04-18 18:47:15.123   229   229 I AudioFlinger: Using module 10 as the primary audio interface
04-18 18:47:15.124   229   229 W AudioFlinger: moveEffects() bad srcOutput 0
04-18 18:47:15.124   229   311 I AudioFlinger: AudioFlinger's thread 0xb2b83740 tid=311 ready to run
04-18 18:47:15.124   229   311 W AudioFlinger: no wake lock to update, system not ready yet
--------- beginning of crash
04-18 18:47:15.125   229   229 F libc    : Fatal signal 11 (SIGSEGV), code 1, fault addr 0xc in tid 229 (audioserver), pid 229 (audioserver)
04-18 18:47:15.127   249   249 I mediaserver: ServiceManager: 0xae919980
04-18 18:47:15.127   249   249 W BatteryNotifier: batterystats service unavailable!
04-18 18:47:15.128   249   249 I CameraService: CameraService started (pid=249)
04-18 18:47:15.128   249   249 I CameraService: CameraService process starting
04-18 18:47:15.128   249   249 W BatteryNotifier: batterystats service unavailable!
04-18 18:47:15.129   249   249 W BatteryNotifier: batterystats service unavailable!
04-18 18:47:15.137   176   176 W /system/bin/hwservicemanager: getTransport: Cannot find entry android.hardware.camera.provider@2.4::ICameraProvider/legacy/0 in either framework or device manifest.
04-18 18:47:15.200   321   321 I crash_dump32: obtaining output fd from tombstoned, type: kDebuggerdTombstone
04-18 18:47:15.201   256   256 I /system/bin/tombstoned: received crash request for pid 229
04-18 18:47:15.203   321   321 I crash_dump32: performing dump of process 229 (target tid = 229)
04-18 18:47:15.204   321   321 F DEBUG   : *** *** *** *** *** *** *** *** *** *** *** *** *** *** *** ***
04-18 18:47:15.204   321   321 F DEBUG   : Build fingerprint: 'Xiaomi/carbon_mocha/mocha:5.1.1/LMY49J/7fd38a3d2b:user/release-keys'
04-18 18:47:15.204   321   321 F DEBUG   : Revision: '0'
04-18 18:47:15.204   321   321 F DEBUG   : ABI: 'arm'
04-18 18:47:15.204   321   321 F DEBUG   : pid: 229, tid: 229, name: audioserver  >>> /system/bin/audioserver <<<
04-18 18:47:15.204   321   321 F DEBUG   : signal 11 (SIGSEGV), code 1 (SEGV_MAPERR), fault addr 0xc
04-18 18:47:15.204   321   321 F DEBUG   : Cause: null pointer dereference
04-18 18:47:15.204   321   321 F DEBUG   :     r0 d8d4a9ab  r1 00000000  r2 00000000  r3 00000001
04-18 18:47:15.204   321   321 F DEBUG   :     r4 00000000  r5 b3b04514  r6 00000000  r7 b416d4d9
04-18 18:47:15.204   321   321 F DEBUG   :     r8 00000002  r9 00000000  sl befeec08  fp 00000000
04-18 18:47:15.204   321   321 F DEBUG   :     ip b417be3c  sp befeeb18  lr b416d83d  pc b416cd02  cpsr 60010030
04-18 18:47:15.239   321   321 F DEBUG   : 
04-18 18:47:15.239   321   321 F DEBUG   : backtrace:
04-18 18:47:15.239   321   321 F DEBUG   :     #00 pc 00032d02  /system/lib/libaudiopolicymanagerdefault.so (android::VolumeCurve::volIndexToDb(int, int, int) const+21)
04-18 18:47:15.239   321   321 F DEBUG   :     #01 pc 00033839  /system/lib/libaudiopolicymanagerdefault.so (android::VolumeCurvesForStream::volIndexToDb(device_category, int) const+36)
04-18 18:47:15.239   321   321 F DEBUG   :     #02 pc 000334f9  /system/lib/libaudiopolicymanagerdefault.so (android::VolumeCurvesCollection::volIndexToDb(audio_stream_type_t, device_category, int) const+32)
04-18 18:47:15.239   321   321 F DEBUG   :     #03 pc 00027aeb  /system/lib/libaudiopolicymanagerdefault.so (android::AudioPolicyManager::computeVolume(audio_stream_type_t, int, unsigned int)+118)
04-18 18:47:15.239   321   321 F DEBUG   :     #04 pc 00027d27  /system/lib/libaudiopolicymanagerdefault.so (android::AudioPolicyManager::checkAndSetVolume(audio_stream_type_t, int, android::sp<android::AudioOutputDescriptor> const&, unsigned int, int, bool)+118)
04-18 18:47:15.239   321   321 F DEBUG   :     #05 pc 000278a5  /system/lib/libaudiopolicymanagerdefault.so (android::AudioPolicyManager::setOutputDevice(android::sp<android::AudioOutputDescriptor> const&, unsigned int, bool, int, int*, char const*)+1284)
04-18 18:47:15.240   321   321 F DEBUG   :     #06 pc 000255f1  /system/lib/libaudiopolicymanagerdefault.so (android::AudioPolicyManager::AudioPolicyManager(android::AudioPolicyClientInterface*)+1380)
04-18 18:47:15.240   321   321 F DEBUG   :     #07 pc 0000084f  /system/lib/libaudiopolicymanager.so (createAudioPolicyManager+14)
04-18 18:47:15.240   321   321 F DEBUG   :     #08 pc 0000509b  /system/lib/libaudiopolicyservice.so (android::AudioPolicyService::onFirstRef()+274)
04-18 18:47:15.240   321   321 F DEBUG   :     #09 pc 000018f5  /system/bin/audioserver (android::BinderService<android::AudioPolicyService>::publish(bool)+68)
04-18 18:47:15.240   321   321 F DEBUG   :     #10 pc 000014fb  /system/bin/audioserver (main+466)
04-18 18:47:15.240   321   321 F DEBUG   :     #11 pc 0007ad35  /system/lib/libc.so (__libc_init+48)
04-18 18:47:15.240   321   321 F DEBUG   :     #12 pc 00001224  /system/bin/audioserver (_start_main+92)
04-18 18:47:15.442   216   216 D hwcomposer: Setting vblank display to Internal, new vblank period 16677577 ns
04-18 18:47:15.531   216   216 E hwcomposer: failed to load libnvcap_video.so: dlopen failed: cannot locate symbol "_ZN7android13GraphicBufferC1EP19ANativeWindowBufferb" referenced by "/system/vendor/lib/libnvomxadaptor.so"...
04-18 18:47:15.578   194   194 D Zygote  : begin preload
04-18 18:47:15.578   194   194 I Zygote  : Installing ICU cache reference pinning...
04-18 18:47:15.578   194   194 I Zygote  : Preloading ICU data...
04-18 18:47:15.597   216   216 D hwcomposer: Display 0 layer clip is 1536 x 2048
04-18 18:47:15.597   216   216 D hwcomposer: Display 0 device clip is 1536 x 2048
04-18 18:47:15.622   216   216 I surfaceflinger: type=1400 audit(0.0:59): avc: denied { create } for name="fc0" scontext=u:r:surfaceflinger:s0 tcontext=u:object_r:surfaceflinger_tmpfs:s0 tclass=file permissive=1
04-18 18:47:15.623   216   216 I surfaceflinger: type=1400 audit(0.0:60): avc: denied { open } for path="/mnt/tmp/fc0" dev="tmpfs" ino=14422 scontext=u:r:surfaceflinger:s0 tcontext=u:object_r:surfaceflinger_tmpfs:s0 tclass=file permissive=1
04-18 18:47:15.625   216   216 I SurfaceFlinger: Using composer version 1.1
04-18 18:47:15.625   216   216 D hwcomposer: config[0].x = 1536
04-18 18:47:15.625   216   216 D hwcomposer: config[0].y = 2048
04-18 18:47:15.625   216   216 D hwcomposer: config[0].x = 1536
04-18 18:47:15.625   216   216 D hwcomposer: config[0].y = 2048
04-18 18:47:15.625   216   216 W SurfaceFlinger: no suitable EGLConfig found, trying a simpler query
04-18 18:47:15.625   216   216 I SurfaceFlinger: EGL information:
04-18 18:47:15.625   216   216 I SurfaceFlinger: vendor    : Android
04-18 18:47:15.625   216   216 I SurfaceFlinger: version   : 1.4 Android META-EGL
04-18 18:47:15.625   216   216 I SurfaceFlinger: extensions: EGL_KHR_get_all_proc_addresses EGL_ANDROID_presentation_time EGL_KHR_swap_buffers_with_damage EGL_ANDROID_get_native_client_buffer EGL_ANDROID_front_buffer_auto_refresh EGL_ANDROID_get_frame_timestamps EGL_KHR_image EGL_KHR_image_base EGL_KHR_gl_texture_2D_image EGL_KHR_gl_texture_cubemap_image EGL_KHR_gl_renderbuffer_image EGL_KHR_reusable_sync EGL_KHR_fence_sync EGL_KHR_create_context EGL_KHR_config_attribs EGL_KHR_surfaceless_context EGL_KHR_stream EGL_KHR_stream_fifo EGL_KHR_stream_producer_eglsurface EGL_KHR_stream_consumer_gltexture EGL_EXT_create_context_robustness EGL_NV_system_time EGL_ANDROID_image_native_buffer EGL_KHR_wait_sync EGL_ANDROID_recordable EGL_EXT_buffer_age EGL_IMG_context_priority 
04-18 18:47:15.625   216   216 I SurfaceFlinger: Client API: OpenGL_ES
04-18 18:47:15.625   216   216 I SurfaceFlinger: EGLSurface: 8-8-8-8, config=0xcaf32b
04-18 18:47:15.673   194   194 D Zygote32Timing: BeginIcuCachePinning took to complete: 95ms
04-18 18:47:15.673   194   194 I Zygote  : Preloading classes...
04-18 18:47:15.698   321   321 E crash_dump32: unable to connect to activity manager: Connection refused
04-18 18:47:15.700   256   256 E /system/bin/tombstoned: Tombstone written to: /data/tombstones/tombstone_34
04-18 18:47:15.710   175   175 I ServiceManager: service 'media.audio_flinger' died
04-18 18:47:15.733   216   216 I SurfaceFlinger: OpenGL ES informations:
04-18 18:47:15.733   216   216 I SurfaceFlinger: vendor    : NVIDIA Corporation
04-18 18:47:15.733   216   216 I SurfaceFlinger: renderer  : NVIDIA Tegra
04-18 18:47:15.733   216   216 I SurfaceFlinger: version   : OpenGL ES 3.1 NVIDIA 343.00
04-18 18:47:15.733   216   216 I SurfaceFlinger: extensions: GL_EXT_debug_marker GL_EXT_blend_minmax GL_EXT_color_buffer_float GL_EXT_color_buffer_half_float GL_EXT_copy_image GL_EXT_debug_label GL_EXT_draw_buffers_indexed GL_EXT_frag_depth GL_EXT_geometry_point_size GL_EXT_geometry_shader GL_EXT_gpu_shader5 GL_EXT_map_buffer_range GL_EXT_occlusion_query_boolean GL_EXT_primitive_bounding_box GL_EXT_robustness GL_EXT_separate_shader_objects GL_EXT_shader_implicit_conversions GL_EXT_shader_integer_mix GL_EXT_shader_io_blocks GL_EXT_shadow_samplers GL_EXT_sRGB GL_EXT_sRGB_write_control GL_EXT_tessellation_point_size GL_EXT_tessellation_shader GL_EXT_texture_border_clamp GL_EXT_texture_buffer GL_EXT_texture_compression_dxt1 GL_EXT_texture_compression_s3tc GL_EXT_texture_cube_map_array GL_EXT_texture_filter_anisotropic GL_EXT_texture_format_BGRA8888 GL_EXT_texture_rg GL_EXT_texture_sRGB_decode GL_EXT_texture_storage GL_EXT_texture_view GL_EXT_unpack_subimage GL_KHR_debug GL_KHR_texture_compression_astc_ldr GL_NV_bgr GL_NV_bindless_texture GL_NV_blend_equation_a
04-18 18:47:15.733   216   216 I SurfaceFlinger: GL_MAX_TEXTURE_SIZE = 16384
04-18 18:47:15.733   216   216 I SurfaceFlinger: GL_MAX_VIEWPORT_DIMS = 16384
04-18 18:47:15.737   216   216 D vndksupport: Loading /vendor/lib/hw/android.hardware.graphics.mapper@2.0-impl.so from current namespace instead of sphal namespace.
04-18 18:47:15.741   216   216 D vndksupport: Loading /vendor/lib/hw/gralloc.tegra.so from current namespace instead of sphal namespace.
04-18 18:47:15.743   216   216 D vndksupport: Loading /vendor/lib/hw/android.hardware.graphics.allocator@2.0-impl.so from current namespace instead of sphal namespace.
04-18 18:47:15.745   216   216 D vndksupport: Loading /vendor/lib/hw/gralloc.tegra.so from current namespace instead of sphal namespace.
04-18 18:47:15.758   216   216 D vndksupport: Loading /vendor/lib/hw/gralloc.tegra.so from current namespace instead of sphal namespace.
04-18 18:47:15.973   216   216 D SurfaceFlinger: shader cache generated - 24 shaders in 190.665253 ms
04-18 18:47:15.974   216   216 D SurfaceFlinger: Set power mode=2, type=0 flinger=0xb51d1000
04-18 18:47:15.974   216   216 D hwcomposer: hwc_blank: display 0: unblank
04-18 18:47:15.974   216   216 D hwcomposer: hwc_blank_display: display 0: [1 -> 0]
04-18 18:47:15.974   216   216 D hwcomposer: Display 0 layer clip is 1536 x 2048
04-18 18:47:15.974   216   216 D hwcomposer: Display 0 device clip is 1536 x 2048
04-18 18:47:15.974   216   216 D hwcomposer: dc_blank: display 0, [1 -> 0]
04-18 18:47:16.042   252   296 I ServiceManager: Waiting for service package_native...
04-18 18:47:16.074   194   194 E ActivityRecognitionHardware: activity_recognition HAL is deprecated. class_init is effectively a no-op
04-18 18:47:16.112   194   194 W Zygote  : Class not found for preloading: android.icu.impl.number.Parse
04-18 18:47:16.120   194   194 I zygote  : Thread[1,tid=194,Native,Thread*=0xb2004000,peer=0x12c01d20,"main"] recursive attempt to load library "/system/lib/libmedia_jni.so"
04-18 18:47:16.120   194   194 D MtpDeviceJNI: register_android_mtp_MtpDevice
04-18 18:47:16.121   194   194 I zygote  : Thread[1,tid=194,Native,Thread*=0xb2004000,peer=0x12c01d20,"main"] recursive attempt to load library "/system/lib/libmedia_jni.so"
04-18 18:47:16.121   194   194 I zygote  : Thread[1,tid=194,Native,Thread*=0xb2004000,peer=0x12c01d20,"main"] recursive attempt to load library "/system/lib/libmedia_jni.so"
04-18 18:47:16.207   194   194 I Zygote  : ...preloaded 4715 classes in 534ms.
04-18 18:47:16.207   194   194 I zygote  : VMRuntime.preloadDexCaches starting
