04-18 18:47:16.253   194   194 I zygote  : VMRuntime.preloadDexCaches strings total=316552 before=10272 after=10272
04-18 18:47:16.253   194   194 I zygote  : VMRuntime.preloadDexCaches types total=26840 before=5531 after=5534
04-18 18:47:16.253   194   194 I zygote  : VMRuntime.preloadDexCaches fields total=128233 before=5514 after=5544
04-18 18:47:16.253   194   194 I zygote  : VMRuntime.preloadDexCaches methods total=227106 before=9986 after=9986
04-18 18:47:16.253   194   194 I zygote  : VMRuntime.preloadDexCaches finished
04-18 18:47:16.253   194   194 D Zygote32Timing: PreloadClasses took to complete: 580ms
04-18 18:47:16.425   371   393 D vndksupport: Loading /vendor/lib/egl/libEGL_tegra.so from current namespace instead of sphal namespace.
04-18 18:47:16.435   371   393 D libEGL  : loaded /vendor/lib/egl/libEGL_tegra.so
04-18 18:47:16.436   371   393 D vndksupport: Loading /vendor/lib/egl/libGLESv1_CM_tegra.so from current namespace instead of sphal namespace.
04-18 18:47:16.483   371   393 D libEGL  : loaded /vendor/lib/egl/libGLESv1_CM_tegra.so
04-18 18:47:16.488   194   194 I Zygote  : Preloading resources...
04-18 18:47:16.507   371   393 D vndksupport: Loading /vendor/lib/egl/libGLESv2_tegra.so from current namespace instead of sphal namespace.
04-18 18:47:16.508   371   393 D libEGL  : loaded /vendor/lib/egl/libGLESv2_tegra.so
04-18 18:47:16.513   194   194 W Resources: Preloaded drawable resource #0x1080266 (android:drawable/dialog_background_material) that varies with configuration!!
04-18 18:47:16.530   194   194 I Zygote  : ...preloaded 64 resources in 41ms.
04-18 18:47:16.533   194   194 W Resources: Preloaded color resource #0x1060054 (android:color/btn_default_material_dark) that varies with configuration!!
04-18 18:47:16.534   194   194 I Zygote  : ...preloaded 41 resources in 5ms.
04-18 18:47:16.535   371   371 I BootAnimation: type=1400 audit(0.0:61): avc: denied { search } for name="soc0" dev="sysfs" ino=244 scontext=u:r:bootanim:s0 tcontext=u:object_r:sysfs_soc:s0 tclass=dir permissive=1
04-18 18:47:16.535   371   371 I BootAnimation: type=1400 audit(0.0:62): avc: denied { read } for name="family" dev="sysfs" ino=247 scontext=u:r:bootanim:s0 tcontext=u:object_r:sysfs_soc:s0 tclass=file permissive=1
04-18 18:47:16.535   371   371 I BootAnimation: type=1400 audit(0.0:63): avc: denied { open } for path="/sys/devices/soc0/family" dev="sysfs" ino=247 scontext=u:r:bootanim:s0 tcontext=u:object_r:sysfs_soc:s0 tclass=file permissive=1
04-18 18:47:16.535   371   371 I BootAnimation: type=1400 audit(0.0:64): avc: denied { getattr } for path="/sys/devices/soc0/family" dev="sysfs" ino=247 scontext=u:r:bootanim:s0 tcontext=u:object_r:sysfs_soc:s0 tclass=file permissive=1
04-18 18:47:16.535   194   194 I Zygote  : ...preloaded 2 resource in 1ms.
04-18 18:47:16.535   194   194 D Zygote32Timing: PreloadResources took to complete: 283ms
04-18 18:47:16.536   194   194 D vndksupport: Loading /vendor/lib/hw/android.hardware.graphics.mapper@2.0-impl.so from current namespace instead of sphal namespace.
04-18 18:47:16.538   194   194 I Zygote  : Preloading shared libraries...
04-18 18:47:16.547   371   393 D vndksupport: Loading /vendor/lib/hw/gralloc.tegra.so from current namespace instead of sphal namespace.
04-18 18:47:16.549   371   393 D NvOsDebugPrintf: NvRmPrivGetChipPlatform: Could not read platform information 
04-18 18:47:16.549   371   393 D NvOsDebugPrintf: Expected on kernels without fuse support, using silicon
04-18 18:47:16.552   371   393 I /system/bin/bootanimation: android::hardware::configstore::V1_0::ISurfaceFlingerConfigs::hasWideColorDisplay retrieved: 0
04-18 18:47:16.565   194   194 I Zygote  : Uninstalled ICU cache reference pinning...
04-18 18:47:16.567   371   393 D vndksupport: Loading /vendor/lib/hw/android.hardware.graphics.mapper@2.0-impl.so from current namespace instead of sphal namespace.
04-18 18:47:16.567   194   194 I Zygote  : Installed AndroidKeyStoreProvider in 2ms.
04-18 18:47:16.568   371   393 D vndksupport: Loading /vendor/lib/hw/gralloc.tegra.so from current namespace instead of sphal namespace.
04-18 18:47:16.573   194   194 I Zygote  : Warmed up JCA providers in 7ms.
04-18 18:47:16.573   194   194 D Zygote  : end preload
04-18 18:47:16.573   194   194 D Zygote32Timing: ZygotePreload took to complete: 996ms
04-18 18:47:16.575   371   393 D NvOsDebugPrintf: WARNING: Couldn't find glCurrentPaletteMatrixOES in procAddrs table
04-18 18:47:16.575   371   393 D NvOsDebugPrintf: WARNING: Couldn't find glLoadPaletteFromModelViewMatrixOES in procAddrs table
04-18 18:47:16.575   371   393 D NvOsDebugPrintf: WARNING: Couldn't find glMatrixIndexPointerOES in procAddrs table
04-18 18:47:16.575   371   393 D NvOsDebugPrintf: WARNING: Couldn't find glWeightPointerOES in procAddrs table
04-18 18:47:16.596   194   194 I zygote  : Explicit concurrent copying GC freed 29335(2MB) AllocSpace objects, 25(476KB) LOS objects, 80% free, 1519KB/7MB, paused 50us total 22.516ms
04-18 18:47:16.612   194   194 I zygote  : Explicit concurrent copying GC freed 5481(200KB) AllocSpace objects, 0(0B) LOS objects, 81% free, 1350KB/7MB, paused 20us total 11.315ms
04-18 18:47:16.612   194   194 D Zygote32Timing: PostZygoteInitGC took to complete: 38ms
04-18 18:47:16.612   194   194 D Zygote32Timing: ZygoteInit took to complete: 1034ms
04-18 18:47:16.613   194   194 I         : seccomp disabled by setenforce 0
04-18 18:47:16.614   371   393 D vndksupport: Loading /vendor/lib/hw/gralloc.tegra.so from current namespace instead of sphal namespace.
04-18 18:47:16.699   371   393 D BootAnimation: BootAnimationShownTiming start time: 78688ms
04-18 18:47:16.732   194   194 I Zygote  : System server process 414 has been created
04-18 18:47:16.735   194   194 I Zygote  : Accepting command socket connections
04-18 18:47:16.871   414   414 I system_server: type=1400 audit(0.0:65): avc: denied { execute } for path="/data/dalvik-cache/arm/system@framework@services.jar@classes.dex" dev="mmcblk0p29" ino=229382 scontext=u:r:system_server:s0 tcontext=u:object_r:dalvikcache_data_file:s0 tclass=file permissive=1
04-18 18:47:16.875   414   414 W zygote  : ClassLoaderContext size mismatch. expected=1, actual=2 (PCL[] | PCL[];PCL[])
04-18 18:47:16.902   414   414 W zygote  : ClassLoaderContext size mismatch. expected=1, actual=2 (PCL[services.jar*4094183988] | PCL[/system/framework/services.jar*4094183988];PCL[])
04-18 18:47:16.905   414   414 W zygote  : ClassLoaderContext size mismatch. expected=1, actual=2 (PCL[services.jar*4094183988:ethernet-service.jar*247114842] | PCL[/system/framework/services.jar*4094183988:/system/framework/ethernet-service.jar*247114842];PCL[])
04-18 18:47:16.908   414   414 W zygote  : ClassLoaderContext size mismatch. expected=1, actual=2 (PCL[services.jar*4094183988:ethernet-service.jar*247114842:wifi-service.jar*1730502638] | PCL[/system/framework/services.jar*4094183988:/system/framework/ethernet-service.jar*247114842:/system/framework/wifi-service.jar*1730502638];PCL[])
04-18 18:47:16.935   414   414 I SystemServer: InitBeforeStartServices
04-18 18:47:16.935   414   414 I SystemServer: Entered the Android system server!
04-18 18:47:17.043   252   296 I ServiceManager: Waiting for service package_native...
04-18 18:47:17.177   414   414 D SystemServerTiming: InitBeforeStartServices took to complete: 241ms
04-18 18:47:17.177   414   414 I SystemServer: StartServices
04-18 18:47:17.177   414   414 I SystemServer: Reading configuration...
04-18 18:47:17.177   414   414 I SystemServer: ReadingSystemConfig
04-18 18:47:17.178   414   414 D SystemServerTiming: ReadingSystemConfig took to complete: 1ms
04-18 18:47:17.178   414   414 I SystemServer: StartInstaller
04-18 18:47:17.178   414   450 D SystemServerInitThreadPool: Started executing ReadingSystemConfig
04-18 18:47:17.188   414   414 I SystemServiceManager: Starting com.android.server.pm.Installer
04-18 18:47:17.202   414   414 D SystemServerTiming: StartInstaller took to complete: 24ms
04-18 18:47:17.202   414   414 I SystemServer: DeviceIdentifiersPolicyService
04-18 18:47:17.202   414   414 I SystemServiceManager: Starting com.android.server.os.DeviceIdentifiersPolicyService
04-18 18:47:17.203   414   414 D SystemServerTiming: DeviceIdentifiersPolicyService took to complete: 2ms
04-18 18:47:17.204   414   414 I SystemServer: StartActivityManager
04-18 18:47:17.204   414   414 I SystemServiceManager: Starting com.android.server.am.ActivityManagerService$Lifecycle
04-18 18:47:17.223   414   414 I ActivityManager: Memory class: 192
04-18 18:47:17.225   414   454 I ServiceThread: Enabled StrictMode logging for ActivityManager looper.
04-18 18:47:17.227   414   455 I ServiceThread: Enabled StrictMode logging for android.ui looper.
04-18 18:47:17.244   414   450 D SystemServerInitThreadPool: Finished executing ReadingSystemConfig
04-18 18:47:17.256   414   414 D BatteryStatsImpl: Reading daily items from /data/system/batterystats-daily.xml
04-18 18:47:17.268   414   458 E BluetoothAdapter: Bluetooth binder is null
04-18 18:47:17.270   414   458 E BatteryExternalStatsWorker: no controller energy info supplied for telephony
04-18 18:47:17.272   414   458 E KernelUidCpuFreqTimeReader: Failed to read /proc/uid_time_in_state: java.io.FileNotFoundException: /proc/uid_time_in_state (No such file or directory)
04-18 18:47:17.274   414   458 W KernelMemoryBandwidthStats: No kernel memory bandwidth stats available
04-18 18:47:17.276   414   458 I PowerManagerService-JNI: Loaded power HAL service
04-18 18:47:17.343   414   414 D vndksupport: Loading /vendor/lib/hw/android.hardware.memtrack@1.0-impl.so from current namespace instead of sphal namespace.
04-18 18:47:17.349   414   414 D vndksupport: Loading /vendor/lib/hw/memtrack.tegra.so from current namespace instead of sphal namespace.
04-18 18:47:17.350   414   414 I system_server: type=1400 audit(0.0:66): avc: denied { read } for name="nvmap" dev="debugfs" ino=5433 scontext=u:r:system_server:s0 tcontext=u:object_r:debugfs:s0 tclass=dir permissive=1
04-18 18:47:17.350   414   414 I system_server: type=1400 audit(0.0:67): avc: denied { open } for path="/sys/kernel/debug/nvmap" dev="debugfs" ino=5433 scontext=u:r:system_server:s0 tcontext=u:object_r:debugfs:s0 tclass=dir permissive=1
04-18 18:47:17.371   414   414 I IntentFirewall: Read new rules (A:0 B:0 S:0)
04-18 18:47:17.377   414   468 I ServiceThread: Enabled StrictMode logging for android.display looper.
04-18 18:47:17.379   414   414 W system_server: Failed to remove /acct/uid_1003/pid_371: Device or resource busy
04-18 18:47:17.379   414   414 W system_server: Failed to remove /acct/uid_1003: Permission denied
04-18 18:47:17.379   414   414 W system_server: Failed to remove /acct/uid_1058/pid_256: Device or resource busy
04-18 18:47:17.379   414   414 W system_server: Failed to remove /acct/uid_1058: Permission denied
04-18 18:47:17.379   414   414 W system_server: Failed to remove /acct/uid_1046/pid_254: Device or resource busy
04-18 18:47:17.379   414   414 W system_server: Failed to remove /acct/uid_1046: Permission denied
04-18 18:47:17.379   414   414 W system_server: Failed to remove /acct/uid_1040/pid_237: Device or resource busy
04-18 18:47:17.379   414   414 W system_server: Failed to remove /acct/uid_1040: Permission denied
04-18 18:47:17.379   414   414 W system_server: Failed to remove /acct/uid_1017/pid_232: Device or resource busy
04-18 18:47:17.379   414   414 W system_server: Failed to remove /acct/uid_1017: Permission denied
04-18 18:47:17.379   414   414 W system_server: Failed to remove /acct/uid_1019/pid_230: Device or resource busy
04-18 18:47:17.380   414   414 W system_server: Failed to remove /acct/uid_1019: Permission denied
04-18 18:47:17.380   414   414 W system_server: Failed to remove /acct/uid_1010/pid_253: Device or resource busy
04-18 18:47:17.380   414   414 W system_server: Failed to remove /acct/uid_1010/pid_213: Device or resource busy
04-18 18:47:17.380   414   414 W system_server: Failed to remove /acct/uid_1010: Permission denied
04-18 18:47:17.380   414   414 W system_server: Failed to remove /acct/uid_1013/pid_249: Device or resource busy
04-18 18:47:17.380   414   414 W system_server: Failed to remove /acct/uid_1013/pid_246: Device or resource busy
04-18 18:47:17.380   414   414 W system_server: Failed to remove /acct/uid_1013/pid_233: Device or resource busy
04-18 18:47:17.380   414   414 W system_server: Failed to remove /acct/uid_1013/pid_206: Device or resource busy
04-18 18:47:17.380   414   414 W system_server: Failed to remove /acct/uid_1013/pid_204: Device or resource busy
04-18 18:47:17.380   414   414 W system_server: Failed to remove /acct/uid_1013: Permission denied
04-18 18:47:17.380   414   414 W system_server: Failed to remove /acct/uid_1000/pid_255: Device or resource busy
04-18 18:47:17.380   414   414 W system_server: Failed to remove /acct/uid_1000/pid_226: Device or resource busy
04-18 18:47:17.380   414   414 W system_server: Failed to remove /acct/uid_1000/pid_216: Device or resource busy
04-18 18:47:17.380   414   414 W system_server: Failed to remove /acct/uid_1000/pid_212: Device or resource busy
04-18 18:47:17.380   414   414 W system_server: Failed to remove /acct/uid_1000/pid_211: Device or resource busy
04-18 18:47:17.380   414   414 W system_server: Failed to remove /acct/uid_1000/pid_210: Device or resource busy
04-18 18:47:17.380   414   414 W system_server: Failed to remove /acct/uid_1000/pid_209: Device or resource busy
04-18 18:47:17.381   414   414 W system_server: Failed to remove /acct/uid_1000/pid_208: Device or resource busy
04-18 18:47:17.381   414   414 W system_server: Failed to remove /acct/uid_1000/pid_207: Device or resource busy
04-18 18:47:17.381   414   414 W system_server: Failed to remove /acct/uid_1000/pid_205: Device or resource busy
04-18 18:47:17.381   414   414 W system_server: Failed to remove /acct/uid_1000/pid_201: Device or resource busy
04-18 18:47:17.381   414   414 W system_server: Failed to remove /acct/uid_1000/pid_185: Device or resource busy
04-18 18:47:17.381   414   414 W system_server: Failed to remove /acct/uid_1000/pid_177: Device or resource busy
04-18 18:47:17.381   414   414 W system_server: Failed to remove /acct/uid_1000/pid_176: Device or resource busy
04-18 18:47:17.381   414   414 W system_server: Failed to remove /acct/uid_1000/pid_175: Device or resource busy
04-18 18:47:17.381   414   414 W system_server: Failed to remove /acct/uid_1000: Permission denied
04-18 18:47:17.382   414   414 W system_server: Failed to remove /acct/uid_1036/pid_174: Device or resource busy
04-18 18:47:17.382   414   414 W system_server: Failed to remove /acct/uid_1036: Permission denied
04-18 18:47:17.382   414   414 W system_server: Failed to remove /acct/uid_0/pid_252: Device or resource busy
04-18 18:47:17.382   414   414 W system_server: Failed to remove /acct/uid_0/pid_231: Device or resource busy
04-18 18:47:17.384   414   414 W system_server: Failed to remove /acct/uid_0/pid_224: Device or resource busy
04-18 18:47:17.384   414   414 W system_server: Failed to remove /acct/uid_0/pid_222: Device or resource busy
04-18 18:47:17.384   414   414 W system_server: Failed to remove /acct/uid_0/pid_217: Device or resource busy
04-18 18:47:17.384   414   414 W system_server: Failed to remove /acct/uid_0/pid_215: Device or resource busy
04-18 18:47:17.384   414   414 W system_server: Failed to remove /acct/uid_0/pid_214: Device or resource busy
04-18 18:47:17.384   414   414 W system_server: Failed to remove /acct/uid_0/pid_194: Device or resource busy
04-18 18:47:17.384   414   414 W system_server: Failed to remove /acct/uid_0/pid_193: Device or resource busy
04-18 18:47:17.385   414   414 W system_server: Failed to remove /acct/uid_0/pid_186: Device or resource busy
04-18 18:47:17.385   414   414 W system_server: Failed to remove /acct/uid_0/pid_163: Device or resource busy
04-18 18:47:17.385   414   414 W system_server: Failed to remove /acct/uid_0/pid_154: Device or resource busy
04-18 18:47:17.385   414   414 W system_server: Failed to remove /acct/uid_0: Permission denied
04-18 18:47:17.386   414   414 D AppOps  : AppOpsService published
04-18 18:47:17.387   414   414 D SystemServerTiming: StartActivityManager took to complete: 184ms
04-18 18:47:17.387   414   414 I SystemServer: StartPowerManager
04-18 18:47:17.387   414   414 I SystemServiceManager: Starting com.android.server.power.PowerManagerService
04-18 18:47:17.392   414   470 I ServiceThread: Enabled StrictMode logging for PowerManagerService looper.
04-18 18:47:17.394   210   210 I power@1.0-servi: type=1400 audit(0.0:68): avc: denied { search } for name="tegra12-i2c.3" dev="sysfs" ino=398 scontext=u:r:hal_power_default:s0 tcontext=u:object_r:sysfs_nvi2c:s0 tclass=dir permissive=1
04-18 18:47:17.394   414   414 I libsuspend: Selected wakeup count
04-18 18:47:17.394   210   210 I android.hardware.power@1.0-service.mocha: power_set_interactive
04-18 18:47:17.395   210   210 I android.hardware.power@1.0-service.mocha: POWER_FEATURE_DOUBLE_TAP_TO_WAKE activate = 0
04-18 18:47:17.399   414   414 D SystemServerTiming: StartPowerManager took to complete: 11ms
04-18 18:47:17.399   414   414 I SystemServer: InitPowerManagement
04-18 18:47:17.400   414   414 D SystemServerTiming: InitPowerManagement took to complete: 1ms
04-18 18:47:17.400   414   414 I SystemServer: StartRecoverySystemService
04-18 18:47:17.401   414   414 I SystemServiceManager: Starting com.android.server.RecoverySystemService
04-18 18:47:17.402   414   414 D SystemServerTiming: StartRecoverySystemService took to complete: 1ms
04-18 18:47:17.402   414   414 V RescueParty: Disabled because of active USB connection
04-18 18:47:17.402   414   414 I SystemServer: StartLightsService
04-18 18:47:17.402   414   414 I SystemServiceManager: Starting com.android.server.lights.LightsService
04-18 18:47:17.403   414   414 D SystemServerTiming: StartLightsService took to complete: 0ms
04-18 18:47:17.403   414   414 I SystemServer: StartDisplayManager
04-18 18:47:17.403   414   414 I SystemServiceManager: Starting com.android.server.display.DisplayManagerService
04-18 18:47:17.410   414   414 D SystemServerTiming: StartDisplayManager took to complete: 7ms
04-18 18:47:17.410   414   414 I SystemServer: WaitForDisplay
04-18 18:47:17.410   414   414 I SystemServiceManager: Starting phase 100
04-18 18:47:17.412   209   209 I light@2.0-servi: type=1400 audit(0.0:69): avc: denied { getattr } for path="/sys/devices/platform/tegra12-i2c.0/i2c-0/0-002c/backlight/lcd-backlight/brightness" dev="sysfs" ino=5910 scontext=u:r:hal_light_default:s0 tcontext=u:object_r:sysfs_nvi2c:s0 tclass=file permissive=1
04-18 18:47:17.412   414   468 I DisplayManagerService: Display device added: DisplayDeviceInfo{"Built-in Screen": uniqueId="local:0", 1536 x 2048, modeId 1, defaultModeId 1, supportedModes [{id=1, width=1536, height=2048, fps=59.960747}], colorMode 0, supportedColorModes [0], HdrCapabilities android.view.Display$HdrCapabilities@a69d6308, density 320, 325.12 x 325.12 dpi, appVsyncOff 1000000, presDeadline 16677577, touch INTERNAL, rotation 0, type BUILT_IN, state UNKNOWN, FLAG_DEFAULT_DISPLAY, FLAG_ROTATES_WITH_CONTENT, FLAG_SECURE, FLAG_SUPPORTS_PROTECTED_BUFFERS}
04-18 18:47:17.412   216   216 D SurfaceFlinger: Set power mode=2, type=0 flinger=0xb51d1000
04-18 18:47:17.412   216   216 D SurfaceFlinger: Screen type=0 is already mode=2
04-18 18:47:17.418   414   468 I DisplayManagerService: Display device changed state: "Built-in Screen", ON
04-18 18:47:17.420   414   414 D SystemServerTiming: WaitForDisplay took to complete: 11ms
04-18 18:47:17.420   414   414 I SystemServer: StartPackageManagerService
04-18 18:47:17.450   414   414 D SELinuxMMAC: Using policy file /system/etc/selinux/plat_mac_permissions.xml
04-18 18:47:17.452   414   414 D SELinuxMMAC: Using policy file /vendor/etc/selinux/nonplat_mac_permissions.xml
04-18 18:47:17.460   414   469 W ProcessCpuTracker: Skipping unknown process pid 464
04-18 18:47:17.638   414   414 D PackageManager: No files in app dir /system/vendor/app
04-18 18:47:17.638   414   414 D PackageManager: No files in app dir /oem/app
04-18 18:47:17.640   414   414 I PackageManager: Finished scanning system apps. Time: 139 ms, packageCount: 78 , timePerPackage: 1 , cached: 78
04-18 18:47:17.640   414   414 D PackageManager: No files in app dir /data/app
04-18 18:47:17.640   414   414 D PackageManager: No files in app dir /data/app-private
04-18 18:47:17.640   414   414 I PackageManager: Finished scanning non-system apps. Time: 1 ms, packageCount: 0 , timePerPackage: 0 , cached: 0
04-18 18:47:17.646   414   414 I PackageManager: Time to scan packages: 0.146 seconds
04-18 18:47:17.649   414   414 V PackageManager: reconcileAppsData for null u0 0x3 migrateAppData=true
04-18 18:47:17.658   231   259 I SELinux : SELinux: Loaded file_contexts
04-18 18:47:17.749   414   414 V PackageManager: reconcileAppsData finished 18 packages
04-18 18:47:17.750   414   414 V PackageManager: Disabling com.google.android.gsf/com.google.android.gsf.update.SystemUpdateActivity
04-18 18:47:17.750   414   414 W PackageManager: Unable to disable com.google.android.gsf/com.google.android.gsf.update.SystemUpdateActivity
04-18 18:47:17.750   414   414 V PackageManager: Disabling com.google.android.gsf/com.google.android.gsf.update.SystemUpdateService$Receiver
04-18 18:47:17.750   414   414 W PackageManager: Unable to disable com.google.android.gsf/com.google.android.gsf.update.SystemUpdateService$Receiver
04-18 18:47:17.750   414   414 V PackageManager: Disabling com.google.android.gsf/com.google.android.gsf.update.SystemUpdateService$SecretCodeReceiver
04-18 18:47:17.750   414   414 W PackageManager: Unable to disable com.google.android.gsf/com.google.android.gsf.update.SystemUpdateService$SecretCodeReceiver
04-18 18:47:17.750   414   489 D SystemServerInitThreadPool: Started executing prepareAppData
04-18 18:47:17.750   414   414 V PackageManager: Disabling com.google.android.gsf/com.google.android.gsf.update.SystemUpdateServiceReceiver
04-18 18:47:17.750   414   414 W PackageManager: Unable to disable com.google.android.gsf/com.google.android.gsf.update.SystemUpdateServiceReceiver
04-18 18:47:17.750   414   414 V PackageManager: Disabling com.google.android.gms/com.google.android.gms.update.SystemUpdateActivity
04-18 18:47:17.750   414   414 W PackageManager: Unable to disable com.google.android.gms/com.google.android.gms.update.SystemUpdateActivity
04-18 18:47:17.750   414   414 V PackageManager: Disabling com.google.android.gms/com.google.android.gms.update.SystemUpdateService$Receiver
04-18 18:47:17.750   414   414 W PackageManager: Unable to disable com.google.android.gms/com.google.android.gms.update.SystemUpdateService$Receiver
04-18 18:47:17.750   414   414 V PackageManager: Disabling com.google.android.gms/com.google.android.gms.update.SystemUpdateService$ActiveReceiver
04-18 18:47:17.750   414   414 W PackageManager: Unable to disable com.google.android.gms/com.google.android.gms.update.SystemUpdateService$ActiveReceiver
04-18 18:47:17.750   414   414 V PackageManager: Disabling com.google.android.gms/com.google.android.gms.update.SystemUpdateService$SecretCodeReceiver
04-18 18:47:17.750   414   414 W PackageManager: Unable to disable com.google.android.gms/com.google.android.gms.update.SystemUpdateService$SecretCodeReceiver
04-18 18:47:17.750   414   414 V PackageManager: Disabling com.google.android.gms/com.google.android.gms.update.SystemUpdateServiceReceiver
04-18 18:47:17.750   414   414 W PackageManager: Unable to disable com.google.android.gms/com.google.android.gms.update.SystemUpdateServiceReceiver
04-18 18:47:17.750   414   414 V PackageManager: Disabling com.google.android.setupwizard/com.google.android.setupwizard.time.DateTimeCheck
04-18 18:47:17.750   414   414 W PackageManager: Unable to disable com.google.android.setupwizard/com.google.android.setupwizard.time.DateTimeCheck
04-18 18:47:17.750   414   414 V PackageManager: Enabling com.google.android.gsf/com.google.android.gsf.update.SystemUpdateService
04-18 18:47:17.750   414   414 W PackageManager: Unable to enable com.google.android.gsf/com.google.android.gsf.update.SystemUpdateService
04-18 18:47:17.750   414   414 V PackageManager: Enabling com.google.android.gms/com.google.android.gms.update.SystemUpdateService
04-18 18:47:17.750   414   414 W PackageManager: Unable to enable com.google.android.gms/com.google.android.gms.update.SystemUpdateService
04-18 18:47:17.759   231   488 W installd: Ignoring /data/data/com.android.defcontainer/lib with unexpected GID 0 instead of 10021
04-18 18:47:17.768   231   488 W installd: Ignoring /data/data/com.android.inputmethod.latin/lib with unexpected GID 0 instead of 10047
04-18 18:47:17.772   231   488 W installd: Ignoring /data/data/com.android.cts.priv.ctsshim/lib with unexpected GID 0 instead of 10011
04-18 18:47:17.776   231   488 W installd: Ignoring /data/data/com.android.pacprocessor/lib with unexpected GID 0 instead of 10045
04-18 18:47:17.777   231   488 W installd: Ignoring /data/data/com.android.camera2/lib with unexpected GID 0 instead of 10038
04-18 18:47:17.780   231   488 W installd: Ignoring /data/data/com.android.printspooler/lib with unexpected GID 0 instead of 10031
04-18 18:47:17.781   231   488 W installd: Ignoring /data/data/com.android.webview/lib with unexpected GID 0 instead of 10041
04-18 18:47:17.781   231   488 W installd: Ignoring /data/data/com.android.bips/lib with unexpected GID 0 instead of 10053
04-18 18:47:17.792   231   488 W installd: Ignoring /data/data/com.android.gallery3d/lib with unexpected GID 0 instead of 10046
04-18 18:47:17.793   231   488 W installd: Ignoring /data/data/com.svox.pico/lib with unexpected GID 0 instead of 10032
04-18 18:47:17.795   231   488 W installd: Ignoring /data/data/jp.co.omronsoft.openwnn/lib with unexpected GID 0 instead of 10052
04-18 18:47:17.799   231   488 W installd: Ignoring /data/data/org.carbonrom.carbondelta/lib with unexpected GID 0 instead of 10003
04-18 18:47:17.799   231   488 W installd: Ignoring /data/data/com.android.bluetooth/lib with unexpected GID 0 instead of 1002
04-18 18:47:17.804   231   488 W installd: Ignoring /data/user_de/0/com.android.defcontainer/lib with unexpected GID 0 instead of 10021
04-18 18:47:17.806   231   488 W installd: Ignoring /data/user_de/0/com.android.inputmethod.latin/lib with unexpected GID 0 instead of 10047
04-18 18:47:17.844   231   488 W installd: Ignoring /data/user_de/0/com.android.bluetooth/lib with unexpected GID 0 instead of 1002
04-18 18:47:17.845   414   489 D SystemServerTimingAsync: AppDataFixup took to complete: 96ms
04-18 18:47:17.861   414   414 E PackageManager: There should probably be a verifier, but, none were found
04-18 18:47:17.863   414   414 D PackageManager: Ephemeral resolver not found with new action; try old one
04-18 18:47:17.863   414   414 D PackageManager: Ephemeral resolver NOT found; no matching intent filters
04-18 18:47:17.863   414   414 D PackageManager: Ephemeral installer not found with new action; try old one
04-18 18:47:17.863   414   414 D PackageManager: Clear ephemeral installer activity
04-18 18:47:17.917   414   414 I zygote  : Explicit concurrent copying GC freed 24827(1305KB) AllocSpace objects, 14(408KB) LOS objects, 65% free, 3MB/9MB, paused 32us total 46.016ms
04-18 18:47:17.918   414   414 D FallbackCategoryProvider: Found 1 fallback categories
04-18 18:47:17.920   414   414 D SystemServerTiming: StartPackageManagerService took to complete: 500ms
04-18 18:47:17.920   414   414 I SystemServer: StartOtaDexOptService
04-18 18:47:17.921   414   414 D OTADexopt: No upgrade, skipping A/B artifacts check.
04-18 18:47:17.921   414   414 D SystemServerTiming: StartOtaDexOptService took to complete: 1ms
04-18 18:47:17.921   414   414 I SystemServer: StartUserManagerService
04-18 18:47:17.922   414   414 I SystemServiceManager: Starting com.android.server.pm.UserManagerService$LifeCycle
04-18 18:47:17.922   414   414 D SystemServerTiming: StartUserManagerService took to complete: 0ms
04-18 18:47:17.922   414   414 I SystemServer: InitAttributerCache
04-18 18:47:17.922   414   414 D SystemServerTiming: InitAttributerCache took to complete: 1ms
04-18 18:47:17.922   414   414 I SystemServer: SetSystemProcess
04-18 18:47:17.931   215   215 I lowmemorykiller: ActivityManager connected
04-18 18:47:17.932   414   414 D SystemServerTiming: SetSystemProcess took to complete: 10ms
04-18 18:47:17.933   414   493 I ServiceThread: Enabled StrictMode logging for android.anim looper.
04-18 18:47:17.934   414   414 I SystemServer: StartOverlayManagerService
04-18 18:47:17.935   414   414 I SystemServer: StartSubstratumService
04-18 18:47:17.935   414   494 D SystemServerInitThreadPool: Started executing Init OverlayManagerService
04-18 18:47:17.937   414   414 D SystemServerTiming: StartSubstratumService took to complete: 1ms
04-18 18:47:17.937   414   414 I SystemServer: StartFontService
04-18 18:47:17.937   414   414 I SystemServiceManager: Starting com.android.server.FontService$Lifecycle
04-18 18:47:17.940   414   414 D ActivityThread: Loading provider settings: com.android.providers.settings.SettingsProvider
04-18 18:47:17.973   414   414 I SettingsState: No settings state /data/system/users/0/settings_ssaid.xml
04-18 18:47:17.975   414   414 D SystemServerTiming: StartFontService took to complete: 39ms
04-18 18:47:17.976   414   414 I SystemServer: StartDropBoxManager
04-18 18:47:17.976   414   414 I SystemServiceManager: Starting com.android.server.DropBoxManagerService
04-18 18:47:17.977   414   414 D SystemServerTiming: StartDropBoxManager took to complete: 1ms
04-18 18:47:17.977   414   414 I SystemServer: StartBatteryService
04-18 18:47:17.977   414   414 I SystemServiceManager: Starting com.android.server.BatteryService
04-18 18:47:17.981   414   498 D SystemServerInitThreadPool: Started executing StartSensorService
04-18 18:47:17.982   414   498 D SensorService: nuSensorService starting...
04-18 18:47:17.983   414   498 D vndksupport: Loading /vendor/lib/hw/android.hardware.sensors@1.0-impl.so from current namespace instead of sphal namespace.
04-18 18:47:17.985   414   414 D SystemServerTiming: StartBatteryService took to complete: 8ms
04-18 18:47:17.985   414   414 I SystemServer: StartUsageService
04-18 18:47:17.985   414   414 I SystemServiceManager: Starting com.android.server.usage.UsageStatsService
04-18 18:47:17.986   414   458 E BluetoothAdapter: Bluetooth binder is null
04-18 18:47:17.986   414   458 E BatteryExternalStatsWorker: no controller energy info supplied for telephony
04-18 18:47:17.987   414   458 E KernelUidCpuFreqTimeReader: Failed to read /proc/uid_time_in_state: java.io.FileNotFoundException: /proc/uid_time_in_state (No such file or directory)
04-18 18:47:17.992   414   458 E KernelUidCpuFreqTimeReader: Failed to read /proc/uid_time_in_state: java.io.FileNotFoundException: /proc/uid_time_in_state (No such file or directory)
04-18 18:47:17.995   414   414 D SystemServerTiming: StartUsageService took to complete: 10ms
04-18 18:47:17.995   414   414 I SystemServer: StartWebViewUpdateService
04-18 18:47:17.995   414   414 I SystemServiceManager: Starting com.android.server.webkit.WebViewUpdateService
04-18 18:47:17.999   414   414 D SystemServerTiming: StartWebViewUpdateService took to complete: 4ms
04-18 18:47:17.999   414   414 I SystemServer: StartKeyAttestationApplicationIdProviderService
04-18 18:47:18.000   414   450 D SystemServerInitThreadPool: Started executing SecondaryZygotePreload
04-18 18:47:18.000   414   450 I SystemServer: SecondaryZygotePreload
04-18 18:47:18.001   414   414 D SystemServerTiming: StartKeyAttestationApplicationIdProviderService took to complete: 1ms
04-18 18:47:18.001   414   414 I SystemServer: StartKeyChainSystemService
04-18 18:47:18.001   414   414 I SystemServiceManager: Starting com.android.server.security.KeyChainSystemService
04-18 18:47:18.001   414   414 D SystemServerTiming: StartKeyChainSystemService took to complete: 1ms
04-18 18:47:18.001   414   414 I SystemServer: StartSchedulingPolicyService
04-18 18:47:18.002   414   414 D SystemServerTiming: StartSchedulingPolicyService took to complete: 1ms
04-18 18:47:18.002   414   414 I SystemServer: StartTelecomLoaderService
04-18 18:47:18.002   414   414 I SystemServiceManager: Starting com.android.server.telecom.TelecomLoaderService
04-18 18:47:18.003   414   414 D SystemServerTiming: StartTelecomLoaderService took to complete: 0ms
04-18 18:47:18.003   414   414 I SystemServer: StartTelephonyRegistry
04-18 18:47:18.011   414   450 I Zygote  : Process: zygote socket zygote opened, supported ABIS: armeabi-v7a,armeabi
04-18 18:47:18.011   414   498 I MultiHal: Loaded library from libsensors.lsm6db0.so
04-18 18:47:18.012   414   414 D SystemServerTiming: StartTelephonyRegistry took to complete: 8ms
04-18 18:47:18.012   414   414 I SystemServer: StartEntropyMixer
04-18 18:47:18.014   500   500 I system-server-i: type=1400 audit(0.0:70): avc: denied { execute } for name="sh" dev="mmcblk0p26" ino=1621 scontext=u:r:system_server:s0 tcontext=u:object_r:shell_exec:s0 tclass=file permissive=1
04-18 18:47:18.014   500   500 I system-server-i: type=1400 audit(0.0:71): avc: denied { read open } for path="/system/bin/sh" dev="mmcblk0p26" ino=1621 scontext=u:r:system_server:s0 tcontext=u:object_r:shell_exec:s0 tclass=file permissive=1
04-18 18:47:18.015   414   414 I EntropyMixer: Writing entropy...
04-18 18:47:18.016   500   500 I system-server-i: type=1400 audit(0.0:72): avc: denied { execute_no_trans } for path="/system/bin/sh" dev="mmcblk0p26" ino=1621 scontext=u:r:system_server:s0 tcontext=u:object_r:shell_exec:s0 tclass=file permissive=1
04-18 18:47:18.019   500   500 I sh      : type=1400 audit(0.0:73): avc: denied { getattr } for path="/system/bin/sh" dev="mmcblk0p26" ino=1621 scontext=u:r:system_server:s0 tcontext=u:object_r:shell_exec:s0 tclass=file permissive=1
04-18 18:47:18.021   414   450 E SystemServer: Unable to preload default resources
04-18 18:47:18.021   414   450 D SystemServerTimingAsync: SecondaryZygotePreload took to complete: 21ms
04-18 18:47:18.021   414   450 D SystemServerInitThreadPool: Finished executing SecondaryZygotePreload
04-18 18:47:18.027   414   414 D SystemServerTiming: StartEntropyMixer took to complete: 15ms
04-18 18:47:18.027   414   414 I SystemServer: StartAccountManagerService
04-18 18:47:18.028   414   414 I SystemServiceManager: Starting com.android.server.accounts.AccountManagerService$Lifecycle
04-18 18:47:18.038   414   414 D SystemServerTiming: StartAccountManagerService took to complete: 10ms
04-18 18:47:18.038   414   414 I SystemServer: StartContentService
04-18 18:47:18.038   414   414 I SystemServiceManager: Starting com.android.server.content.ContentService$Lifecycle
04-18 18:47:18.040   414   414 D SystemServerTiming: StartContentService took to complete: 1ms
04-18 18:47:18.040   414   414 I SystemServer: InstallSystemProviders
04-18 18:47:18.052   414   414 I SettingsState: No settings state /data/system/users/0/settings_ssaid.xml
04-18 18:47:18.053   175   175 E ServiceManager: add_service('settings',30) uid=1000 - ALREADY REGISTERED, OVERRIDE
04-18 18:47:18.053   175   175 I ServiceManager: service 'settings' died
04-18 18:47:18.058   414   414 V RescueParty: Disabled because of active USB connection
04-18 18:47:18.058   414   414 D SystemServerTiming: InstallSystemProviders took to complete: 18ms
04-18 18:47:18.058   414   414 I SystemServer: StartVibratorService
04-18 18:47:18.064   414   494 D SystemServerInitThreadPool: Finished executing Init OverlayManagerService
04-18 18:47:18.065   414   414 D SystemServerTiming: StartVibratorService took to complete: 6ms
04-18 18:47:18.065   414   414 I SystemServer: StartConsumerIrService
04-18 18:47:18.065   176   176 W /system/bin/hwservicemanager: getTransport: Cannot find entry android.hardware.ir@1.0::IConsumerIr/default in either framework or device manifest.
04-18 18:47:18.067   414   414 D SystemServerTiming: StartConsumerIrService took to complete: 2ms
04-18 18:47:18.067   414   414 I SystemServer: StartAlarmManagerService
04-18 18:47:18.067   414   414 I SystemServiceManager: Starting com.android.server.AlarmManagerService
04-18 18:47:18.069   414   414 D AlarmManagerService: Kernel timezone updated to 0 minutes west of GMT
04-18 18:47:18.074   414   414 D SystemServerTiming: StartAlarmManagerService took to complete: 7ms
04-18 18:47:18.074   414   414 I SystemServer: InitWatchdog
04-18 18:47:18.074   414   414 D SystemServerTiming: InitWatchdog took to complete: 0ms
04-18 18:47:18.074   414   414 I SystemServer: StartInputManagerService
04-18 18:47:18.075   414   414 I InputManager: Initializing input manager, mUseDevInputEventForAudioJack=true
04-18 18:47:18.082   414   414 D SystemServerTiming: StartInputManagerService took to complete: 8ms
04-18 18:47:18.082   414   414 I SystemServer: StartWindowManagerService
04-18 18:47:18.086   252   296 I /system/bin/storaged: storaged: Start
04-18 18:47:18.094   414   498 E SensorHAL: Failed to read the scan element information for "lsm6db0_accel" sensor.
04-18 18:47:18.112   414   498 E SensorHAL: Failed to read the scan element information for "lsm6db0_magn" sensor.
04-18 18:47:18.116   414   498 E SensorHAL: Failed to read the scan element information for "lsm6db0_magn_u" sensor.
04-18 18:47:18.138   414   498 E SensorHAL: Failed to read the scan element information for "lsm6db0_gyro" sensor.
04-18 18:47:18.141   414   498 E SensorHAL: Failed to read the scan element information for "lsm6db0_gyro_u" sensor.
04-18 18:47:18.145   414   498 E SensorHAL: Failed to read the scan element information for "lsm6db0_sign_motion" sensor.
04-18 18:47:18.150   414   498 E SensorHAL: Failed to read the scan element information for "lsm6db0_quat" sensor.
04-18 18:47:18.152   414   498 E SensorHAL: Failed to read the scan element information for "lsm6db0_game_quat" sensor.
04-18 18:47:18.157   414   498 E SensorHAL: Failed to read the scan element information for "lsm6db0_step_d" sensor.
04-18 18:47:18.162   414   498 E SensorHAL: Failed to read the scan element information for "lsm6db0_euler" sensor.
04-18 18:47:18.165   414   498 E SensorHAL: Failed to read the scan element information for "lsm6db0_linear" sensor.
04-18 18:47:18.168   414   498 E SensorHAL: Failed to read the scan element information for "lsm6db0_gravity" sensor.
04-18 18:47:18.173   414   498 E SensorHAL: Failed to read the scan element information for "lsm6db0_step_c" sensor.
04-18 18:47:18.176   414   498 E SensorHAL: Failed to read the scan element information for "lsm6db0_geo_quat" sensor.
04-18 18:47:18.185   414   498 E SensorHAL: failed to scan sensor type 6 on iio
04-18 18:47:18.187   414   498 E SensorHAL: failed to scan sensor type 6 on input
04-18 18:47:18.189   414   498 E SensorHAL: failed to scan sensor type 5 on iio
04-18 18:47:18.189   414   498 E SensorHAL: check_input_sensor_exist: dev_num=0 on input for type 5
04-18 18:47:18.190   414   498 E SensorHAL: size of SWSensorList: 0
04-18 18:47:18.191   414   504 D SensorHAL: isl29035: input Thread started.
04-18 18:47:18.193   414   498 E         : Reporting Mode incorrect: sensor Ambient Light Sensor handle=0x00000001 type=5 actual=0 expected=1
04-18 18:47:18.195   414   508 D SensorService: nuSensorService thread starting...
04-18 18:47:18.197   414   498 D SystemServerTimingAsync: StartSensorService took to complete: 215ms
04-18 18:47:18.197   414   498 D SystemServerInitThreadPool: Finished executing StartSensorService
04-18 18:47:18.198   414   507 D SensorService: new thread SensorEventAckReceiver
04-18 18:47:18.209   414   468 I WindowManager: No existing display settings /data/system/display_settings.xml; starting empty
04-18 18:47:18.239   414   414 D SystemServerTiming: StartWindowManagerService took to complete: 157ms
04-18 18:47:18.239   414   414 I SystemServer: StartVrManagerService
04-18 18:47:18.239   414   414 I SystemServiceManager: Starting com.android.server.vr.VrManagerService
04-18 18:47:18.240   414   450 D SystemServerInitThreadPool: Started executing StartHidlServices
04-18 18:47:18.240   176   176 W /system/bin/hwservicemanager: getTransport: Cannot find entry android.hardware.vr@1.0::IVr/default in either framework or device manifest.
04-18 18:47:18.242   414   489 D SystemServerTimingAsync: AppDataPrepare took to complete: 396ms
04-18 18:47:18.242   414   489 I PackageManager: Deferred reconcileAppsData finished 60 packages
04-18 18:47:18.242   414   489 D SystemServerInitThreadPool: Finished executing prepareAppData
04-18 18:47:18.242   414   414 W VrManagerService: init_native: Could not open IVr interface
04-18 18:47:18.243   414   450 D SystemServerTimingAsync: StartHidlServices took to complete: 3ms
04-18 18:47:18.243   414   414 D SystemServerTiming: StartVrManagerService took to complete: 4ms
04-18 18:47:18.243   414   450 D SystemServerInitThreadPool: Finished executing StartHidlServices
04-18 18:47:18.243   414   414 I SystemServer: SetWindowManagerService
04-18 18:47:18.247   414   414 D SystemServerTiming: SetWindowManagerService took to complete: 5ms
04-18 18:47:18.247   414   414 I SystemServer: StartInputManager
04-18 18:47:18.247   414   414 I InputManager: Starting input manager
04-18 18:47:18.249   414   414 D SystemServerTiming: StartInputManager took to complete: 2ms
04-18 18:47:18.250   414   414 I SystemServer: DisplayManagerWindowManagerAndInputReady
04-18 18:47:18.250   414   414 D SystemServerTiming: DisplayManagerWindowManagerAndInputReady took to complete: 0ms
04-18 18:47:18.250   414   414 I SystemServer: StartBluetoothService
04-18 18:47:18.250   414   414 I SystemServiceManager: Starting com.android.server.BluetoothService
04-18 18:47:18.251   414   414 D BluetoothManagerService: Loading stored name and address
04-18 18:47:18.252   414   414 D BluetoothManagerService: Stored bluetooth Name=MI PAD,Address=03:16:6C:79:29:82
04-18 18:47:18.252   414   414 D BluetoothManagerService: Bluetooth persisted state: 1
04-18 18:47:18.252   414   414 D BluetoothManagerService: Startup: Bluetooth persisted state is ON.
04-18 18:47:18.252   414   414 D SystemServerTiming: StartBluetoothService took to complete: 2ms
04-18 18:47:18.252   414   414 I SystemServer: IpConnectivityMetrics
04-18 18:47:18.252   414   414 I SystemServiceManager: Starting com.android.server.connectivity.IpConnectivityMetrics
04-18 18:47:18.253   414   516 D EventHub: No input device configuration file found for device 'atmel-maxtouch'.
04-18 18:47:18.253   414   414 D SystemServerTiming: IpConnectivityMetrics took to complete: 1ms
04-18 18:47:18.253   414   414 I SystemServer: PinnerService
04-18 18:47:18.253   414   414 I SystemServiceManager: Starting com.android.server.PinnerService
04-18 18:47:18.255   414   414 D SystemServerTiming: PinnerService took to complete: 1ms
04-18 18:47:18.255   414   414 I SystemServer: StartInputMethodManagerLifecycle
04-18 18:47:18.255   414   414 I SystemServiceManager: Starting com.android.server.InputMethodManagerService$Lifecycle
04-18 18:47:18.256   414   516 W EventHub: Unable to disable kernel key repeat for /dev/input/event3: Function not implemented
04-18 18:47:18.257   414   516 I EventHub: wakeMechanism=EPOLLWAKEUP, usingClockIoctl=true
04-18 18:47:18.257   414   516 I EventHub: New device: id=1, fd=104, path='/dev/input/event3', name='atmel-maxtouch', classes=0x15, configuration='', keyLayout='/system/usr/keylayout/atmel-maxtouch.kl', keyCharacterMap='/system/usr/keychars/Generic.kcm', builtinKeyboard=false, 
04-18 18:47:18.257   414   516 D EventHub: No input device configuration file found for device 'gpio-keys.3'.
04-18 18:47:18.261   414   516 W EventHub: Unable to disable kernel key repeat for /dev/input/event2: Function not implemented
04-18 18:47:18.261   414   516 I EventHub: wakeMechanism=EPOLLWAKEUP, usingClockIoctl=true
04-18 18:47:18.261   414   516 I EventHub: New device: id=2, fd=105, path='/dev/input/event2', name='gpio-keys.3', classes=0x1, configuration='', keyLayout='/system/usr/keylayout/Generic.kl', keyCharacterMap='/system/usr/keychars/Generic.kcm', builtinKeyboard=false, 
04-18 18:47:18.261   414   516 D EventHub: No input device configuration file found for device 'tegra-rt5671 headphone detect'.
04-18 18:47:18.262   414   414 D SystemServerTiming: StartInputMethodManagerLifecycle took to complete: 7ms
04-18 18:47:18.262   414   414 I SystemServer: StartAccessibilityManagerService
04-18 18:47:18.262   414   516 E KeyLayoutMap: /system/usr/keylayout/tegra-rt5671_headphone_detect.kl:1: Expected key flag label, got 'WAKE'.
04-18 18:47:18.264   414   516 W EventHub: Unable to disable kernel key repeat for /dev/input/event1: Function not implemented
04-18 18:47:18.264   414   516 I EventHub: wakeMechanism=EPOLLWAKEUP, usingClockIoctl=true
04-18 18:47:18.264   414   516 I EventHub: New device: id=3, fd=106, path='/dev/input/event1', name='tegra-rt5671 headphone detect', classes=0x81, configuration='', keyLayout='/system/usr/keylayout/Generic.kl', keyCharacterMap='/system/usr/keychars/Generic.kcm', builtinKeyboard=false, 
04-18 18:47:18.264   414   516 D EventHub: No input device configuration file found for device 'isl29035'.
04-18 18:47:18.265   414   414 D SystemServerTiming: StartAccessibilityManagerService took to complete: 3ms
04-18 18:47:18.265   414   414 I SystemServer: MakeDisplayReady
04-18 18:47:18.266   414   414 I ActivityManager: Config changes=5df8 {1.0 ?mcc?mnc [en_US] ldltr sw768dp w768dp h1024dp 320dpi xlrg port ?uimode ?night -touch -keyb/v/h -nav/h appBounds=Rect(0, 0 - 1536, 2048) s.2}
04-18 18:47:18.270   414   414 I ActivityManager: Override config changes=40207dfc {1.0 ?mcc?mnc [en_US] ldltr sw768dp w768dp h1024dp 320dpi xlrg port ?uimode ?night -touch -keyb/v/h -nav/h appBounds=Rect(0, 0 - 1536, 2048) s.2} for displayId=0
04-18 18:47:18.276   414   516 I InputReader: Device added: id=-1, name='Virtual', sources=0x00000301
04-18 18:47:18.276   414   516 I InputReader: Device added: id=3, name='tegra-rt5671 headphone detect', sources=0x80000101
04-18 18:47:18.276   414   516 I InputReader: Device added: id=2, name='gpio-keys.3', sources=0x00000101
04-18 18:47:18.277   414   516 I InputReader:   Touch device 'atmel-maxtouch' could not query the properties of its associated display.  The device will be inoperable until the display size becomes available.
04-18 18:47:18.277   414   516 I InputReader: Device added: id=1, name='atmel-maxtouch', sources=0x00001103
04-18 18:47:18.282   414   453 I UsageStatsService: User[0] Rollover scheduled @ 2020-04-19 15:50:47(1587311447863)
04-18 18:47:18.293   414   516 I InputReader: Reconfiguring input devices.  changes=0x00000004
04-18 18:47:18.293   414   516 I InputReader: Device reconfigured: id=1, name='atmel-maxtouch', size 1536x2048, orientation 0, mode 1, display id 0
04-18 18:47:18.293   414   515 I ActivityManager: Config changes=508 {1.0 ?mcc?mnc [en_US] ldltr sw768dp w768dp h944dp 320dpi lrg port ?uimode ?night finger -keyb/v/h -nav/h appBounds=Rect(0, 0 - 1536, 1936) s.3}
04-18 18:47:18.296   414   515 I ActivityManager: Override config changes=508 {1.0 ?mcc?mnc [en_US] ldltr sw768dp w768dp h944dp 320dpi lrg port ?uimode ?night finger -keyb/v/h -nav/h appBounds=Rect(0, 0 - 1536, 1936) s.3} for displayId=0
04-18 18:47:18.298   414   516 I InputReader: Reconfiguring input devices.  changes=0x00000004
04-18 18:47:18.299   414   414 D SystemServerTiming: MakeDisplayReady took to complete: 34ms
04-18 18:47:18.299   414   414 I SystemServer: StartStorageManagerService
04-18 18:47:18.299   414   414 I SystemServiceManager: Starting com.android.server.StorageManagerService$Lifecycle
04-18 18:47:18.305   414   414 D SystemServerTiming: StartStorageManagerService took to complete: 5ms
04-18 18:47:18.305   414   414 I SystemServer: StartStorageStatsService
04-18 18:47:18.305   414   414 I SystemServiceManager: Starting com.android.server.usage.StorageStatsService$Lifecycle
04-18 18:47:18.305   414   517 D StorageManagerService: Thinking about init, mSystemReady=false, mDaemonConnected=true
04-18 18:47:18.305   414   517 D StorageManagerService: Thinking about reset, mSystemReady=false, mDaemonConnected=true
04-18 18:47:18.309   414   414 D SystemServerTiming: StartStorageStatsService took to complete: 4ms
04-18 18:47:18.309   414   414 I SystemServer: StartUiModeManager
04-18 18:47:18.309   414   414 I SystemServiceManager: Starting com.android.server.UiModeManagerService
04-18 18:47:18.310   414   517 D StorageManagerService: Thinking about init, mSystemReady=false, mDaemonConnected=true
04-18 18:47:18.310   414   517 D StorageManagerService: Thinking about reset, mSystemReady=false, mDaemonConnected=true
04-18 18:47:18.310   414   517 D CryptdConnector: SND -> {1 cryptfs getfield SystemLocale}
04-18 18:47:18.311   414   494 D SystemServerInitThreadPool: Started executing UiModeManager.onStart
04-18 18:47:18.311   414   494 I ActivityManager: Config changes=200 {1.0 ?mcc?mnc [en_US] ldltr sw768dp w768dp h944dp 320dpi lrg port finger -keyb/v/h -nav/h appBounds=Rect(0, 0 - 1536, 1936) s.4}
04-18 18:47:18.311   414   414 D SystemServerTiming: StartUiModeManager took to complete: 2ms
04-18 18:47:18.312   226   226 I ussrd   : type=1400 audit(0.0:74): avc: denied { unlink } for name="phsd.ctl" dev="mmcblk0p29" ino=622650 scontext=u:r:ussrd:s0 tcontext=u:object_r:phsd_data:s0 tclass=sock_file permissive=1
04-18 18:47:18.312   414   414 I SystemServer: UpdatePackagesIfNeeded
04-18 18:47:18.312   414   414 D SystemServerTiming: UpdatePackagesIfNeeded took to complete: 0ms
04-18 18:47:18.312   414   414 I SystemServer: PerformFstrimIfNeeded
04-18 18:47:18.312   414   414 D SystemServerTiming: PerformFstrimIfNeeded took to complete: 1ms
