04-18 18:47:18.313   226   226 I ussrd   : type=1400 audit(0.0:75): avc: denied { create } for name="phsd.ctl" scontext=u:r:ussrd:s0 tcontext=u:object_r:phsd_data:s0 tclass=sock_file permissive=1
04-18 18:47:18.313   226   226 I ussrd   : type=1400 audit(0.0:76): avc: denied { setattr } for name="phsd.ctl" dev="mmcblk0p29" ino=622650 scontext=u:r:ussrd:s0 tcontext=u:object_r:phsd_data:s0 tclass=sock_file permissive=1
04-18 18:47:18.313   414   414 I SystemServer: StartLockSettingsService
04-18 18:47:18.313   414   414 I SystemServiceManager: Starting com.android.server.locksettings.LockSettingsService$Lifecycle
04-18 18:47:18.315   226   226 I ussrd   : type=1400 audit(0.0:77): avc: denied { read } for name="fc0" dev="tmpfs" ino=14422 scontext=u:r:ussrd:s0 tcontext=u:object_r:surfaceflinger_tmpfs:s0 tclass=file permissive=1
04-18 18:47:18.315   226   226 I ussrd   : type=1400 audit(0.0:78): avc: denied { open } for path="/mnt/tmp/fc0" dev="tmpfs" ino=14422 scontext=u:r:ussrd:s0 tcontext=u:object_r:surfaceflinger_tmpfs:s0 tclass=file permissive=1
04-18 18:47:18.315   414   494 I ActivityManager: Override config changes=200 {1.0 ?mcc?mnc [en_US] ldltr sw768dp w768dp h944dp 320dpi lrg port finger -keyb/v/h -nav/h appBounds=Rect(0, 0 - 1536, 1936) s.4} for displayId=0
04-18 18:47:18.319   414   494 D SystemServerInitThreadPool: Finished executing UiModeManager.onStart
04-18 18:47:18.322   414   414 D SystemServerTiming: StartLockSettingsService took to complete: 10ms
04-18 18:47:18.323   414   414 I system_server: Looking for service android.hardware.oemlock@1.0::IOemLock/default
04-18 18:47:18.324   176   176 W /system/bin/hwservicemanager: getTransport: Cannot find entry android.hardware.oemlock@1.0::IOemLock/default in either framework or device manifest.
04-18 18:47:18.324   414   414 I OemLock : OemLock HAL not present on device
04-18 18:47:18.324   414   414 I SystemServer: StartDeviceIdleController
04-18 18:47:18.325   414   414 I SystemServiceManager: Starting com.android.server.DeviceIdleController
04-18 18:47:18.328   414   414 D SystemServerTiming: StartDeviceIdleController took to complete: 3ms
04-18 18:47:18.328   414   519 D CryptdConnector: RCV <- {200 1 -1}
04-18 18:47:18.328   414   414 I SystemServer: StartDevicePolicyManager
04-18 18:47:18.328   414   414 I SystemServiceManager: Starting com.android.server.devicepolicy.DevicePolicyManagerService$Lifecycle
04-18 18:47:18.330   414   517 W StorageManagerService: No primary storage mounted!
04-18 18:47:18.330   414   517 D VoldConnector: SND -> {1 asec list}
04-18 18:47:18.331   414   518 D VoldConnector: RCV <- {200 1 asec operation succeeded}
04-18 18:47:18.331   414   517 I PackageManager: No secure containers found
04-18 18:47:18.334   414   414 D SystemServerTiming: StartDevicePolicyManager took to complete: 7ms
04-18 18:47:18.334   414   414 I SystemServer: StartStatusBarManagerService
04-18 18:47:18.338   414   414 D SystemServerTiming: StartStatusBarManagerService took to complete: 4ms
04-18 18:47:18.338   414   414 I SystemServer: StartClipboardService
04-18 18:47:18.338   414   414 I SystemServiceManager: Starting com.android.server.clipboard.ClipboardService
04-18 18:47:18.341   414   414 D SystemServerTiming: StartClipboardService took to complete: 3ms
04-18 18:47:18.341   414   414 I SystemServer: StartNetworkManagementService
04-18 18:47:18.349   414   521 I NetworkManagement: onDaemonConnected()
04-18 18:47:18.350   414   414 D SystemServerTiming: StartNetworkManagementService took to complete: 9ms
04-18 18:47:18.350   414   414 I SystemServer: StartTextServicesManager
04-18 18:47:18.350   414   414 I SystemServiceManager: Starting com.android.server.TextServicesManagerService$Lifecycle
04-18 18:47:18.387   414   517 W StorageManagerService: No primary storage defined yet; hacking together a stub
04-18 18:47:18.389   520   520 D vndksupport: Loading /vendor/lib/hw/android.hardware.audio@2.0-impl.so from current namespace instead of sphal namespace.
04-18 18:47:18.390   414   517 W StorageManagerService: No primary storage defined yet; hacking together a stub
04-18 18:47:18.390   414   517 W StorageManagerService: No primary storage mounted!
04-18 18:47:18.390   414   517 D VoldConnector: SND -> {2 asec list}
04-18 18:47:18.391   414   518 D VoldConnector: RCV <- {200 2 asec operation succeeded}
04-18 18:47:18.394   520   520 I ServiceManagement: Removing namespace from process name android.hardware.audio@2.0-service to audio@2.0-servi.
04-18 18:47:18.395   520   520 I audiohalservice: Registration complete for android.hardware.audio@2.0::IDevicesFactory/default.
04-18 18:47:18.395   520   520 D vndksupport: Loading /vendor/lib/hw/android.hardware.audio.effect@2.0-impl.so from current namespace instead of sphal namespace.
04-18 18:47:18.410   520   520 I audiohalservice: Registration complete for android.hardware.audio.effect@2.0::IEffectsFactory/default.
04-18 18:47:18.411   176   176 W /system/bin/hwservicemanager: getTransport: Cannot find entry android.hardware.soundtrigger@2.0::ISoundTriggerHw/default in either framework or device manifest.
04-18 18:47:18.411   520   520 E audiohalservice: Could not get passthrough implementation for android.hardware.soundtrigger@2.0::ISoundTriggerHw/default.
04-18 18:47:18.411   520   520 E audiohalservice: Error while registering soundtrigger service: 1
04-18 18:47:18.435   414   414 D SystemServerTiming: StartTextServicesManager took to complete: 85ms
04-18 18:47:18.435   414   414 I SystemServer: StartNetworkScoreService
04-18 18:47:18.437   414   414 D SystemServerTiming: StartNetworkScoreService took to complete: 2ms
04-18 18:47:18.437   414   414 I SystemServer: StartNetworkStatsService
04-18 18:47:18.440   414   414 D SystemServerTiming: StartNetworkStatsService took to complete: 3ms
04-18 18:47:18.440   414   414 I SystemServer: StartNetworkPolicyManagerService
04-18 18:47:18.445   414   524 I ServiceThread: Enabled StrictMode logging for NetworkPolicy.uid looper.
04-18 18:47:18.446   414   414 D SystemServerTiming: StartNetworkPolicyManagerService took to complete: 5ms
04-18 18:47:18.446   414   414 I SystemServer: StartWifi
04-18 18:47:18.449   414   414 I SystemServiceManager: Starting com.android.server.wifi.WifiService
04-18 18:47:18.470   414   414 D WifiApConfigStore: 2G band allowed channels are:1,6,11
04-18 18:47:18.489   193   245 D CommandListener: Clearing all IP addresses on wlan0
04-18 18:47:18.490   414   526 E HalDeviceManager: isSupported: called but mServiceManager is null!?
04-18 18:47:18.490   414   526 I WifiNative-wlan0: Vendor HAL not supported, Ignore stop...
04-18 18:47:18.490   414   526 D WificondControl: tearing down interfaces in wificond
04-18 18:47:18.493   414   414 D WifiController: isAirplaneModeOn = false, isWifiEnabled = true, isScanningAvailable = false
04-18 18:47:18.495   414   414 I WifiService: getVerboseLoggingLevel uid=1000
04-18 18:47:18.496   414   414 E SupplicantStaIfaceHal: Can't call setDebugParams, ISupplicant is null
04-18 18:47:18.497   414   414 W WifiDiags: no ring buffers found
04-18 18:47:18.497   414   414 W WifiDiags: Failed to start packet fate monitoring
04-18 18:47:18.497   414   414 I WifiService: Registering wifi
04-18 18:47:18.498   414   414 D SystemServerTiming: StartWifi took to complete: 51ms
04-18 18:47:18.498   414   414 I SystemServer: StartWifiScanning
04-18 18:47:18.498   414   414 I SystemServiceManager: Starting com.android.server.wifi.scanner.WifiScanningService
04-18 18:47:18.498   414   414 I WifiScanningService: Creating wifiscanner
04-18 18:47:18.499   414   414 I WifiScanningService: Publishing wifiscanner
04-18 18:47:18.499   414   414 D SystemServerTiming: StartWifiScanning took to complete: 2ms
04-18 18:47:18.500   414   414 I SystemServer: StartWifiRtt
04-18 18:47:18.500   414   414 I SystemServiceManager: Starting com.android.server.wifi.RttService
04-18 18:47:18.500   414   414 I RttService: Creating rttmanager
04-18 18:47:18.500   414   414 I RttService: Starting rttmanager
04-18 18:47:18.501   414   414 D SystemServerTiming: StartWifiRtt took to complete: 1ms
04-18 18:47:18.501   414   414 I SystemServer: No Wi-Fi Aware Service (Aware support Not Present)
04-18 18:47:18.501   414   414 I SystemServer: StartWifiP2P
04-18 18:47:18.501   414   414 I SystemServiceManager: Starting com.android.server.wifi.p2p.WifiP2pService
04-18 18:47:18.504   414   414 I WifiP2pService: Registering wifip2p
04-18 18:47:18.505   414   414 D SystemServerTiming: StartWifiP2P took to complete: 4ms
04-18 18:47:18.505   414   414 I SystemServer: StartEthernet
04-18 18:47:18.505   414   414 I SystemServiceManager: Starting com.android.server.ethernet.EthernetService
04-18 18:47:18.506   414   414 I EthernetServiceImpl: Creating EthernetConfigStore
04-18 18:47:18.507   414   414 E IpConfigStore: Error opening configuration file: java.io.FileNotFoundException: /data/misc/ethernet/ipconfig.txt (No such file or directory)
04-18 18:47:18.507   414   414 W EthernetConfigStore: No Ethernet configuration found. Using default.
04-18 18:47:18.507   414   414 I EthernetServiceImpl: Read stored IP configuration: IP assignment: DHCP
04-18 18:47:18.507   414   414 I EthernetServiceImpl: Proxy settings: NONE
04-18 18:47:18.507   414   414 I EthernetService: Registering service ethernet
04-18 18:47:18.508   414   414 D SystemServerTiming: StartEthernet took to complete: 2ms
04-18 18:47:18.508   414   414 I SystemServer: StartConnectivityService
04-18 18:47:18.512   414   414 D ConnectivityService: ConnectivityService starting up
04-18 18:47:18.514   414   414 D ConnectivityService: wifiOnly=true
04-18 18:47:18.514   414   414 D ConnectivityService: networkAttributes - ignoring mobile as this dev is wifiOnly 0
04-18 18:47:18.514   414   414 D ConnectivityService: networkAttributes - ignoring mobile as this dev is wifiOnly 2
04-18 18:47:18.514   414   414 D ConnectivityService: networkAttributes - ignoring mobile as this dev is wifiOnly 3
04-18 18:47:18.515   414   414 D ConnectivityService: networkAttributes - ignoring mobile as this dev is wifiOnly 4
04-18 18:47:18.515   414   414 D ConnectivityService: networkAttributes - ignoring mobile as this dev is wifiOnly 5
04-18 18:47:18.515   414   414 E ConnectivityService: Ignoring protectedNetwork 10
04-18 18:47:18.515   414   414 E ConnectivityService: Ignoring protectedNetwork 11
04-18 18:47:18.515   414   414 E ConnectivityService: Ignoring protectedNetwork 12
04-18 18:47:18.515   414   414 E ConnectivityService: Ignoring protectedNetwork 14
04-18 18:47:18.515   414   414 E ConnectivityService: Ignoring protectedNetwork 15
04-18 18:47:18.523   414   414 D SystemServerTiming: StartConnectivityService took to complete: 16ms
04-18 18:47:18.523   414   414 I SystemServer: StartNsdService
04-18 18:47:18.525   414   414 D NsdService: Network service discovery is enabled
04-18 18:47:18.527   414   414 D SystemServerTiming: StartNsdService took to complete: 3ms
04-18 18:47:18.527   414   414 I SystemServer: StartUpdateLockService
04-18 18:47:18.528   414   414 D SystemServerTiming: StartUpdateLockService took to complete: 2ms
04-18 18:47:18.528   414   414 I SystemServer: WaitForAsecScan
04-18 18:47:18.528   414   414 D SystemServerTiming: WaitForAsecScan took to complete: 0ms
04-18 18:47:18.528   414   414 I SystemServer: StartNotificationManager
04-18 18:47:18.529   414   414 I SystemServiceManager: Starting com.android.server.notification.NotificationManagerService
04-18 18:47:18.540   414   414 D ConditionProviders.SCP: new ScheduleConditionProvider()
04-18 18:47:18.547   414   414 D ZenLog  : config: readXml,ZenModeConfig[user=0,allowCalls=true,allowRepeatCallers=false,allowMessages=false,allowCallsFrom=contacts,allowMessagesFrom=contacts,allowReminders=true,allowEvents=true,allowWhenScreenOff=true,allowWhenScreenOn=true,automaticRules={EVENTS_DEFAULT_RULE=ZenRule[enabled=false,snoozing=false,name=Event,zenMode=ZEN_MODE_ALARMS,conditionId=condition://android/event?userId=-10000&calendar=&reply=1,condition=Condition[id=condition://android/event?userId=-10000&calendar=&reply=1,summary=...,line1=...,line2=...,icon=0,state=STATE_FALSE,flags=2],component=ComponentInfo{android/com.android.server.notification.EventConditionProvider},id=EVENTS_DEFAULT_RULE,creationTime=1587152108003,enabler=null], SCHEDULED_DEFAULT_RULE_1=ZenRule[enabled=false,snoozing=false,name=Weeknight,zenMode=ZEN_MODE_ALARMS,conditionId=condition://android/schedule?days=1.2.3.4.5&start=22.0&end=7.0&exitAtAlarm=false,condition=Condition[id=condition://android/schedule?days=1.2.3.4.5&start=22.0&end=7.0&exitAtAlarm=false,summary=...,line1=...,line2=...,icon=0,state=STATE_FALSE,flags=2],component=ComponentInfo{android/com.android.server.notification.ScheduleConditionProvider},id=SCHEDULED_DEFAULT_RULE_1,creationTime=1587152108003,enabler=null], SCHEDULED_DEFAULT_RULE_2=ZenRule[enabled=false,snoozing=false,name=Weekend,zenMode=ZEN_MODE_ALARMS,conditionId=condition://android/schedule?days=6.7&start=23.30&end=10.0&exitAtAlarm=false,condition=Condition[id=condition://android/schedule?days=6.7&start=23.30&end=10.0&exitAtAlarm=false,summary=...,line1=...,line2=...,icon=0,state=STATE_FALSE,flags=2],component=ComponentInfo{android/com.android.server.notification.ScheduleConditionProvider},id=SCHEDULED_DEFAULT_RULE_2,creationTime=1587152108003,enabler=null]},manualRule=null],Diff[automaticRule[EVENTS_DEFAULT_RULE].condition:null->Condition[id=condition://android/event?userId=-10000&calendar=&reply=1,summary=...,line1=...,line2=...,icon=0,state=STATE_FALSE,flags=2],automaticRule[EVENTS_DEFAULT_RULE].creationTime:1587235638539->1587152108003,automaticRule[SCHEDULED_DEFAULT_RULE_1].condition:null->Condition[id=condition://android/schedule?days=1.2.3.4.5&start=22.0&end=7.0&exitAtAlarm=false,summary=...,line1=...,line2=...,icon=0,state=STATE_FALSE,flags=2],automaticRule[SCHEDULED_DEFAULT_RULE_1].creationTime:1587235638538->1587152108003,automaticRule[SCHEDULED_DEFAULT_RULE_2].condition:null->Condition[id=condition://android/schedule?days=6.7&start=23.30&end=10.0&exitAtAlarm=false,summary=...,line1=...,line2=...,icon=0,state=STATE_FALSE,flags=2],automaticRule[SCHEDULED_DEFAULT_RULE_2].creationTime:1587235638538->1587152108003]
04-18 18:47:18.549   414   414 I NotificationListeners: Read notification listener permissions from xml
04-18 18:47:18.549   414   414 I ConditionProviders: Read condition provider permissions from xml
04-18 18:47:18.549   414   414 I ConditionProviders: Read condition provider permissions from xml
04-18 18:47:18.549   414   414 D ZenLog  : set_zen_mode: off,init
04-18 18:47:18.552   414   414 D SystemServerTiming: StartNotificationManager took to complete: 24ms
04-18 18:47:18.552   414   414 I SystemServer: StartDeviceMonitor
04-18 18:47:18.553   414   414 I SystemServiceManager: Starting com.android.server.storage.DeviceStorageMonitorService
04-18 18:47:18.554   414   414 D SystemServerTiming: StartDeviceMonitor took to complete: 2ms
04-18 18:47:18.554   414   414 I SystemServer: StartLocationManagerService
04-18 18:47:18.556   414   414 D SystemServerTiming: StartLocationManagerService took to complete: 2ms
04-18 18:47:18.556   414   414 I SystemServer: StartCountryDetectorService
04-18 18:47:18.557   414   414 D SystemServerTiming: StartCountryDetectorService took to complete: 0ms
04-18 18:47:18.557   414   414 I SystemServer: StartSearchManagerService
04-18 18:47:18.557   414   414 I SystemServiceManager: Starting com.android.server.search.SearchManagerService$Lifecycle
04-18 18:47:18.559   414   414 D SystemServerTiming: StartSearchManagerService took to complete: 1ms
04-18 18:47:18.559   414   414 I SystemServer: StartWallpaperManagerService
04-18 18:47:18.559   414   414 I SystemServiceManager: Starting com.android.server.wallpaper.WallpaperManagerService$Lifecycle
04-18 18:47:18.561   414   414 I WallpaperManagerService: No static wallpaper imagery; defaults will be shown
04-18 18:47:18.563   414   414 D SystemServerTiming: StartWallpaperManagerService took to complete: 4ms
04-18 18:47:18.563   414   414 I SystemServer: StartAudioService
04-18 18:47:18.563   414   414 I SystemServiceManager: Starting com.android.server.audio.AudioService$Lifecycle
04-18 18:47:18.567   414   539 E AudioService: Audioserver died.
04-18 18:47:18.568   414   539 I ServiceManager: Waiting for service media.audio_policy...
04-18 18:47:18.569   414   414 W TelecomManager: Telecom Service not found.
04-18 18:47:18.943   541   541 I tlk_daemon: type=1400 audit(0.0:79): avc: denied { read } for name="__properties__" dev="tmpfs" ino=6183 scontext=u:r:tee:s0 tcontext=u:object_r:properties_device:s0 tclass=dir permissive=1
04-18 18:47:18.944   541   541 I tlk_daemon: type=1400 audit(0.0:80): avc: denied { open } for path="/dev/__properties__" dev="tmpfs" ino=6183 scontext=u:r:tee:s0 tcontext=u:object_r:properties_device:s0 tclass=dir permissive=1
04-18 18:47:18.944   542   542 I tlk_daemon: type=1400 audit(0.0:81): avc: denied { read } for name="tasks" dev="cgroup" ino=1732 scontext=u:r:tee:s0 tcontext=u:object_r:cgroup:s0 tclass=file permissive=1
04-18 18:47:19.193   543   543 I FastMixerState: sMaxFastTracks = 8
04-18 18:47:19.201   543   543 I audioserver: ServiceManager: 0xa6f19880
04-18 18:47:19.204   543   543 D vndksupport: Loading /vendor/lib/hw/android.hardware.audio@2.0-impl.so from current namespace instead of sphal namespace.
04-18 18:47:19.208   543   543 D vndksupport: Loading /vendor/lib/hw/android.hardware.audio.effect@2.0-impl.so from current namespace instead of sphal namespace.
04-18 18:47:19.215   543   543 I AudioFlinger: Using default 3000 mSec as standby time.
04-18 18:47:19.217   543   543 E APM::Serializer: deserialize: Could not parse /odm/etc/audio_policy_configuration.xml document.
04-18 18:47:19.217   543   543 E APM::Serializer: deserialize: Could not parse /vendor/etc/audio/audio_policy_configuration.xml document.
04-18 18:47:19.217   543   543 E APM::Serializer: deserialize: Could not parse /vendor/etc/audio_policy_configuration.xml document.
04-18 18:47:19.217   543   543 E APM::Serializer: deserialize: Could not parse /system/etc/audio_policy_configuration.xml document.
04-18 18:47:19.217   543   543 E APM_AudioPolicyManager: could not load audio policy configuration file, setting defaults
04-18 18:47:19.227   543   543 W tiny_hal_config: Control 'Left Spk Reg Addr' not found
04-18 18:47:19.227   543   543 W tiny_hal_config: Control 'Left Spk Reg Value' not found
04-18 18:47:19.227   543   543 W tiny_hal_config: Control 'Left Spk Reg Addr' not found
04-18 18:47:19.227   543   543 W tiny_hal_config: Control 'Left Spk Reg Value' not found
04-18 18:47:19.227   543   543 W tiny_hal_config: Control 'Left Spk Reg Addr' not found
04-18 18:47:19.227   543   543 W tiny_hal_config: Control 'Left Spk Reg Value' not found
04-18 18:47:19.227   543   543 W tiny_hal_config: Control 'Right Spk Reg Addr' not found
04-18 18:47:19.227   543   543 W tiny_hal_config: Control 'Right Spk Reg Value' not found
04-18 18:47:19.227   543   543 W tiny_hal_config: Control 'Right Spk Reg Addr' not found
04-18 18:47:19.227   543   543 W tiny_hal_config: Control 'Right Spk Reg Value' not found
04-18 18:47:19.227   543   543 W tiny_hal_config: Control 'Right Spk Reg Addr' not found
04-18 18:47:19.227   543   543 W tiny_hal_config: Control 'Right Spk Reg Value' not found
04-18 18:47:19.227   543   543 W tiny_hal_config: Control 'Left Spk Safeguard Threshold' not found
04-18 18:47:19.227   543   543 W tiny_hal_config: Control 'Right Spk Safeguard Threshold' not found
04-18 18:47:19.227   543   543 W tiny_hal_config: Control 'Left Spk Boot Patch' not found
04-18 18:47:19.227   543   543 W tiny_hal_config: Control 'Right Spk Boot Patch' not found
04-18 18:47:19.227   543   543 W tiny_hal_config: Control 'Left Spk ROM Patch' not found
04-18 18:47:19.227   543   543 W tiny_hal_config: Control 'Right Spk ROM Patch' not found
04-18 18:47:19.227   543   543 W tiny_hal_config: Control 'Left Spk Speaker File' not found
04-18 18:47:19.227   543   543 W tiny_hal_config: Control 'Right Spk Speaker File' not found
04-18 18:47:19.227   543   543 W tiny_hal_config: Control 'Left Spk Config File' not found
04-18 18:47:19.227   543   543 W tiny_hal_config: Control 'Right Spk Config File' not found
04-18 18:47:19.228   543   543 W tiny_hal_config: Control 'Left Spk Preset File' not found
04-18 18:47:19.228   543   543 W tiny_hal_config: Control 'Right Spk Preset File' not found
04-18 18:47:19.228   543   543 W tiny_hal_config: Control 'Left Spk Equalizer File' not found
04-18 18:47:19.228   543   543 W tiny_hal_config: Control 'Right Spk Equalizer File' not found
04-18 18:47:19.228   543   543 W tiny_hal_config: Control 'Left Spk Reg Addr' not found
04-18 18:47:19.228   543   543 E tiny_hal_config: -get_named_stream no suitable stream
04-18 18:47:19.229   543   543 W DeviceHAL: Device 0xa6f390c0 set_master_volume: Function not implemented
04-18 18:47:19.229   543   543 I AudioFlinger: loadHwModule() Loaded primary audio interface, handle 10
04-18 18:47:19.229   543   543 I AudioFlinger: openOutput() this 0xa6f3d000, module 10 Device 2, SamplingRate 44100, Format 0x000001, Channels 3, flags 2
04-18 18:47:19.232   543   543 W tiny_hal_config: Control 'Left Spk Preset File' not found
04-18 18:47:19.234   543   543 I AudioFlinger: HAL output buffer size 256 frames, normal sink buffer size 768 frames
04-18 18:47:19.235   543   543 D vndksupport: Loading /vendor/lib/hw/android.hardware.audio.effect@2.0-impl.so from current namespace instead of sphal namespace.
04-18 18:47:19.242   543   543 I BufferProvider: found effect "Multichannel Downmix To Stereo" from The Android Open Source Project
04-18 18:47:19.243   543   543 I AudioFlinger: Using module 10 as the primary audio interface
04-18 18:47:19.243   543   556 I AudioFlinger: AudioFlinger's thread 0xa5f83d00 tid=556 ready to run
04-18 18:47:19.243   543   556 W AudioFlinger: no wake lock to update, system not ready yet
04-18 18:47:19.244   543   543 W AudioFlinger: moveEffects() bad srcOutput 0
04-18 18:47:19.244   543   556 W AudioFlinger: no wake lock to update, system not ready yet
04-18 18:47:19.244   543   543 F libc    : Fatal signal 11 (SIGSEGV), code 1, fault addr 0xc in tid 543 (audioserver), pid 543 (audioserver)
04-18 18:47:19.291   560   560 I crash_dump32: obtaining output fd from tombstoned, type: kDebuggerdTombstone
04-18 18:47:19.291   256   256 I /system/bin/tombstoned: received crash request for pid 543
04-18 18:47:19.292   560   560 I crash_dump32: performing dump of process 543 (target tid = 543)
04-18 18:47:19.293   560   560 F DEBUG   : *** *** *** *** *** *** *** *** *** *** *** *** *** *** *** ***
04-18 18:47:19.293   560   560 F DEBUG   : Build fingerprint: 'Xiaomi/carbon_mocha/mocha:5.1.1/LMY49J/7fd38a3d2b:user/release-keys'
04-18 18:47:19.293   560   560 F DEBUG   : Revision: '0'
04-18 18:47:19.293   560   560 F DEBUG   : ABI: 'arm'
04-18 18:47:19.293   560   560 F DEBUG   : pid: 543, tid: 543, name: audioserver  >>> /system/bin/audioserver <<<
04-18 18:47:19.293   560   560 F DEBUG   : signal 11 (SIGSEGV), code 1 (SEGV_MAPERR), fault addr 0xc
04-18 18:47:19.293   560   560 F DEBUG   : Cause: null pointer dereference
04-18 18:47:19.293   560   560 F DEBUG   :     r0 031b20e6  r1 00000000  r2 00000000  r3 00000001
04-18 18:47:19.293   560   560 F DEBUG   :     r4 00000000  r5 a6f04514  r6 00000000  r7 a7ad34d9
04-18 18:47:19.293   560   560 F DEBUG   :     r8 00000002  r9 00000000  sl bef3cc08  fp 00000000
04-18 18:47:19.294   560   560 F DEBUG   :     ip a7ae1e3c  sp bef3cb18  lr a7ad383d  pc a7ad2d02  cpsr 60010030
04-18 18:47:19.327   560   560 F DEBUG   : 
04-18 18:47:19.327   560   560 F DEBUG   : backtrace:
04-18 18:47:19.327   560   560 F DEBUG   :     #00 pc 00032d02  /system/lib/libaudiopolicymanagerdefault.so (android::VolumeCurve::volIndexToDb(int, int, int) const+21)
04-18 18:47:19.328   560   560 F DEBUG   :     #01 pc 00033839  /system/lib/libaudiopolicymanagerdefault.so (android::VolumeCurvesForStream::volIndexToDb(device_category, int) const+36)
04-18 18:47:19.328   560   560 F DEBUG   :     #02 pc 000334f9  /system/lib/libaudiopolicymanagerdefault.so (android::VolumeCurvesCollection::volIndexToDb(audio_stream_type_t, device_category, int) const+32)
04-18 18:47:19.328   560   560 F DEBUG   :     #03 pc 00027aeb  /system/lib/libaudiopolicymanagerdefault.so (android::AudioPolicyManager::computeVolume(audio_stream_type_t, int, unsigned int)+118)
04-18 18:47:19.328   560   560 F DEBUG   :     #04 pc 00027d27  /system/lib/libaudiopolicymanagerdefault.so (android::AudioPolicyManager::checkAndSetVolume(audio_stream_type_t, int, android::sp<android::AudioOutputDescriptor> const&, unsigned int, int, bool)+118)
04-18 18:47:19.328   560   560 F DEBUG   :     #05 pc 000278a5  /system/lib/libaudiopolicymanagerdefault.so (android::AudioPolicyManager::setOutputDevice(android::sp<android::AudioOutputDescriptor> const&, unsigned int, bool, int, int*, char const*)+1284)
04-18 18:47:19.328   560   560 F DEBUG   :     #06 pc 000255f1  /system/lib/libaudiopolicymanagerdefault.so (android::AudioPolicyManager::AudioPolicyManager(android::AudioPolicyClientInterface*)+1380)
04-18 18:47:19.328   560   560 F DEBUG   :     #07 pc 0000084f  /system/lib/libaudiopolicymanager.so (createAudioPolicyManager+14)
04-18 18:47:19.328   560   560 F DEBUG   :     #08 pc 0000509b  /system/lib/libaudiopolicyservice.so (android::AudioPolicyService::onFirstRef()+274)
04-18 18:47:19.328   560   560 F DEBUG   :     #09 pc 000018f5  /system/bin/audioserver (android::BinderService<android::AudioPolicyService>::publish(bool)+68)
04-18 18:47:19.328   560   560 F DEBUG   :     #10 pc 000014fb  /system/bin/audioserver (main+466)
04-18 18:47:19.328   560   560 F DEBUG   :     #11 pc 0007ad35  /system/lib/libc.so (__libc_init+48)
04-18 18:47:19.328   560   560 F DEBUG   :     #12 pc 00001224  /system/bin/audioserver (_start_main+92)
04-18 18:47:19.569   414   539 I ServiceManager: Waiting for service media.audio_policy...
04-18 18:47:19.796   560   560 E crash_dump32: unable to connect to activity manager: Connection refused
04-18 18:47:19.796   256   256 E /system/bin/tombstoned: Tombstone written to: /data/tombstones/tombstone_35
04-18 18:47:19.805   175   175 I ServiceManager: service 'media.audio_flinger' died
04-18 18:47:19.808   176   176 E hw-IPCThreadState: attemptIncStrongHandle(14): Not supported
04-18 18:47:19.808   176   176 I chatty  : uid=1000(system) hwservicemanage identical 4 lines
04-18 18:47:19.808   176   176 E hw-IPCThreadState: attemptIncStrongHandle(14): Not supported
04-18 18:47:20.569   414   539 I ServiceManager: Waiting for service media.audio_policy...
04-18 18:47:21.569   414   539 I ServiceManager: Waiting for service media.audio_policy...
04-18 18:47:22.570   414   539 W AudioSystem: AudioPolicyService not published, waiting...
04-18 18:47:23.070   414   539 I ServiceManager: Waiting for service media.audio_policy...
04-18 18:47:23.377   565   565 D vndksupport: Loading /vendor/lib/hw/android.hardware.audio@2.0-impl.so from current namespace instead of sphal namespace.
04-18 18:47:23.382   565   565 I ServiceManagement: Removing namespace from process name android.hardware.audio@2.0-service to audio@2.0-servi.
04-18 18:47:23.382   565   565 I audiohalservice: Registration complete for android.hardware.audio@2.0::IDevicesFactory/default.
04-18 18:47:23.383   565   565 D vndksupport: Loading /vendor/lib/hw/android.hardware.audio.effect@2.0-impl.so from current namespace instead of sphal namespace.
04-18 18:47:23.393   565   565 I audiohalservice: Registration complete for android.hardware.audio.effect@2.0::IEffectsFactory/default.
04-18 18:47:23.394   176   176 W /system/bin/hwservicemanager: getTransport: Cannot find entry android.hardware.soundtrigger@2.0::ISoundTriggerHw/default in either framework or device manifest.
04-18 18:47:23.394   565   565 E audiohalservice: Could not get passthrough implementation for android.hardware.soundtrigger@2.0::ISoundTriggerHw/default.
04-18 18:47:23.394   565   565 E audiohalservice: Error while registering soundtrigger service: 1
04-18 18:47:24.070   414   539 I ServiceManager: Waiting for service media.audio_policy...
04-18 18:47:24.199   568   568 I FastMixerState: sMaxFastTracks = 8
04-18 18:47:24.205   568   568 I audioserver: ServiceManager: 0xb1a19880
04-18 18:47:24.207   568   568 D vndksupport: Loading /vendor/lib/hw/android.hardware.audio@2.0-impl.so from current namespace instead of sphal namespace.
04-18 18:47:24.211   568   568 D vndksupport: Loading /vendor/lib/hw/android.hardware.audio.effect@2.0-impl.so from current namespace instead of sphal namespace.
04-18 18:47:24.216   568   568 I AudioFlinger: Using default 3000 mSec as standby time.
04-18 18:47:24.218   568   568 E APM::Serializer: deserialize: Could not parse /odm/etc/audio_policy_configuration.xml document.
04-18 18:47:24.218   568   568 E APM::Serializer: deserialize: Could not parse /vendor/etc/audio/audio_policy_configuration.xml document.
04-18 18:47:24.218   568   568 E APM::Serializer: deserialize: Could not parse /vendor/etc/audio_policy_configuration.xml document.
04-18 18:47:24.218   568   568 E APM::Serializer: deserialize: Could not parse /system/etc/audio_policy_configuration.xml document.
04-18 18:47:24.218   568   568 E APM_AudioPolicyManager: could not load audio policy configuration file, setting defaults
04-18 18:47:24.227   568   568 W tiny_hal_config: Control 'Left Spk Reg Addr' not found
04-18 18:47:24.227   568   568 W tiny_hal_config: Control 'Left Spk Reg Value' not found
04-18 18:47:24.227   568   568 W tiny_hal_config: Control 'Left Spk Reg Addr' not found
04-18 18:47:24.227   568   568 W tiny_hal_config: Control 'Left Spk Reg Value' not found
04-18 18:47:24.227   568   568 W tiny_hal_config: Control 'Left Spk Reg Addr' not found
04-18 18:47:24.227   568   568 W tiny_hal_config: Control 'Left Spk Reg Value' not found
04-18 18:47:24.227   568   568 W tiny_hal_config: Control 'Right Spk Reg Addr' not found
04-18 18:47:24.227   568   568 W tiny_hal_config: Control 'Right Spk Reg Value' not found
04-18 18:47:24.227   568   568 W tiny_hal_config: Control 'Right Spk Reg Addr' not found
04-18 18:47:24.227   568   568 W tiny_hal_config: Control 'Right Spk Reg Value' not found
04-18 18:47:24.227   568   568 W tiny_hal_config: Control 'Right Spk Reg Addr' not found
04-18 18:47:24.227   568   568 W tiny_hal_config: Control 'Right Spk Reg Value' not found
04-18 18:47:24.227   568   568 W tiny_hal_config: Control 'Left Spk Safeguard Threshold' not found
04-18 18:47:24.228   568   568 W tiny_hal_config: Control 'Right Spk Safeguard Threshold' not found
04-18 18:47:24.228   568   568 W tiny_hal_config: Control 'Left Spk Boot Patch' not found
04-18 18:47:24.228   568   568 W tiny_hal_config: Control 'Right Spk Boot Patch' not found
04-18 18:47:24.228   568   568 W tiny_hal_config: Control 'Left Spk ROM Patch' not found
04-18 18:47:24.228   568   568 W tiny_hal_config: Control 'Right Spk ROM Patch' not found
04-18 18:47:24.228   568   568 W tiny_hal_config: Control 'Left Spk Speaker File' not found
04-18 18:47:24.228   568   568 W tiny_hal_config: Control 'Right Spk Speaker File' not found
04-18 18:47:24.228   568   568 W tiny_hal_config: Control 'Left Spk Config File' not found
04-18 18:47:24.228   568   568 W tiny_hal_config: Control 'Right Spk Config File' not found
04-18 18:47:24.228   568   568 W tiny_hal_config: Control 'Left Spk Preset File' not found
04-18 18:47:24.228   568   568 W tiny_hal_config: Control 'Right Spk Preset File' not found
04-18 18:47:24.228   568   568 W tiny_hal_config: Control 'Left Spk Equalizer File' not found
04-18 18:47:24.228   568   568 W tiny_hal_config: Control 'Right Spk Equalizer File' not found
04-18 18:47:24.228   568   568 W tiny_hal_config: Control 'Left Spk Reg Addr' not found
04-18 18:47:24.229   568   568 E tiny_hal_config: -get_named_stream no suitable stream
04-18 18:47:24.229   568   568 W DeviceHAL: Device 0xb1a390c0 set_master_volume: Function not implemented
04-18 18:47:24.229   568   568 I AudioFlinger: loadHwModule() Loaded primary audio interface, handle 10
04-18 18:47:24.229   568   568 I AudioFlinger: openOutput() this 0xb1a3d000, module 10 Device 2, SamplingRate 44100, Format 0x000001, Channels 3, flags 2
04-18 18:47:24.231   568   568 W tiny_hal_config: Control 'Left Spk Preset File' not found
04-18 18:47:24.232   568   568 I AudioFlinger: HAL output buffer size 256 frames, normal sink buffer size 768 frames
04-18 18:47:24.233   568   568 D vndksupport: Loading /vendor/lib/hw/android.hardware.audio.effect@2.0-impl.so from current namespace instead of sphal namespace.
04-18 18:47:24.241   568   568 I BufferProvider: found effect "Multichannel Downmix To Stereo" from The Android Open Source Project
04-18 18:47:24.242   568   581 I AudioFlinger: AudioFlinger's thread 0xb0a83440 tid=581 ready to run
04-18 18:47:24.242   568   568 I AudioFlinger: Using module 10 as the primary audio interface
04-18 18:47:24.242   568   581 W AudioFlinger: no wake lock to update, system not ready yet
04-18 18:47:24.243   568   568 W AudioFlinger: moveEffects() bad srcOutput 0
04-18 18:47:24.243   568   581 W AudioFlinger: no wake lock to update, system not ready yet
04-18 18:47:24.244   568   568 F libc    : Fatal signal 11 (SIGSEGV), code 1, fault addr 0xc in tid 568 (audioserver), pid 568 (audioserver)
04-18 18:47:24.292   585   585 I crash_dump32: obtaining output fd from tombstoned, type: kDebuggerdTombstone
04-18 18:47:24.292   256   256 I /system/bin/tombstoned: received crash request for pid 568
04-18 18:47:24.293   585   585 I crash_dump32: performing dump of process 568 (target tid = 568)
04-18 18:47:24.294   585   585 F DEBUG   : *** *** *** *** *** *** *** *** *** *** *** *** *** *** *** ***
04-18 18:47:24.294   585   585 F DEBUG   : Build fingerprint: 'Xiaomi/carbon_mocha/mocha:5.1.1/LMY49J/7fd38a3d2b:user/release-keys'
04-18 18:47:24.294   585   585 F DEBUG   : Revision: '0'
04-18 18:47:24.294   585   585 F DEBUG   : ABI: 'arm'
04-18 18:47:24.294   585   585 F DEBUG   : pid: 568, tid: 568, name: audioserver  >>> /system/bin/audioserver <<<
04-18 18:47:24.294   585   585 F DEBUG   : signal 11 (SIGSEGV), code 1 (SEGV_MAPERR), fault addr 0xc
04-18 18:47:24.294   585   585 F DEBUG   : Cause: null pointer dereference
04-18 18:47:24.294   585   585 F DEBUG   :     r0 8804977b  r1 00000000  r2 00000000  r3 00000001
04-18 18:47:24.294   585   585 F DEBUG   :     r4 00000000  r5 b1a04514  r6 00000000  r7 b23f84d9
04-18 18:47:24.294   585   585 F DEBUG   :     r8 00000002  r9 00000000  sl bedc7c08  fp 00000000
04-18 18:47:24.294   585   585 F DEBUG   :     ip b2406e3c  sp bedc7b18  lr b23f883d  pc b23f7d02  cpsr 60010030
04-18 18:47:24.329   585   585 F DEBUG   : 
04-18 18:47:24.329   585   585 F DEBUG   : backtrace:
04-18 18:47:24.329   585   585 F DEBUG   :     #00 pc 00032d02  /system/lib/libaudiopolicymanagerdefault.so (android::VolumeCurve::volIndexToDb(int, int, int) const+21)
04-18 18:47:24.329   585   585 F DEBUG   :     #01 pc 00033839  /system/lib/libaudiopolicymanagerdefault.so (android::VolumeCurvesForStream::volIndexToDb(device_category, int) const+36)
04-18 18:47:24.329   585   585 F DEBUG   :     #02 pc 000334f9  /system/lib/libaudiopolicymanagerdefault.so (android::VolumeCurvesCollection::volIndexToDb(audio_stream_type_t, device_category, int) const+32)
04-18 18:47:24.329   585   585 F DEBUG   :     #03 pc 00027aeb  /system/lib/libaudiopolicymanagerdefault.so (android::AudioPolicyManager::computeVolume(audio_stream_type_t, int, unsigned int)+118)
04-18 18:47:24.329   585   585 F DEBUG   :     #04 pc 00027d27  /system/lib/libaudiopolicymanagerdefault.so (android::AudioPolicyManager::checkAndSetVolume(audio_stream_type_t, int, android::sp<android::AudioOutputDescriptor> const&, unsigned int, int, bool)+118)
04-18 18:47:24.329   585   585 F DEBUG   :     #05 pc 000278a5  /system/lib/libaudiopolicymanagerdefault.so (android::AudioPolicyManager::setOutputDevice(android::sp<android::AudioOutputDescriptor> const&, unsigned int, bool, int, int*, char const*)+1284)
04-18 18:47:24.329   585   585 F DEBUG   :     #06 pc 000255f1  /system/lib/libaudiopolicymanagerdefault.so (android::AudioPolicyManager::AudioPolicyManager(android::AudioPolicyClientInterface*)+1380)
04-18 18:47:24.330   585   585 F DEBUG   :     #07 pc 0000084f  /system/lib/libaudiopolicymanager.so (createAudioPolicyManager+14)
04-18 18:47:24.330   585   585 F DEBUG   :     #08 pc 0000509b  /system/lib/libaudiopolicyservice.so (android::AudioPolicyService::onFirstRef()+274)
04-18 18:47:24.330   585   585 F DEBUG   :     #09 pc 000018f5  /system/bin/audioserver (android::BinderService<android::AudioPolicyService>::publish(bool)+68)
04-18 18:47:24.330   585   585 F DEBUG   :     #10 pc 000014fb  /system/bin/audioserver (main+466)
04-18 18:47:24.330   585   585 F DEBUG   :     #11 pc 0007ad35  /system/lib/libc.so (__libc_init+48)
04-18 18:47:24.330   585   585 F DEBUG   :     #12 pc 00001224  /system/bin/audioserver (_start_main+92)
04-18 18:47:24.801   585   585 E crash_dump32: unable to connect to activity manager: Connection refused
04-18 18:47:24.801   256   256 E /system/bin/tombstoned: Tombstone written to: /data/tombstones/tombstone_36
04-18 18:47:24.809   175   175 I ServiceManager: service 'media.audio_flinger' died
04-18 18:47:24.812   176   176 E hw-IPCThreadState: attemptIncStrongHandle(15): Not supported
04-18 18:47:24.812   176   176 I chatty  : uid=1000(system) hwservicemanage identical 4 lines
04-18 18:47:24.812   176   176 E hw-IPCThreadState: attemptIncStrongHandle(15): Not supported
04-18 18:47:25.071   414   539 I ServiceManager: Waiting for service media.audio_policy...
04-18 18:47:26.071   414   539 I ServiceManager: Waiting for service media.audio_policy...
04-18 18:47:27.071   414   539 W AudioSystem: AudioPolicyService not published, waiting...
04-18 18:47:27.572   414   539 I ServiceManager: Waiting for service media.audio_policy...
04-18 18:47:28.377   590   590 D vndksupport: Loading /vendor/lib/hw/android.hardware.audio@2.0-impl.so from current namespace instead of sphal namespace.
04-18 18:47:28.381   590   590 I ServiceManagement: Removing namespace from process name android.hardware.audio@2.0-service to audio@2.0-servi.
04-18 18:47:28.382   590   590 I audiohalservice: Registration complete for android.hardware.audio@2.0::IDevicesFactory/default.
04-18 18:47:28.382   590   590 D vndksupport: Loading /vendor/lib/hw/android.hardware.audio.effect@2.0-impl.so from current namespace instead of sphal namespace.
04-18 18:47:28.391   590   590 I audiohalservice: Registration complete for android.hardware.audio.effect@2.0::IEffectsFactory/default.
04-18 18:47:28.392   176   176 W /system/bin/hwservicemanager: getTransport: Cannot find entry android.hardware.soundtrigger@2.0::ISoundTriggerHw/default in either framework or device manifest.
04-18 18:47:28.392   590   590 E audiohalservice: Could not get passthrough implementation for android.hardware.soundtrigger@2.0::ISoundTriggerHw/default.
04-18 18:47:28.392   590   590 E audiohalservice: Error while registering soundtrigger service: 1
04-18 18:47:28.572   414   539 I ServiceManager: Waiting for service media.audio_policy...
04-18 18:47:29.200   593   593 I FastMixerState: sMaxFastTracks = 8
04-18 18:47:29.206   593   593 I audioserver: ServiceManager: 0xa9299880
04-18 18:47:29.209   593   593 D vndksupport: Loading /vendor/lib/hw/android.hardware.audio@2.0-impl.so from current namespace instead of sphal namespace.
04-18 18:47:29.213   593   593 D vndksupport: Loading /vendor/lib/hw/android.hardware.audio.effect@2.0-impl.so from current namespace instead of sphal namespace.
04-18 18:47:29.219   593   593 I AudioFlinger: Using default 3000 mSec as standby time.
04-18 18:47:29.221   593   593 E APM::Serializer: deserialize: Could not parse /odm/etc/audio_policy_configuration.xml document.
04-18 18:47:29.221   593   593 E APM::Serializer: deserialize: Could not parse /vendor/etc/audio/audio_policy_configuration.xml document.
04-18 18:47:29.221   593   593 E APM::Serializer: deserialize: Could not parse /vendor/etc/audio_policy_configuration.xml document.
04-18 18:47:29.221   593   593 E APM::Serializer: deserialize: Could not parse /system/etc/audio_policy_configuration.xml document.
04-18 18:47:29.221   593   593 E APM_AudioPolicyManager: could not load audio policy configuration file, setting defaults
04-18 18:47:29.230   593   593 W tiny_hal_config: Control 'Left Spk Reg Addr' not found
04-18 18:47:29.230   593   593 W tiny_hal_config: Control 'Left Spk Reg Value' not found
04-18 18:47:29.230   593   593 W tiny_hal_config: Control 'Left Spk Reg Addr' not found
04-18 18:47:29.230   593   593 W tiny_hal_config: Control 'Left Spk Reg Value' not found
04-18 18:47:29.230   593   593 W tiny_hal_config: Control 'Left Spk Reg Addr' not found
04-18 18:47:29.230   593   593 W tiny_hal_config: Control 'Left Spk Reg Value' not found
04-18 18:47:29.230   593   593 W tiny_hal_config: Control 'Right Spk Reg Addr' not found
04-18 18:47:29.230   593   593 W tiny_hal_config: Control 'Right Spk Reg Value' not found
04-18 18:47:29.230   593   593 W tiny_hal_config: Control 'Right Spk Reg Addr' not found
04-18 18:47:29.230   593   593 W tiny_hal_config: Control 'Right Spk Reg Value' not found
04-18 18:47:29.231   593   593 W tiny_hal_config: Control 'Right Spk Reg Addr' not found
04-18 18:47:29.231   593   593 W tiny_hal_config: Control 'Right Spk Reg Value' not found
04-18 18:47:29.231   593   593 W tiny_hal_config: Control 'Left Spk Safeguard Threshold' not found
04-18 18:47:29.231   593   593 W tiny_hal_config: Control 'Right Spk Safeguard Threshold' not found
04-18 18:47:29.231   593   593 W tiny_hal_config: Control 'Left Spk Boot Patch' not found
04-18 18:47:29.231   593   593 W tiny_hal_config: Control 'Right Spk Boot Patch' not found
04-18 18:47:29.231   593   593 W tiny_hal_config: Control 'Left Spk ROM Patch' not found
04-18 18:47:29.231   593   593 W tiny_hal_config: Control 'Right Spk ROM Patch' not found
04-18 18:47:29.231   593   593 W tiny_hal_config: Control 'Left Spk Speaker File' not found
04-18 18:47:29.231   593   593 W tiny_hal_config: Control 'Right Spk Speaker File' not found
04-18 18:47:29.231   593   593 W tiny_hal_config: Control 'Left Spk Config File' not found
04-18 18:47:29.231   593   593 W tiny_hal_config: Control 'Right Spk Config File' not found
04-18 18:47:29.231   593   593 W tiny_hal_config: Control 'Left Spk Preset File' not found
04-18 18:47:29.231   593   593 W tiny_hal_config: Control 'Right Spk Preset File' not found
04-18 18:47:29.231   593   593 W tiny_hal_config: Control 'Left Spk Equalizer File' not found
04-18 18:47:29.231   593   593 W tiny_hal_config: Control 'Right Spk Equalizer File' not found
04-18 18:47:29.232   593   593 W tiny_hal_config: Control 'Left Spk Reg Addr' not found
04-18 18:47:29.232   593   593 E tiny_hal_config: -get_named_stream no suitable stream
04-18 18:47:29.232   593   593 W DeviceHAL: Device 0xa92b90c0 set_master_volume: Function not implemented
04-18 18:47:29.232   593   593 I AudioFlinger: loadHwModule() Loaded primary audio interface, handle 10
04-18 18:47:29.232   593   593 I AudioFlinger: openOutput() this 0xa92bd000, module 10 Device 2, SamplingRate 44100, Format 0x000001, Channels 3, flags 2
04-18 18:47:29.234   593   593 W tiny_hal_config: Control 'Left Spk Preset File' not found
04-18 18:47:29.236   593   593 I AudioFlinger: HAL output buffer size 256 frames, normal sink buffer size 768 frames
04-18 18:47:29.237   593   593 D vndksupport: Loading /vendor/lib/hw/android.hardware.audio.effect@2.0-impl.so from current namespace instead of sphal namespace.
04-18 18:47:29.244   593   593 I BufferProvider: found effect "Multichannel Downmix To Stereo" from The Android Open Source Project
04-18 18:47:29.245   593   593 I AudioFlinger: Using module 10 as the primary audio interface
04-18 18:47:29.245   593   606 I AudioFlinger: AudioFlinger's thread 0xa8303200 tid=606 ready to run
04-18 18:47:29.245   593   606 W AudioFlinger: no wake lock to update, system not ready yet
04-18 18:47:29.245   593   593 W AudioFlinger: moveEffects() bad srcOutput 0
04-18 18:47:29.246   593   606 W AudioFlinger: no wake lock to update, system not ready yet
04-18 18:47:29.246   593   593 F libc    : Fatal signal 11 (SIGSEGV), code 1, fault addr 0xc in tid 593 (audioserver), pid 593 (audioserver)
04-18 18:47:29.293   610   610 I crash_dump32: obtaining output fd from tombstoned, type: kDebuggerdTombstone
04-18 18:47:29.293   256   256 I /system/bin/tombstoned: received crash request for pid 593
04-18 18:47:29.295   610   610 I crash_dump32: performing dump of process 593 (target tid = 593)
04-18 18:47:29.296   610   610 F DEBUG   : *** *** *** *** *** *** *** *** *** *** *** *** *** *** *** ***
04-18 18:47:29.296   610   610 F DEBUG   : Build fingerprint: 'Xiaomi/carbon_mocha/mocha:5.1.1/LMY49J/7fd38a3d2b:user/release-keys'
04-18 18:47:29.296   610   610 F DEBUG   : Revision: '0'
04-18 18:47:29.296   610   610 F DEBUG   : ABI: 'arm'
04-18 18:47:29.296   610   610 F DEBUG   : pid: 593, tid: 593, name: audioserver  >>> /system/bin/audioserver <<<
04-18 18:47:29.296   610   610 F DEBUG   : signal 11 (SIGSEGV), code 1 (SEGV_MAPERR), fault addr 0xc
04-18 18:47:29.296   610   610 F DEBUG   : Cause: null pointer dereference
04-18 18:47:29.296   610   610 F DEBUG   :     r0 41aec375  r1 00000000  r2 00000000  r3 00000001
04-18 18:47:29.296   610   610 F DEBUG   :     r4 00000000  r5 a9284514  r6 00000000  r7 a96c64d9
04-18 18:47:29.296   610   610 F DEBUG   :     r8 00000002  r9 00000000  sl bed5fc08  fp 00000000
04-18 18:47:29.296   610   610 F DEBUG   :     ip a96d4e3c  sp bed5fb18  lr a96c683d  pc a96c5d02  cpsr 60010030
04-18 18:47:29.330   610   610 F DEBUG   : 
04-18 18:47:29.330   610   610 F DEBUG   : backtrace:
04-18 18:47:29.331   610   610 F DEBUG   :     #00 pc 00032d02  /system/lib/libaudiopolicymanagerdefault.so (android::VolumeCurve::volIndexToDb(int, int, int) const+21)
04-18 18:47:29.331   610   610 F DEBUG   :     #01 pc 00033839  /system/lib/libaudiopolicymanagerdefault.so (android::VolumeCurvesForStream::volIndexToDb(device_category, int) const+36)
04-18 18:47:29.331   610   610 F DEBUG   :     #02 pc 000334f9  /system/lib/libaudiopolicymanagerdefault.so (android::VolumeCurvesCollection::volIndexToDb(audio_stream_type_t, device_category, int) const+32)
04-18 18:47:29.331   610   610 F DEBUG   :     #03 pc 00027aeb  /system/lib/libaudiopolicymanagerdefault.so (android::AudioPolicyManager::computeVolume(audio_stream_type_t, int, unsigned int)+118)
04-18 18:47:29.331   610   610 F DEBUG   :     #04 pc 00027d27  /system/lib/libaudiopolicymanagerdefault.so (android::AudioPolicyManager::checkAndSetVolume(audio_stream_type_t, int, android::sp<android::AudioOutputDescriptor> const&, unsigned int, int, bool)+118)
04-18 18:47:29.331   610   610 F DEBUG   :     #05 pc 000278a5  /system/lib/libaudiopolicymanagerdefault.so (android::AudioPolicyManager::setOutputDevice(android::sp<android::AudioOutputDescriptor> const&, unsigned int, bool, int, int*, char const*)+1284)
04-18 18:47:29.331   610   610 F DEBUG   :     #06 pc 000255f1  /system/lib/libaudiopolicymanagerdefault.so (android::AudioPolicyManager::AudioPolicyManager(android::AudioPolicyClientInterface*)+1380)
04-18 18:47:29.331   610   610 F DEBUG   :     #07 pc 0000084f  /system/lib/libaudiopolicymanager.so (createAudioPolicyManager+14)
04-18 18:47:29.331   610   610 F DEBUG   :     #08 pc 0000509b  /system/lib/libaudiopolicyservice.so (android::AudioPolicyService::onFirstRef()+274)
04-18 18:47:29.331   610   610 F DEBUG   :     #09 pc 000018f5  /system/bin/audioserver (android::BinderService<android::AudioPolicyService>::publish(bool)+68)
04-18 18:47:29.331   610   610 F DEBUG   :     #10 pc 000014fb  /system/bin/audioserver (main+466)
04-18 18:47:29.331   610   610 F DEBUG   :     #11 pc 0007ad35  /system/lib/libc.so (__libc_init+48)
04-18 18:47:29.331   610   610 F DEBUG   :     #12 pc 00001224  /system/bin/audioserver (_start_main+92)
04-18 18:47:29.572   414   539 I ServiceManager: Waiting for service media.audio_policy...
04-18 18:47:29.801   610   610 E crash_dump32: unable to connect to activity manager: Connection refused
04-18 18:47:29.801   256   256 E /system/bin/tombstoned: Tombstone written to: /data/tombstones/tombstone_37
04-18 18:47:29.809   175   175 I ServiceManager: service 'media.audio_flinger' died
04-18 18:47:29.812   176   176 E hw-IPCThreadState: attemptIncStrongHandle(14): Not supported
04-18 18:47:29.812   176   176 I chatty  : uid=1000(system) hwservicemanage identical 4 lines
04-18 18:47:29.812   176   176 E hw-IPCThreadState: attemptIncStrongHandle(14): Not supported
04-18 18:47:30.573   414   539 I ServiceManager: Waiting for service media.audio_policy...
04-18 18:47:31.573   414   539 W AudioSystem: AudioPolicyService not published, waiting...
04-18 18:47:32.074   414   539 I ServiceManager: Waiting for service media.audio_policy...
04-18 18:47:33.074   414   539 I ServiceManager: Waiting for service media.audio_policy...
04-18 18:47:33.403   618   618 D vndksupport: Loading /vendor/lib/hw/android.hardware.audio@2.0-impl.so from current namespace instead of sphal namespace.
04-18 18:47:33.410   618   618 I ServiceManagement: Removing namespace from process name android.hardware.audio@2.0-service to audio@2.0-servi.
04-18 18:47:33.411   618   618 I audiohalservice: Registration complete for android.hardware.audio@2.0::IDevicesFactory/default.
04-18 18:47:33.412   618   618 D vndksupport: Loading /vendor/lib/hw/android.hardware.audio.effect@2.0-impl.so from current namespace instead of sphal namespace.
