05-10 20:27:35.022  1241  1294 D vndksupport: Loading /vendor/lib/hw/android.hardware.graphics.mapper@2.0-impl.so from current namespace instead of sphal namespace.
05-10 20:27:35.023  1241  1294 D vndksupport: Loading /vendor/lib/hw/gralloc.tegra.so from current namespace instead of sphal namespace.
05-10 20:27:35.025   498   498 I chatty  : uid=1000 system_server identical 1 line
05-10 20:27:35.029  1241  1294 D vndksupport: Loading /vendor/lib/hw/gralloc.tegra.so from current namespace instead of sphal namespace.
05-10 20:27:35.041   498   498 D ZenLog  : set_zen_mode: off,conditionChanged
05-10 20:27:35.068  1162  1162 I ImsResolver: Initializing cache and binding.
05-10 20:27:35.083   498   540 W KeyguardServiceDelegate: onScreenTurningOn(): no keyguard service!
05-10 20:27:35.122   498   536 W WallpaperManagerService: Cannot extract colors because wallpaper could not be read.
05-10 20:27:35.122   498   537 W WallpaperManagerService: Cannot extract colors because wallpaper could not be read.
05-10 20:27:35.134   498  1004 I chatty  : uid=1000(system) notification-sq expire 1 line
05-10 20:27:35.142  1060  1060 D StatusBar: disable<e i a s b h r c s q >
05-10 20:27:35.143   498   537 I StatusBarManagerService: registerStatusBar bar=com.android.internal.statusbar.IStatusBar$Stub$Proxy@4edab8c
05-10 20:27:35.204  1060  1357 I SecurityController: could not bind to KeyChainService
05-10 20:27:35.235  1060  1060 I CameraManagerGlobal: Connecting to camera service
05-10 20:27:35.242  1060  1060 I StatusBar: isKeyguardShowing() called before startKeyguard(), returning true
05-10 20:27:35.242  1060  1060 W StatusBar: isKeyguardSecure() called before startKeyguard(), returning false
05-10 20:27:35.242  1060  1060 W StatusBar: java.lang.Throwable
05-10 20:27:35.242  1060  1060 W StatusBar: 	at com.android.systemui.statusbar.phone.StatusBar.isKeyguardSecure(StatusBar.java:7970)
05-10 20:27:35.242  1060  1060 W StatusBar: 	at com.android.systemui.statusbar.phone.StatusBar.isCameraAllowedByAdmin(StatusBar.java:5804)
05-10 20:27:35.242  1060  1060 W StatusBar: 	at com.android.systemui.statusbar.phone.KeyguardBottomAreaView$DefaultRightButton.getIcon(KeyguardBottomAreaView.java:903)
05-10 20:27:35.242  1060  1060 W StatusBar: 	at com.android.systemui.statusbar.phone.KeyguardBottomAreaView.updateCameraVisibility(KeyguardBottomAreaView.java:396)
05-10 20:27:35.242  1060  1060 W StatusBar: 	at com.android.systemui.statusbar.phone.KeyguardBottomAreaView.setStatusBar(KeyguardBottomAreaView.java:359)
05-10 20:27:35.242  1060  1060 W StatusBar: 	at com.android.systemui.statusbar.phone.NotificationPanelView.setStatusBar(NotificationPanelView.java:278)
05-10 20:27:35.242  1060  1060 W StatusBar: 	at com.android.systemui.statusbar.phone.StatusBar.makeStatusBarView(StatusBar.java:1085)
05-10 20:27:35.242  1060  1060 W StatusBar: 	at com.android.systemui.statusbar.phone.StatusBar.addStatusBarWindow(StatusBar.java:4000)
05-10 20:27:35.242  1060  1060 W StatusBar: 	at com.android.systemui.statusbar.phone.StatusBar.createAndAddWindows(StatusBar.java:3996)
05-10 20:27:35.242  1060  1060 W StatusBar: 	at com.android.systemui.statusbar.phone.StatusBar.start(StatusBar.java:952)
05-10 20:27:35.242  1060  1060 W StatusBar: 	at com.android.systemui.SystemBars.createStatusBarFromConfig(SystemBars.java:71)
05-10 20:27:35.242  1060  1060 W StatusBar: 	at com.android.systemui.SystemBars.start(SystemBars.java:42)
05-10 20:27:35.242  1060  1060 W StatusBar: 	at com.android.systemui.SystemUIApplication.startServicesIfNeeded(SystemUIApplication.java:215)
05-10 20:27:35.242  1060  1060 W StatusBar: 	at com.android.systemui.SystemUIApplication.startServicesIfNeeded(SystemUIApplication.java:164)
05-10 20:27:35.242  1060  1060 W StatusBar: 	at com.android.systemui.SystemUIService.onCreate(SystemUIService.java:33)
05-10 20:27:35.242  1060  1060 W StatusBar: 	at android.app.ActivityThread.handleCreateService(ActivityThread.java:3340)
05-10 20:27:35.242  1060  1060 W StatusBar: 	at android.app.ActivityThread.-wrap4(Unknown Source:0)
05-10 20:27:35.242  1060  1060 W StatusBar: 	at android.app.ActivityThread$H.handleMessage(ActivityThread.java:1678)
05-10 20:27:35.242  1060  1060 W StatusBar: 	at android.os.Handler.dispatchMessage(Handler.java:106)
05-10 20:27:35.242  1060  1060 W StatusBar: 	at android.os.Looper.loop(Looper.java:164)
05-10 20:27:35.242  1060  1060 W StatusBar: 	at android.app.ActivityThread.main(ActivityThread.java:6499)
05-10 20:27:35.242  1060  1060 W StatusBar: 	at java.lang.reflect.Method.invoke(Native Method)
05-10 20:27:35.242  1060  1060 W StatusBar: 	at com.android.internal.os.RuntimeInit$MethodAndArgsCaller.run(RuntimeInit.java:440)
05-10 20:27:35.242  1060  1060 W StatusBar: 	at com.android.internal.os.ZygoteInit.main(ZygoteInit.java:807)
05-10 20:27:35.252  1162  1162 D PhoneSwitcherNetworkRequstListener: Registering NetworkFactory
05-10 20:27:35.253   498  1000 D ConnectivityService: Got NetworkFactory Messenger for PhoneSwitcherNetworkRequstListener
05-10 20:27:35.262   498  1000 D ConnectivityService: Got NetworkFactory Messenger for TelephonyNetworkFactory[0]
05-10 20:27:35.274  1162  1360 W CallerInfoCache: cursor is null
05-10 20:27:35.277  1162  1162 D CarrierConfigLoader: CarrierConfigLoader has started
05-10 20:27:35.284  1060  1060 I StatusBar: isKeyguardShowing() called before startKeyguard(), returning true
05-10 20:27:35.284  1060  1060 W StatusBar: isKeyguardSecure() called before startKeyguard(), returning false
05-10 20:27:35.284  1060  1060 W StatusBar: java.lang.Throwable
05-10 20:27:35.284  1060  1060 W StatusBar: 	at com.android.systemui.statusbar.phone.StatusBar.isKeyguardSecure(StatusBar.java:7970)
05-10 20:27:35.284  1060  1060 W StatusBar: 	at com.android.systemui.statusbar.phone.StatusBar.isCameraAllowedByAdmin(StatusBar.java:5804)
05-10 20:27:35.284  1060  1060 W StatusBar: 	at com.android.systemui.statusbar.phone.KeyguardBottomAreaView$DefaultRightButton.getIcon(KeyguardBottomAreaView.java:903)
05-10 20:27:35.284  1060  1060 W StatusBar: 	at com.android.systemui.statusbar.phone.KeyguardBottomAreaView.updateCameraVisibility(KeyguardBottomAreaView.java:396)
05-10 20:27:35.284  1060  1060 W StatusBar: 	at com.android.systemui.statusbar.phone.KeyguardBottomAreaView.setUserSetupComplete(KeyguardBottomAreaView.java:368)
05-10 20:27:35.284  1060  1060 W StatusBar: 	at com.android.systemui.statusbar.phone.NotificationPanelView.setUserSetupComplete(NotificationPanelView.java:2743)
05-10 20:27:35.284  1060  1060 W StatusBar: 	at com.android.systemui.statusbar.phone.StatusBar.makeStatusBarView(StatusBar.java:1229)
05-10 20:27:35.284  1060  1060 W StatusBar: 	at com.android.systemui.statusbar.phone.StatusBar.addStatusBarWindow(StatusBar.java:4000)
05-10 20:27:35.284  1060  1060 W StatusBar: 	at com.android.systemui.statusbar.phone.StatusBar.createAndAddWindows(StatusBar.java:3996)
05-10 20:27:35.284  1060  1060 W StatusBar: 	at com.android.systemui.statusbar.phone.StatusBar.start(StatusBar.java:952)
05-10 20:27:35.284  1060  1060 W StatusBar: 	at com.android.systemui.SystemBars.createStatusBarFromConfig(SystemBars.java:71)
05-10 20:27:35.284  1060  1060 W StatusBar: 	at com.android.systemui.SystemBars.start(SystemBars.java:42)
05-10 20:27:35.284  1060  1060 W StatusBar: 	at com.android.systemui.SystemUIApplication.startServicesIfNeeded(SystemUIApplication.java:215)
05-10 20:27:35.284  1060  1060 W StatusBar: 	at com.android.systemui.SystemUIApplication.startServicesIfNeeded(SystemUIApplication.java:164)
05-10 20:27:35.284  1060  1060 W StatusBar: 	at com.android.systemui.SystemUIService.onCreate(SystemUIService.java:33)
05-10 20:27:35.284  1060  1060 W StatusBar: 	at android.app.ActivityThread.handleCreateService(ActivityThread.java:3340)
05-10 20:27:35.284  1060  1060 W StatusBar: 	at android.app.ActivityThread.-wrap4(Unknown Source:0)
05-10 20:27:35.284  1060  1060 W StatusBar: 	at android.app.ActivityThread$H.handleMessage(ActivityThread.java:1678)
05-10 20:27:35.284  1060  1060 W StatusBar: 	at android.os.Handler.dispatchMessage(Handler.java:106)
05-10 20:27:35.284  1060  1060 W StatusBar: 	at android.os.Looper.loop(Looper.java:164)
05-10 20:27:35.284  1060  1060 W StatusBar: 	at android.app.ActivityThread.main(ActivityThread.java:6499)
05-10 20:27:35.284  1060  1060 W StatusBar: 	at java.lang.reflect.Method.invoke(Native Method)
05-10 20:27:35.284  1060  1060 W StatusBar: 	at com.android.internal.os.RuntimeInit$MethodAndArgsCaller.run(RuntimeInit.java:440)
05-10 20:27:35.284  1060  1060 W StatusBar: 	at com.android.internal.os.ZygoteInit.main(ZygoteInit.java:807)
05-10 20:27:35.295  1162  1162 I TelecomFramework: TtyManager: updateUiTtyMode -1 -> 0
05-10 20:27:35.301  1162  1162 D ImsResolver: maybeAddedImsService, packageName: null
05-10 20:27:35.309  1024  1314 I bt_hwcfg: bt vendor lib: set UART baud 115200
05-10 20:27:35.309  1024  1314 D bt_hwcfg: Settlement delay -- 100 ms
05-10 20:27:35.309  1024  1314 I bt_hwcfg: Setting fw settlement delay to 100 
05-10 20:27:35.313  1162  1162 D ServiceStateProvider: subId=-2
05-10 20:27:35.314  1060  1272 W Tile.BluetoothTile: Error in handleSetListening
05-10 20:27:35.314  1060  1272 W Tile.BluetoothTile: java.lang.NullPointerException: Attempt to invoke interface method 'void com.android.systemui.statusbar.policy.BluetoothController.addCallback(java.lang.Object)' on a null object reference
05-10 20:27:35.314  1060  1272 W Tile.BluetoothTile: 	at com.android.systemui.qs.tiles.BluetoothTile.handleSetListening(BluetoothTile.java:85)
05-10 20:27:35.314  1060  1272 W Tile.BluetoothTile: 	at com.android.systemui.qs.tileimpl.QSTileImpl$H.handleMessage(QSTileImpl.java:467)
05-10 20:27:35.314  1060  1272 W Tile.BluetoothTile: 	at android.os.Handler.dispatchMessage(Handler.java:106)
05-10 20:27:35.314  1060  1272 W Tile.BluetoothTile: 	at android.os.Looper.loop(Looper.java:164)
05-10 20:27:35.314  1060  1272 W Tile.BluetoothTile: 	at android.os.HandlerThread.run(HandlerThread.java:65)
05-10 20:27:35.314  1060  1272 W Tile.BluetoothTile: Error in handleSetListening
05-10 20:27:35.314  1060  1272 W Tile.BluetoothTile: java.lang.NullPointerException: Attempt to invoke interface method 'void com.android.systemui.statusbar.policy.BluetoothController.removeCallback(java.lang.Object)' on a null object reference
05-10 20:27:35.314  1060  1272 W Tile.BluetoothTile: 	at com.android.systemui.qs.tiles.BluetoothTile.handleSetListening(BluetoothTile.java:87)
05-10 20:27:35.314  1060  1272 W Tile.BluetoothTile: 	at com.android.systemui.qs.tileimpl.QSTileImpl$H.handleMessage(QSTileImpl.java:467)
05-10 20:27:35.314  1060  1272 W Tile.BluetoothTile: 	at android.os.Handler.dispatchMessage(Handler.java:106)
05-10 20:27:35.314  1060  1272 W Tile.BluetoothTile: 	at android.os.Looper.loop(Looper.java:164)
05-10 20:27:35.314  1060  1272 W Tile.BluetoothTile: 	at android.os.HandlerThread.run(HandlerThread.java:65)
05-10 20:27:35.322  1060  1060 D LocalBluetoothProfileManager: Adding local MAP profile
05-10 20:27:35.323  1060  1060 D BluetoothMap: Create BluetoothMap proxy object
05-10 20:27:35.327  1060  1060 D LocalBluetoothProfileManager: LocalBluetoothProfileManager construction complete
05-10 20:27:35.330  1060  1272 W Tile.DndTile: Error in handleSetListening
05-10 20:27:35.330  1060  1272 W Tile.DndTile: java.lang.NullPointerException: Attempt to invoke interface method 'void com.android.systemui.statusbar.policy.ZenModeController.addCallback(java.lang.Object)' on a null object reference
05-10 20:27:35.330  1060  1272 W Tile.DndTile: 	at com.android.systemui.qs.tiles.DndTile.handleSetListening(DndTile.java:247)
05-10 20:27:35.330  1060  1272 W Tile.DndTile: 	at com.android.systemui.qs.tileimpl.QSTileImpl$H.handleMessage(QSTileImpl.java:467)
05-10 20:27:35.330  1060  1272 W Tile.DndTile: 	at android.os.Handler.dispatchMessage(Handler.java:106)
05-10 20:27:35.330  1060  1272 W Tile.DndTile: 	at android.os.Looper.loop(Looper.java:164)
05-10 20:27:35.330  1060  1272 W Tile.DndTile: 	at android.os.HandlerThread.run(HandlerThread.java:65)
05-10 20:27:35.349  1060  1320 D OpenGLRenderer: profile bars disabled
05-10 20:27:35.349  1060  1320 D OpenGLRenderer: ambientRatio = 1.50
05-10 20:27:35.355  1060  1060 D StatusBar: disable<e i a s b h r c s q >
05-10 20:27:35.356  1162  1162 D PhoneSwitcherNetworkRequstListener: got request NetworkRequest [ TRACK_DEFAULT id=3, [ Capabilities: INTERNET&NOT_RESTRICTED&TRUSTED&NOT_VPN] ] with score 0
05-10 20:27:35.356  1162  1162 D PhoneSwitcherNetworkRequstListener: got request NetworkRequest [ TRACK_DEFAULT id=5, [ Capabilities: INTERNET&NOT_RESTRICTED&TRUSTED&NOT_VPN] ] with score 0
05-10 20:27:35.356  1162  1162 D PhoneSwitcherNetworkRequstListener: got request NetworkRequest [ BACKGROUND_REQUEST id=2, [ Transports: CELLULAR Capabilities: INTERNET&NOT_RESTRICTED&TRUSTED&NOT_VPN] ] with score 0
05-10 20:27:35.356  1162  1162 D PhoneSwitcherNetworkRequstListener: got request NetworkRequest [ REQUEST id=1, [ Capabilities: INTERNET&NOT_RESTRICTED&TRUSTED&NOT_VPN] ] with score 0
05-10 20:27:35.357  1162  1162 D TelephonyDebugService: TelephonyDebugService()
05-10 20:27:35.364  1162  1162 D CarrierConfigLoader: mHandler: 12 phoneId: 0
05-10 20:27:35.364  1162  1162 D CarrierConfigLoader: Build fingerprint changed. old: null new: OPM8.190605.005-dargons10@dargons10-desktop
05-10 20:27:35.377  1162  1162 D PhoneUtils: Logical Modem id:  phoneId: 0
05-10 20:27:35.377  1162  1162 D PhoneUtils: Returning default phone id
05-10 20:27:35.378  1162  1162 E PhoneInterfaceManager: [PhoneIntfMgr] getIccId: No UICC
05-10 20:27:35.384  1162  1162 D OpenGLRenderer: HWUI GL Pipeline
05-10 20:27:35.387  1060  1060 D StatusBar: heads up is enabled
05-10 20:27:35.389   498  1207 W Telecom : : registerPhoneAccount not allowed on non-voice capable device.: TSI.rPA@AAg
05-10 20:27:35.390  1162  1162 I TelecomFramework: AccountEntry: Registered phoneAccount: [[ ] PhoneAccount: ComponentInfo{com.android.phone/com.android.services.telephony.TelephonyConnectionService}, [e0184adedf913b076626646d3f52c3b49c39ad6d], UserHandle{0} Capabilities: CallProvider EmergOnly MultiUser PlaceEmerg SimSub  Audio Routes: BESW Schemes: tel voicemail  Extras: Bundle[{android.telecom.extra.SUPPORTS_VIDEO_CALLING_FALLBACK=false}] GroupId: [da39a3ee5e6b4b0d3255bfef95601890afd80709]] with handle: ComponentInfo{com.android.phone/com.android.services.telephony.TelephonyConnectionService}, [e0184adedf913b076626646d3f52c3b49c39ad6d], UserHandle{0}
05-10 20:27:35.390  1060  1060 D StatusBar: user hasn't seen notification about hidden notifications
05-10 20:27:35.390  1162  1162 I TelecomFramework: PstnIncomingCallNotifier: Registering: Handler (com.android.internal.telephony.GsmCdmaPhone) {13c5749}
05-10 20:27:35.390  1060  1060 D StatusBar: insecure lockscreen, skipping notification
05-10 20:27:35.398  1162  1162 I TelecomFramework: PstnPhoneCapabilitiesNotifier: handleVideoCapabilitesChanged. Video capability - false
05-10 20:27:35.400  1162  1162 E PhoneInterfaceManager: [PhoneIntfMgr] getIccId: No UICC
05-10 20:27:35.404  1060  1060 D SystemUIBootTiming: StartServicesSystemBars took to complete: 437ms
05-10 20:27:35.407   498   580 W Telecom : : registerPhoneAccount not allowed on non-voice capable device.: TSI.rPA@AAw
05-10 20:27:35.410  1060  1060 D StorageNotification: Notifying about private volume: VolumeInfo{private}:
05-10 20:27:35.410  1060  1060 D StorageNotification:     type=PRIVATE diskId=null partGuid=null mountFlags=0 mountUserId=-1 
05-10 20:27:35.410  1060  1060 D StorageNotification:     state=MOUNTED 
05-10 20:27:35.410  1060  1060 D StorageNotification:     fsType=null fsUuid=null fsLabel=null 
05-10 20:27:35.410  1060  1060 D StorageNotification:     path=/data internalPath=null 
05-10 20:27:35.412  1060  1060 D SystemUIBootTiming: StartServicesStorageNotification took to complete: 8ms
05-10 20:27:35.416  1024  1314 I bt_hwcfg: bt vendor lib: set UART baud 3000000
05-10 20:27:35.416  1024  1314 I bt_hwcfg: Setting local bd addr to 98:FA:E3:0F:99:A5
05-10 20:27:35.420   498  1207 E PowerManagerService: Failed to read last_reboot_reason file
05-10 20:27:35.420   498  1207 E PowerManagerService: java.io.FileNotFoundException: /data/misc/reboot/last_reboot_reason (No such file or directory)
05-10 20:27:35.420   498  1207 E PowerManagerService: 	at java.io.FileInputStream.open0(Native Method)
05-10 20:27:35.420   498  1207 E PowerManagerService: 	at java.io.FileInputStream.open(FileInputStream.java:200)
05-10 20:27:35.420   498  1207 E PowerManagerService: 	at java.io.FileInputStream.<init>(FileInputStream.java:150)
05-10 20:27:35.420   498  1207 E PowerManagerService: 	at java.io.FileReader.<init>(FileReader.java:72)
05-10 20:27:35.420   498  1207 E PowerManagerService: 	at com.android.server.power.PowerManagerService.getLastShutdownReasonInternal(PowerManagerService.java:4854)
05-10 20:27:35.420   498  1207 E PowerManagerService: 	at com.android.server.power.PowerManagerService$BinderService.getLastShutdownReason(PowerManagerService.java:4562)
05-10 20:27:35.420   498  1207 E PowerManagerService: 	at android.os.IPowerManager$Stub.onTransact(IPowerManager.java:315)
05-10 20:27:35.420   498  1207 E PowerManagerService: 	at android.os.Binder.execTransact(Binder.java:697)
05-10 20:27:35.421  1060  1060 D SystemUIBootTiming: StartServicesPowerUI took to complete: 9ms
05-10 20:27:35.422  1060  1060 D SystemUIBootTiming: StartServicesRingtonePlayer took to complete: 2ms
05-10 20:27:35.423  1060  1060 D SystemUIBootTiming: StartServicesKeyboardUI took to complete: 1ms
05-10 20:27:35.436  1060  1060 D SystemUIBootTiming: StartServicesPipUI took to complete: 12ms
05-10 20:27:35.438  1060  1060 D SystemUIBootTiming: StartServicesShortcutKeyDispatcher took to complete: 2ms
05-10 20:27:35.438  1060  1060 D AmbientIndicationContainer: Indication set
05-10 20:27:35.438  1060  1060 D AmbientIndicationContainer: Updated view
05-10 20:27:35.438  1060  1060 D AmbientIndicationContainer: Initialized view
05-10 20:27:35.439  1060  1060 D SystemUIBootTiming: StartServicesVendorServices took to complete: 2ms
05-10 20:27:35.440  1060  1060 D SystemUIBootTiming: StartServicesService took to complete: 0ms
05-10 20:27:35.441  1060  1060 D SystemUIBootTiming: StartServicesLatencyTester took to complete: 1ms
05-10 20:27:35.446  1024  1314 I bt_hwcfg: vendor lib fwcfg completed
05-10 20:27:35.446  1024  1314 D android.hardware.bluetooth@1.0-impl: OnFirmwareConfigured result: 0
05-10 20:27:35.446  1024  1314 I android.hardware.bluetooth@1.0-impl: Firmware configured in 0.573s
05-10 20:27:35.446  1024  1314 I android.hardware.bluetooth@1.0-impl: OnFirmwareConfigured: lpm_timeout_ms 1500
05-10 20:27:35.446  1024  1299 I bt_hci  : event_finish_startup
05-10 20:27:35.446  1024  1314 D android.hardware.bluetooth@1.0-impl: OnFirmwareConfigured Calling StartLowPowerWatchdog()
05-10 20:27:35.446  1024  1127 I bt_core_module: module_start_up Started module "hci_module"
05-10 20:27:35.447  1024  1363 I bt_osi_thread: run_thread: thread id 1363, thread name bt_workqueue started
05-10 20:27:35.447  1024  1314 D android.hardware.bluetooth@1.0-impl: low_power_mode_cb result: 0
05-10 20:27:35.447  1024  1363 I         : [0510/202735:INFO:btu_task.cc(107)] Bluetooth chip preload is complete
05-10 20:27:35.448  1024  1363 I         : [0510/202735:INFO:gatt_api.cc(1004)] GATT_Register
05-10 20:27:35.448  1024  1363 I         : [0510/202735:INFO:gatt_api.cc(1027)] allocated gatt_if=1
05-10 20:27:35.448  1024  1363 I         : [0510/202735:INFO:gatt_api.cc(207)] GATTS_AddService
05-10 20:27:35.448  1060  1060 D SystemUIBootTiming: StartServicesGlobalActionsComponent took to complete: 8ms
05-10 20:27:35.448  1024  1363 I         : [0510/202735:INFO:gatt_api.cc(317)] GATTS_AddService: service parsed correctly, now starting
05-10 20:27:35.449  1024  1363 E         : [0510/202735:ERROR:gatt_attr.cc(301)] gatt_profile_db_init:  gatt_if=1
05-10 20:27:35.449  1060  1060 D SystemUIBootTiming: StartServicesRoundedCorners took to complete: 0ms
05-10 20:27:35.449  1060  1060 D SystemUIBootTiming: StartServices took to complete: 1563ms
05-10 20:27:35.449  1024  1363 I         : [0510/202735:INFO:gatt_api.cc(1004)] GATT_Register
05-10 20:27:35.449  1024  1363 I         : [0510/202735:INFO:gatt_api.cc(1027)] allocated gatt_if=2
05-10 20:27:35.449  1024  1363 I         : [0510/202735:INFO:gatt_api.cc(207)] GATTS_AddService
05-10 20:27:35.449  1024  1363 I         : [0510/202735:INFO:gatt_api.cc(317)] GATTS_AddService: service parsed correctly, now starting
05-10 20:27:35.450  1024  1364 I bt_osi_thread: run_thread: thread id 1364, thread name btu message loop started
05-10 20:27:35.450  1024  1365 I bt_osi_thread: run_thread: thread id 1365, thread name module_wrapper started
05-10 20:27:35.450  1024  1365 I bt_core_module: module_start_up Starting module "controller_module"
05-10 20:27:35.487  1060  1320 D vndksupport: Loading /vendor/lib/egl/libEGL_tegra.so from current namespace instead of sphal namespace.
05-10 20:27:35.494  1060  1060 D ViewRootImpl[StatusBar]: changeCanvasOpacity: opaque=true
05-10 20:27:35.501  1060  1320 D libEGL  : loaded /vendor/lib/egl/libEGL_tegra.so
05-10 20:27:35.503  1060  1320 D vndksupport: Loading /vendor/lib/egl/libGLESv1_CM_tegra.so from current namespace instead of sphal namespace.
05-10 20:27:35.565  1060  1320 D libEGL  : loaded /vendor/lib/egl/libGLESv1_CM_tegra.so
05-10 20:27:35.572  1060  1060 D AmbientIndicationContainer: Indication set
05-10 20:27:35.572  1060  1060 D AmbientIndicationContainer: Updated view
05-10 20:27:35.595  1060  1320 D vndksupport: Loading /vendor/lib/egl/libGLESv2_tegra.so from current namespace instead of sphal namespace.
05-10 20:27:35.597  1060  1320 D libEGL  : loaded /vendor/lib/egl/libGLESv2_tegra.so
05-10 20:27:35.632  1060  1060 I RenderThread: type=1400 audit(0.0:138): avc: denied { search } for name="soc0" dev="sysfs" ino=244 scontext=u:r:platform_app:s0:c512,c768 tcontext=u:object_r:sysfs_soc:s0 tclass=dir permissive=1
05-10 20:27:35.632  1060  1060 I RenderThread: type=1400 audit(0.0:139): avc: denied { read } for name="family" dev="sysfs" ino=247 scontext=u:r:platform_app:s0:c512,c768 tcontext=u:object_r:sysfs_soc:s0 tclass=file permissive=1
05-10 20:27:35.632  1060  1060 I RenderThread: type=1400 audit(0.0:140): avc: denied { open } for path="/sys/devices/soc0/family" dev="sysfs" ino=247 scontext=u:r:platform_app:s0:c512,c768 tcontext=u:object_r:sysfs_soc:s0 tclass=file permissive=1
05-10 20:27:35.632  1060  1060 I RenderThread: type=1400 audit(0.0:141): avc: denied { getattr } for path="/sys/devices/soc0/family" dev="sysfs" ino=247 scontext=u:r:platform_app:s0:c512,c768 tcontext=u:object_r:sysfs_soc:s0 tclass=file permissive=1
05-10 20:27:35.644  1060  1320 D vndksupport: Loading /vendor/lib/hw/gralloc.tegra.so from current namespace instead of sphal namespace.
05-10 20:27:35.647  1060  1320 D NvOsDebugPrintf: NvRmPrivGetChipPlatform: Could not read platform information 
05-10 20:27:35.647  1060  1320 D NvOsDebugPrintf: Expected on kernels without fuse support, using silicon
05-10 20:27:35.651  1060  1320 I com.android.systemui: android::hardware::configstore::V1_0::ISurfaceFlingerConfigs::hasWideColorDisplay retrieved: 0
05-10 20:27:35.651  1060  1320 I OpenGLRenderer: Initialized EGL, version 1.4
05-10 20:27:35.651  1060  1320 D OpenGLRenderer: Swap behavior 2
05-10 20:27:35.699  1024  1365 I bt_core_module: module_start_up Started module "controller_module"
05-10 20:27:35.700  1024  1365 W bt_osi_thread: run_thread: thread id 1365, thread name module_wrapper exited
05-10 20:27:35.700  1024  1363 W bt_btm  : btm_decode_ext_features_page: feature page 1 ignored
05-10 20:27:35.700  1024  1363 W bt_btm  : btm_decode_ext_features_page: feature page 2 ignored
05-10 20:27:35.700  1024  1364 I bt_btm_sec: BTM_SecRegister p_cb_info->p_le_callback == 0x0x8fb8ad89
05-10 20:27:35.700  1024  1364 I bt_btm_sec: BTM_SecRegister btm_cb.api.p_le_callback = 0x0x8fb8ad89 
05-10 20:27:35.701  1024  1364 I bt_stack: [INFO:ble_advertiser_hci_interface.cc(748)] Legacy advertising will be in use
05-10 20:27:35.701  1024  1364 I bt_stack: [INFO:gatt_api.cc(1004)] GATT_Register
05-10 20:27:35.701  1024  1364 I bt_stack: [INFO:gatt_api.cc(1027)] allocated gatt_if=3
05-10 20:27:35.708  1024  1136 E bt_btif_storage: btif_storage_get_adapter_property: Controller ready!
05-10 20:27:35.708  1024  1136 I bt_btif_storage: btif_storage_get_adapter_property service_mask:0x20000000
05-10 20:27:35.709  1024  1136 D BluetoothAdapterProperties: Address is:98:FA:E3:0F:99:A5
05-10 20:27:35.710   498   498 D BluetoothManagerService: Bluetooth Adapter address changed to 98:FA:E3:0F:99:A5
05-10 20:27:35.710   498   498 D BluetoothManagerService: Stored Bluetoothaddress: 98:FA:E3:0F:99:A5
05-10 20:27:35.712   498   498 D BluetoothManagerService: Bluetooth Adapter name changed to MI PAD
05-10 20:27:35.712  1024  1136 D BluetoothAdapterProperties: Name is: MI PAD
05-10 20:27:35.713   498   498 D BluetoothManagerService: Stored Bluetooth name: MI PAD
05-10 20:27:35.713  1024  1136 D BluetoothAdapterProperties: Scan Mode:20
05-10 20:27:35.713  1024  1136 D BluetoothAdapterProperties: Discoverable Timeout:120
05-10 20:27:35.714  1024  1136 I bt_btif_core: btif_enable_bluetooth_evt entered: status 0
05-10 20:27:35.714  1024  1136 W bt_btif : btif_enable_bluetooth_evt: Saving the Adapter Address
05-10 20:27:35.717  1024  1136 D BluetoothAdapterProperties: Address is:98:FA:E3:0F:99:A5
05-10 20:27:35.719   498   498 D BluetoothManagerService: Bluetooth Adapter address changed to 98:FA:E3:0F:99:A5
05-10 20:27:35.719   498   498 D BluetoothManagerService: Stored Bluetoothaddress: 98:FA:E3:0F:99:A5
05-10 20:27:35.720  1024  1375 I bt_osi_thread: run_thread: thread id 1375, thread name btif_sock started
05-10 20:27:35.722  1024  1136 D bt_bte_conf: Device ID record 1 : primary
05-10 20:27:35.722  1024  1136 D bt_bte_conf:   vendorId            = 000f
05-10 20:27:35.722  1024  1136 D bt_bte_conf:   vendorIdSource      = 0001
05-10 20:27:35.722  1024  1136 D bt_bte_conf:   product             = 1200
05-10 20:27:35.722  1024  1136 D bt_bte_conf:   version             = 1436
05-10 20:27:35.722  1024  1136 D bt_bte_conf:   clientExecutableURL = 
05-10 20:27:35.722  1024  1136 D bt_bte_conf:   serviceDescription  = 
05-10 20:27:35.722  1024  1136 D bt_bte_conf:   documentationURL    = 
05-10 20:27:35.722  1024  1136 D bt_bte_conf: bte_load_did_conf no section named DID2.
05-10 20:27:35.722  1024  1136 I bt_btif_core: btif_enable_bluetooth_evt finished
05-10 20:27:35.722  1024  1127 I bt_stack_manager: event_start_up_stack finished
05-10 20:27:35.723  1024  1125 V BluetoothAdapterState: PendingCommand - transient state(s): isBleTurningOn
05-10 20:27:35.723  1024  1125 D BluetoothAdapterState: Current state: PENDING_COMMAND, message: 3
05-10 20:27:35.723  1024  1125 D BluetoothAdapterProperties: Setting state to 15
05-10 20:27:35.723  1024  1125 I BluetoothAdapterState: Bluetooth adapter state changed: 14-> 15
05-10 20:27:35.723  1024  1125 D BluetoothAdapterService: updateAdapterState() - Broadcasting state to 1 receivers.
05-10 20:27:35.723   498   547 D BluetoothManagerService: MESSAGE_BLUETOOTH_STATE_CHANGE: BLE_TURNING_ON > BLE_ON
05-10 20:27:35.723   498   547 D BluetoothManagerService: Bluetooth is in LE only mode
05-10 20:27:35.723  1024  1125 I BluetoothAdapterState: Entering BleOnState
05-10 20:27:35.723   498   547 D BluetoothManagerService: Binding Bluetooth GATT service
05-10 20:27:35.724   498   547 D BluetoothManagerService: Sending BLE State Change: BLE_TURNING_ON > BLE_ON
05-10 20:27:35.725   498   498 D BluetoothManagerService: BluetoothServiceConnection: com.android.bluetooth.gatt.GattService
05-10 20:27:35.725   498   547 D BluetoothManagerService: MESSAGE_BLUETOOTH_SERVICE_CONNECTED: 2
05-10 20:27:35.725   498   547 D BluetoothManagerService: BluetoothGatt Service is Up
05-10 20:27:35.726  1024  1125 D BluetoothAdapterState: Current state: BLE ON, message: 1
05-10 20:27:35.726  1024  1125 D BluetoothAdapterProperties: Setting state to 11
05-10 20:27:35.726  1024  1125 I BluetoothAdapterState: Bluetooth adapter state changed: 15-> 11
05-10 20:27:35.726  1024  1125 D BluetoothAdapterService: updateAdapterState() - Broadcasting state to 1 receivers.
05-10 20:27:35.726   498   547 D BluetoothManagerService: Persisting Bluetooth Setting: 1
05-10 20:27:35.727  1024  1125 D BluetoothAdapterService: startCoreServices()
05-10 20:27:35.727  1024  1125 D BluetoothAdapterService: setProfileServiceState() - Starting service com.android.bluetooth.hfp.HeadsetService
05-10 20:27:35.727   498   547 D BluetoothManagerService: MESSAGE_BLUETOOTH_STATE_CHANGE: BLE_ON > TURNING_ON
05-10 20:27:35.727   498   547 D BluetoothManagerService: Sending BLE State Change: BLE_ON > TURNING_ON
05-10 20:27:35.728  1024  1125 D BluetoothAdapterService: setProfileServiceState() - Starting service com.android.bluetooth.a2dp.A2dpService
05-10 20:27:35.730  1024  1125 D BluetoothAdapterService: setProfileServiceState() - Starting service com.android.bluetooth.hid.HidService
05-10 20:27:35.730  1024  1024 D BluetoothAdapterService: getAdapterService() - returning com.android.bluetooth.btservice.AdapterService@4335819
05-10 20:27:35.730  1162  1181 D BluetoothHeadset: Proxy object connected
05-10 20:27:35.731   498   498 I Telecom : : - Got BluetoothHeadset: com.android.server.telecom.BluetoothHeadsetProxy@ed57d65: BMSL.oSC@AA0
05-10 20:27:35.731  1024  1024 D HeadsetService: Received start request. Starting profile...
05-10 20:27:35.731  1024  1125 D BluetoothAdapterService: setProfileServiceState() - Starting service com.android.bluetooth.hdp.HealthService
05-10 20:27:35.732  1024  1024 I BluetoothHeadsetServiceJni: classInitNative: succeeds
05-10 20:27:35.733  1024  1024 D HeadsetStateMachine: make
05-10 20:27:35.733  1024  1125 D BluetoothAdapterService: setProfileServiceState() - Starting service com.android.bluetooth.pan.PanService
05-10 20:27:35.734  1024  1125 D BluetoothAdapterService: setProfileServiceState() - Starting service com.android.bluetooth.map.BluetoothMapService
05-10 20:27:35.735  1024  1125 D BluetoothAdapterService: setProfileServiceState() - Starting service com.android.bluetooth.opp.BluetoothOppService
05-10 20:27:35.737  1024  1125 D BluetoothAdapterService: setProfileServiceState() - Starting service com.android.bluetooth.pbap.BluetoothPbapService
05-10 20:27:35.738  1024  1024 D HeadsetStateMachine: max_hf_connections = 1
05-10 20:27:35.738  1024  1024 D HeadsetStateMachine: in-band_ringing_support = false
05-10 20:27:35.738  1024  1024 I bt_btif : get_profile_interface: id = handsfree
05-10 20:27:35.738  1024  1136 I bt_btif_storage: btif_storage_get_adapter_property service_mask:0x20000040
05-10 20:27:35.738  1024  1136 E bt_btif : btif_hf_upstreams_evt: Invalid index 11572
05-10 20:27:35.739  1024  1364 I bt_stack: [INFO:port_api.cc(123)] RFCOMM_CreateConnection BDA: ff:ff:ff:ff:ff:ff
05-10 20:27:35.739  1024  1125 I BluetoothAdapterState: Entering PendingCommandState
05-10 20:27:35.739  1024  1364 I bt_stack: [INFO:port_api.cc(123)] RFCOMM_CreateConnection BDA: ff:ff:ff:ff:ff:ff
05-10 20:27:35.740  1024  1024 D BluetoothAdapterService: getAdapterService() - returning com.android.bluetooth.btservice.AdapterService@4335819
05-10 20:27:35.743  1024  1024 D BluetoothAdapterService: getAdapterService() - returning com.android.bluetooth.btservice.AdapterService@4335819
05-10 20:27:35.743  1024  1024 D A2dpService: Received start request. Starting profile...
05-10 20:27:35.743  1024  1024 I BluetoothAvrcpServiceJni: classInitNative: succeeds
05-10 20:27:35.744  1024  1024 V Avrcp   : make
05-10 20:27:35.745  1024  1024 I bt_btif : get_profile_interface: id = avrcp
05-10 20:27:35.751   498  1161 I chatty  : uid=1000(system) Binder:498_4 expire 1 line
05-10 20:27:35.752  1024  1024 V Avrcp   : initMediaPlayerInfoList: 0 controllers
05-10 20:27:35.754  1024  1024 V Avrcp   : updatePlaybackState (1): -10(PlaybackState {state=0, position=-1, buffered position=0, speed=0.0, updated=154737, actions=0, custom actions=[], active item id=-1, error=null})
05-10 20:27:35.754  1024  1024 I Avrcp   : Skipping update due to invalid playback state
05-10 20:27:35.754  1024  1024 E Avrcp   : play status change -10 mPlayStatusChangedNT: 1
05-10 20:27:35.754  1024  1024 E bt_btif : register_notification_rsp: Avrcp device is not connected, handle: 0x0
05-10 20:27:35.754  1024  1024 D Avrcp   : sendPlayPosNotificationRsp: Not registered or requesting.
05-10 20:27:35.755  1024  1024 I BluetoothA2dpServiceJni: classInitNative: succeeds
05-10 20:27:35.756  1024  1024 D A2dpStateMachine: make
05-10 20:27:35.756  1024  1024 I bt_btif : get_profile_interface: id = a2dp
05-10 20:27:35.757  1024  1381 I bt_osi_thread: run_thread: thread id 1381, thread name btif_a2dp_source started
05-10 20:27:35.757  1024  1024 D a2dp_codec: init
05-10 20:27:35.757  1024  1024 D a2dp_codec: createCodec: codec SBC
05-10 20:27:35.757  1024  1024 I a2dp_codec: init: updated SBC codec priority to 1001
05-10 20:27:35.757  1024  1024 D a2dp_codec: createCodec: codec AAC
05-10 20:27:35.757  1024  1024 I a2dp_codec: init: updated AAC codec priority to 2001
05-10 20:27:35.757  1024  1024 D a2dp_codec: createCodec: codec aptX
05-10 20:27:35.757  1024  1364 I bt_bta_av: AVRCP version used for sdp: "avrcp14"
05-10 20:27:35.757  1024  1136 I bt_btif_storage: btif_storage_get_adapter_property service_mask:0x20000048
05-10 20:27:35.758  1024  1136 E bt_btif : btif_sm_dispatch : Invalid handle
05-10 20:27:35.758  1024  1136 E bt_btif : btif_sm_dispatch : Invalid handle
05-10 20:27:35.759  1024  1024 E a2dp_vendor_aptx_encoder: A2DP_VendorLoadEncoderAptx: cannot open aptX encoder library libaptX_encoder.so: dlopen failed: library "libaptX_encoder.so" not found
05-10 20:27:35.759  1024  1024 E a2dp_vendor_aptx: init: cannot load the encoder
05-10 20:27:35.759  1024  1024 D a2dp_codec: createCodec: codec aptX-HD
05-10 20:27:35.761  1024  1024 E a2dp_vendor_aptx_hd_encoder: A2DP_VendorLoadEncoderAptxHd: cannot open aptX-HD encoder library libaptXHD_encoder.so: dlopen failed: library "libaptXHD_encoder.so" not found
05-10 20:27:35.761  1024  1024 E a2dp_vendor_aptx_hd: init: cannot load the encoder
05-10 20:27:35.761  1024  1024 D a2dp_codec: createCodec: codec LDAC
05-10 20:27:35.766  1060  1320 D vndksupport: Loading /vendor/lib/hw/android.hardware.graphics.mapper@2.0-impl.so from current namespace instead of sphal namespace.
05-10 20:27:35.767  1024  1024 I a2dp_codec: init: updated LDAC codec priority to 5001
05-10 20:27:35.767  1024  1024 D a2dp_codec: createCodec: codec SBC SINK
05-10 20:27:35.767  1024  1024 I a2dp_codec: init: initialized Source codec LDAC
05-10 20:27:35.767  1024  1024 I a2dp_codec: init: initialized Source codec AAC
05-10 20:27:35.767  1024  1024 I a2dp_codec: init: initialized Source codec SBC
05-10 20:27:35.767  1024  1024 I a2dp_codec: init: initialized Sink codec SBC(Sink)
05-10 20:27:35.767  1060  1320 D vndksupport: Loading /vendor/lib/hw/gralloc.tegra.so from current namespace instead of sphal namespace.
05-10 20:27:35.767  1024  1024 W bt_btif : ## ON A2DP IDLE ## peer_sep = 0
05-10 20:27:35.767  1024  1136 I BluetoothA2dpServiceJni: bta2dp_audio_config_callback
05-10 20:27:35.768  1024  1136 D A2dpStateMachine: A2DP Codec Config: null->{codecName:SBC,mCodecType:0,mCodecPriority:0,mSampleRate:0x0(NONE),mBitsPerSample:0x0(NONE),mChannelMode:0x0(NONE),mCodecSpecific1:0,mCodecSpecific2:0,mCodecSpecific3:0,mCodecSpecific4:0}
05-10 20:27:35.768  1024  1136 D A2dpStateMachine: A2DP Codec Local Capability: {codecName:LDAC,mCodecType:4,mCodecPriority:5001,mSampleRate:0xf(44100|48000|88200|96000),mBitsPerSample:0x7(16|24|32),mChannelMode:0x2(STEREO),mCodecSpecific1:0,mCodecSpecific2:0,mCodecSpecific3:0,mCodecSpecific4:0}
05-10 20:27:35.768  1024  1136 D A2dpStateMachine: A2DP Codec Local Capability: {codecName:AAC,mCodecType:1,mCodecPriority:2001,mSampleRate:0x1(44100),mBitsPerSample:0x1(16),mChannelMode:0x2(STEREO),mCodecSpecific1:0,mCodecSpecific2:0,mCodecSpecific3:0,mCodecSpecific4:0}
05-10 20:27:35.768  1024  1136 D A2dpStateMachine: A2DP Codec Local Capability: {codecName:SBC,mCodecType:0,mCodecPriority:1001,mSampleRate:0x1(44100),mBitsPerSample:0x1(16),mChannelMode:0x3(MONO|STEREO),mCodecSpecific1:0,mCodecSpecific2:0,mCodecSpecific3:0,mCodecSpecific4:0}
05-10 20:27:35.768  1024  1379 D A2dpStateMachine: Enter Disconnected: -2
05-10 20:27:35.769  1024  1024 D BluetoothAdapterService: getAdapterService() - returning com.android.bluetooth.btservice.AdapterService@4335819
05-10 20:27:35.770  1024  1024 I BluetoothHidServiceJni: classInitNative: succeeds
05-10 20:27:35.771  1024  1024 D BluetoothAdapterService: getAdapterService() - returning com.android.bluetooth.btservice.AdapterService@4335819
05-10 20:27:35.772  1024  1024 D HidService: Received start request. Starting profile...
05-10 20:27:35.772  1024  1024 I bt_btif : get_profile_interface: id = hidhost
05-10 20:27:35.772  1024  1136 I bt_bta_hh: BTA_HhEnable sec_mask:0x36 p_cback:0x8fbdd605
05-10 20:27:35.772  1024  1136 I bt_btif_storage: btif_storage_get_adapter_property service_mask:0x20100048
05-10 20:27:35.772  1024  1364 I bt_stack: [INFO:gatt_api.cc(1004)] GATT_Register
05-10 20:27:35.772  1024  1024 D HidService: setHidService(): set to: null
05-10 20:27:35.772  1024  1364 I bt_stack: [INFO:gatt_api.cc(1027)] allocated gatt_if=4
05-10 20:27:35.772  1024  1024 D BluetoothAdapterService: getAdapterService() - returning com.android.bluetooth.btservice.AdapterService@4335819
05-10 20:27:35.773  1024  1024 I BluetoothHealthServiceJni: classInitNative: succeeds
05-10 20:27:35.774  1024  1024 D BluetoothAdapterService: getAdapterService() - returning com.android.bluetooth.btservice.AdapterService@4335819
05-10 20:27:35.774  1024  1024 D HealthService: Received start request. Starting profile...
05-10 20:27:35.776  1024  1024 I bt_btif : get_profile_interface: id = health
05-10 20:27:35.776  1024  1024 D BluetoothAdapterService: getAdapterService() - returning com.android.bluetooth.btservice.AdapterService@4335819
05-10 20:27:35.777  1024  1024 I BluetoothPanServiceJni: classInitNative(L111): succeeds
05-10 20:27:35.779  1024  1024 D BluetoothAdapterService: getAdapterService() - returning com.android.bluetooth.btservice.AdapterService@4335819
05-10 20:27:35.779  1024  1024 D PanService: Received start request. Starting profile...
05-10 20:27:35.779  1024  1024 D BluetoothPanServiceJni: initializeNative(L116): pan
05-10 20:27:35.779  1024  1024 I bt_btif : get_profile_interface: id = pan
05-10 20:27:35.780  1024  1136 D BluetoothPanServiceJni: control_state_callback(L63): state:0, local_role:3, ifname:bt-pan
05-10 20:27:35.781  1024  1024 D BluetoothAdapterService: getAdapterService() - returning com.android.bluetooth.btservice.AdapterService@4335819
05-10 20:27:35.784  1024  1024 D BluetoothAdapterService: getAdapterService() - returning com.android.bluetooth.btservice.AdapterService@4335819
05-10 20:27:35.784  1024  1024 D BluetoothMapService: Received start request. Starting profile...
05-10 20:27:35.784  1024  1024 D BluetoothMapService: start()
05-10 20:27:35.785   498   994 D WifiService: New client listening to asynchronous messages
05-10 20:27:35.788  1024  1024 D BluetoothMapAccountLoader: Found 0 application(s) with intent android.bluetooth.action.BLUETOOTH_MAP_PROVIDER
05-10 20:27:35.789  1024  1024 D BluetoothMapAccountLoader: Found 0 application(s) with intent android.bluetooth.action.BLUETOOTH_MAP_IM_PROVIDER
05-10 20:27:35.789  1024  1024 D BluetoothMapAppObserver: createReceiver()
05-10 20:27:35.790  1024  1024 D BluetoothMapAppObserver: initObservers()
05-10 20:27:35.790  1024  1024 D BluetoothMapAppObserver: getEnabledAccountItems()
05-10 20:27:35.791  1024  1024 D BluetoothAdapterService: getAdapterService() - returning com.android.bluetooth.btservice.AdapterService@4335819
05-10 20:27:35.804  1024  1024 D BluetoothAdapterService: getAdapterService() - returning com.android.bluetooth.btservice.AdapterService@4335819
05-10 20:27:35.805  1024  1024 D BluetoothOppService: Received start request. Starting profile...
05-10 20:27:35.805  1024  1024 D BluetoothAdapterService: getAdapterService() - returning com.android.bluetooth.btservice.AdapterService@4335819
05-10 20:27:35.806  1024  1024 V BluetoothPbapService: PbapBinder()
05-10 20:27:35.811  1024  1024 D BluetoothAdapterService: getAdapterService() - returning com.android.bluetooth.btservice.AdapterService@4335819
05-10 20:27:35.812  1024  1024 D BluetoothPbapService: Received start request. Starting profile...
05-10 20:27:35.812  1024  1024 V BluetoothPbapService: start()
05-10 20:27:35.813  1024  1024 D BluetoothPbapService: Registering observer
05-10 20:27:35.817  1024  1024 D BluetoothAdapterService: getAdapterService() - returning com.android.bluetooth.btservice.AdapterService@4335819
05-10 20:27:35.817  1024  1024 D BluetoothAdapterService: handleMessage() - Message: 1
05-10 20:27:35.817  1024  1024 D BluetoothAdapterService: handleMessage() - MESSAGE_PROFILE_SERVICE_STATE_CHANGED
05-10 20:27:35.817  1024  1024 D BluetoothAdapterService: processProfileServiceStateChanged() - serviceName=com.android.bluetooth.hfp.HeadsetService isTurningOn=true isTurningOff=false isBleTurningOn=false isBleTurningOff=false
05-10 20:27:35.817  1024  1377 D HeadsetPhoneState: sendDeviceStateChanged. mService=0 mIsSimStateLoaded=false mSignal=0 mRoam=0 mBatteryCharge=4
05-10 20:27:35.818  1024  1024 D BluetoothAdapterService: onProfileServiceStateChange() - Profile still not running:com.android.bluetooth.a2dp.A2dpService
05-10 20:27:35.818  1024  1024 D BluetoothAdapterService: handleMessage() - Message: 1
05-10 20:27:35.819  1024  1024 D BluetoothAdapterService: handleMessage() - MESSAGE_PROFILE_SERVICE_STATE_CHANGED
05-10 20:27:35.819  1024  1024 D BluetoothAdapterService: processProfileServiceStateChanged() - serviceName=com.android.bluetooth.a2dp.A2dpService isTurningOn=true isTurningOff=false isBleTurningOn=false isBleTurningOff=false
05-10 20:27:35.819  1024  1024 D BluetoothAdapterService: onProfileServiceStateChange() - Profile still not running:com.android.bluetooth.map.BluetoothMapService
05-10 20:27:35.819  1024  1024 D BluetoothAdapterService: handleMessage() - Message: 1
05-10 20:27:35.819  1024  1024 D BluetoothAdapterService: handleMessage() - MESSAGE_PROFILE_SERVICE_STATE_CHANGED
05-10 20:27:35.819  1024  1024 D BluetoothAdapterService: processProfileServiceStateChanged() - serviceName=com.android.bluetooth.hid.HidService isTurningOn=true isTurningOff=false isBleTurningOn=false isBleTurningOff=false
05-10 20:27:35.819  1024  1024 D BluetoothAdapterService: onProfileServiceStateChange() - Profile still not running:com.android.bluetooth.map.BluetoothMapService
05-10 20:27:35.819  1024  1024 D BluetoothAdapterService: handleMessage() - Message: 1
05-10 20:27:35.820  1024  1024 D BluetoothAdapterService: handleMessage() - MESSAGE_PROFILE_SERVICE_STATE_CHANGED
05-10 20:27:35.820  1024  1024 D BluetoothAdapterService: processProfileServiceStateChanged() - serviceName=com.android.bluetooth.hdp.HealthService isTurningOn=true isTurningOff=false isBleTurningOn=false isBleTurningOff=false
05-10 20:27:35.820  1024  1024 D BluetoothAdapterService: onProfileServiceStateChange() - Profile still not running:com.android.bluetooth.map.BluetoothMapService
05-10 20:27:35.820  1024  1024 D BluetoothAdapterService: handleMessage() - Message: 1
05-10 20:27:35.820  1024  1024 D BluetoothAdapterService: handleMessage() - MESSAGE_PROFILE_SERVICE_STATE_CHANGED
05-10 20:27:35.821  1024  1024 D BluetoothAdapterService: processProfileServiceStateChanged() - serviceName=com.android.bluetooth.pan.PanService isTurningOn=true isTurningOff=false isBleTurningOn=false isBleTurningOff=false
05-10 20:27:35.821  1024  1024 D BluetoothAdapterService: onProfileServiceStateChange() - Profile still not running:com.android.bluetooth.map.BluetoothMapService
05-10 20:27:35.821  1024  1024 D BluetoothAdapterService: handleMessage() - Message: 1
05-10 20:27:35.821  1024  1024 D BluetoothAdapterService: handleMessage() - MESSAGE_PROFILE_SERVICE_STATE_CHANGED
05-10 20:27:35.821  1024  1024 D BluetoothAdapterService: processProfileServiceStateChanged() - serviceName=com.android.bluetooth.map.BluetoothMapService isTurningOn=true isTurningOff=false isBleTurningOn=false isBleTurningOff=false
05-10 20:27:35.821  1024  1024 D BluetoothAdapterService: onProfileServiceStateChange() - Profile still not running:com.android.bluetooth.pbap.BluetoothPbapService
05-10 20:27:35.822  1024  1024 D BluetoothAdapterService: handleMessage() - Message: 1
05-10 20:27:35.822  1024  1024 D BluetoothAdapterService: handleMessage() - MESSAGE_PROFILE_SERVICE_STATE_CHANGED
05-10 20:27:35.822  1024  1024 D BluetoothAdapterService: processProfileServiceStateChanged() - serviceName=com.android.bluetooth.opp.BluetoothOppService isTurningOn=true isTurningOff=false isBleTurningOn=false isBleTurningOff=false
05-10 20:27:35.822  1024  1024 D BluetoothAdapterService: onProfileServiceStateChange() - Profile still not running:com.android.bluetooth.pbap.BluetoothPbapService
05-10 20:27:35.823  1024  1024 D BluetoothAdapterService: handleMessage() - Message: 1
05-10 20:27:35.823  1024  1024 D BluetoothAdapterService: handleMessage() - MESSAGE_PROFILE_SERVICE_STATE_CHANGED
05-10 20:27:35.823  1024  1024 D BluetoothAdapterService: processProfileServiceStateChanged() - serviceName=com.android.bluetooth.pbap.BluetoothPbapService isTurningOn=true isTurningOff=false isBleTurningOn=false isBleTurningOff=false
05-10 20:27:35.823  1024  1024 D BluetoothAdapterService: onProfileServiceStateChange() - All profile services started.
05-10 20:27:35.823  1024  1125 V BluetoothAdapterState: PendingCommand - transient state(s): isTurningOn
05-10 20:27:35.823  1024  1125 D BluetoothAdapterState: Current state: PENDING_COMMAND, message: 2
05-10 20:27:35.823  1024  1125 D BluetoothAdapterProperties: onBluetoothReady, state=11, ScanMode=20
05-10 20:27:35.823  1024  1125 D BluetoothAdapterProperties: Setting state to 12
05-10 20:27:35.823  1024  1125 I BluetoothAdapterState: Bluetooth adapter state changed: 11-> 12
05-10 20:27:35.824  1024  1125 D BluetoothAdapterService: updateAdapterState() - Broadcasting state to 1 receivers.
05-10 20:27:35.824  1024  1125 I BluetoothAdapterState: Entering OnState
05-10 20:27:35.824   498   547 D BluetoothManagerService: MESSAGE_BLUETOOTH_STATE_CHANGE: TURNING_ON > ON
05-10 20:27:35.824  1024  1125 D BluetoothAdapterService: updateUuids() - Updating UUIDs for bonded devices
05-10 20:27:35.824   498   547 D BluetoothManagerService: Broadcasting onBluetoothStateChange(true) to 8 receivers.
05-10 20:27:35.824   498   547 I chatty  : uid=1000(system) android.io expire 4 lines
05-10 20:27:35.824  1060  1074 D BluetoothMap: onBluetoothStateChange: up=true
05-10 20:27:35.824  1060  1233 D BluetoothPan: onBluetoothStateChange on: true
05-10 20:27:35.824   498   547 D BluetoothManagerService: Sending BLE State Change: TURNING_ON > ON
05-10 20:27:35.825  1060  1073 D BluetoothInputDevice: onBluetoothStateChange: up=true
05-10 20:27:35.825  1162  1181 D BluetoothHeadset: onBluetoothStateChange: up=true
05-10 20:27:35.825  1024  1136 D BluetoothAdapterProperties: Scan Mode:21
05-10 20:27:35.825  1024  1136 D BluetoothAdapterProperties: Discoverable Timeout:120
05-10 20:27:35.827  1060  1392 D BluetoothPbap: onBluetoothStateChange: up=true
05-10 20:27:35.829   498   498 W Telecom : BluetoothPhoneService: Calling get Profile proxy
05-10 20:27:35.829   498   498 W Telecom : BluetoothPhoneService: Done Calling get Profile proxy
05-10 20:27:35.829   498   498 I Telecom : BluetoothPhoneService: queryPhoneState: BPSI.qPS@AA4
05-10 20:27:35.833  1024  1024 D BluetoothMapService: onReceive
05-10 20:27:35.834  1024  1024 D BluetoothMapService: onReceive: android.bluetooth.adapter.action.STATE_CHANGED
05-10 20:27:35.834  1024  1024 D BluetoothMapService: STATE_ON
05-10 20:27:35.835  1060  1272 D LocalBluetoothProfileManager: Adding local A2DP SRC profile
05-10 20:27:35.838  1060  1272 D LocalBluetoothProfileManager: Adding local HEADSET profile
05-10 20:27:35.840  1024  1024 D BluetoothPbapService: action: android.bluetooth.adapter.action.STATE_CHANGED
05-10 20:27:35.840  1024  1024 D BluetoothPbapService: state: 12
05-10 20:27:35.841  1024  1024 D BluetoothAdapterService: isQuetModeEnabled() - Enabled = false
05-10 20:27:35.841  1024  1024 D BluetoothPhonePolicy: autoConnect() - Initiate auto connection on BT on...
05-10 20:27:35.842  1024  1024 D BtOppService: start Socket Listeners
05-10 20:27:35.842  1024  1024 D BtOppService: stopListeners   mServerSocket :null
05-10 20:27:35.842  1024  1024 D ObexServerSockets: create(rfcomm = -2, l2capPsm = -2)
05-10 20:27:35.843  1024  1024 W BluetoothAdapter: getBluetoothService() called with no BluetoothManagerCallback
05-10 20:27:35.844  1060  1272 D LocalBluetoothProfileManager: Handsfree Uuid not found.
05-10 20:27:35.844  1060  1272 D LocalBluetoothProfileManager: MAP Client Uuid not found.
05-10 20:27:35.846  1024  1364 I bt_stack: [INFO:port_api.cc(123)] RFCOMM_CreateConnection BDA: ff:ff:ff:ff:ff:ff
05-10 20:27:35.848  1024  1024 W BluetoothAdapter: getBluetoothService() called with no BluetoothManagerCallback
05-10 20:27:35.850  1024  1024 D ObexServerSockets: Succeed to create listening sockets 
05-10 20:27:35.850  1024  1024 D ObexServerSockets0: startAccept()
05-10 20:27:35.850  1024  1024 D ObexServerSockets0: prepareForNewConnect()
05-10 20:27:35.854  1024  1395 D ObexServerSockets0: Accepting socket connection...
05-10 20:27:35.854  1024  1388 D BluetoothMapMasInstance0: Map Service startRfcommSocketListener
05-10 20:27:35.854  1024  1388 D ObexServerSockets: create(rfcomm = -2, l2capPsm = -2)
