05-10 20:27:32.913   498   498 D ConnectivityService: networkAttributes - ignoring mobile as this dev is wifiOnly 5
05-10 20:27:32.913   498   498 E ConnectivityService: Ignoring protectedNetwork 10
05-10 20:27:32.913   498   498 E ConnectivityService: Ignoring protectedNetwork 11
05-10 20:27:32.913   498   498 E ConnectivityService: Ignoring protectedNetwork 12
05-10 20:27:32.913   498   498 E ConnectivityService: Ignoring protectedNetwork 14
05-10 20:27:32.913   498   498 E ConnectivityService: Ignoring protectedNetwork 15
05-10 20:27:32.922   498   498 D SystemServerTiming: StartConnectivityService took to complete: 14ms
05-10 20:27:32.922   498   498 I SystemServer: StartNsdService
05-10 20:27:32.923   498   498 D NsdService: Network service discovery is enabled
05-10 20:27:32.925   498   498 D SystemServerTiming: StartNsdService took to complete: 4ms
05-10 20:27:32.925   498   498 I SystemServer: StartUpdateLockService
05-10 20:27:32.926   498   498 D SystemServerTiming: StartUpdateLockService took to complete: 1ms
05-10 20:27:32.926   498   498 I SystemServer: WaitForAsecScan
05-10 20:27:32.926   498   498 D SystemServerTiming: WaitForAsecScan took to complete: 0ms
05-10 20:27:32.926   498   498 I SystemServer: StartNotificationManager
05-10 20:27:32.927   498   498 I SystemServiceManager: Starting com.android.server.notification.NotificationManagerService
05-10 20:27:32.937   498   498 D ConditionProviders.SCP: new ScheduleConditionProvider()
05-10 20:27:32.939   498   498 I ConditionProviders:  Allowing condition provider com.google.android.apps.nexuslauncher/com.android.launcher3.notification.NotificationListener
05-10 20:27:32.939   498   498 I NotificationListeners:  Allowing notification listener com.google.android.apps.nexuslauncher/com.android.launcher3.notification.NotificationListener
05-10 20:27:32.939   498   498 I ConditionProviders:  Allowing condition provider com.android.camera2
05-10 20:27:32.939   498   498 D ZenLog  : set_zen_mode: off,init
05-10 20:27:32.943   498   498 D SystemServerTiming: StartNotificationManager took to complete: 17ms
05-10 20:27:32.944   498   498 I SystemServer: StartDeviceMonitor
05-10 20:27:32.944   498   498 I SystemServiceManager: Starting com.android.server.storage.DeviceStorageMonitorService
05-10 20:27:32.945   498   498 D SystemServerTiming: StartDeviceMonitor took to complete: 2ms
05-10 20:27:32.945   498   498 I SystemServer: StartLocationManagerService
05-10 20:27:32.947   498   498 D SystemServerTiming: StartLocationManagerService took to complete: 1ms
05-10 20:27:32.947   498   498 I SystemServer: StartCountryDetectorService
05-10 20:27:32.948   498   498 D SystemServerTiming: StartCountryDetectorService took to complete: 0ms
05-10 20:27:32.948   498   498 I SystemServer: StartSearchManagerService
05-10 20:27:32.948   498   498 I SystemServiceManager: Starting com.android.server.search.SearchManagerService$Lifecycle
05-10 20:27:32.949   498   498 D SystemServerTiming: StartSearchManagerService took to complete: 2ms
05-10 20:27:32.949   498   498 I SystemServer: StartWallpaperManagerService
05-10 20:27:32.950   498   498 I SystemServiceManager: Starting com.android.server.wallpaper.WallpaperManagerService$Lifecycle
05-10 20:27:32.951   498   498 I WallpaperManagerService: No static wallpaper imagery; defaults will be shown
05-10 20:27:32.951   498   498 W WallpaperManagerService: no current wallpaper -- first boot?
05-10 20:27:32.952   498   498 D SystemServerTiming: StartWallpaperManagerService took to complete: 2ms
05-10 20:27:32.952   498   498 I SystemServer: StartAudioService
05-10 20:27:32.952   498   498 I SystemServiceManager: Starting com.android.server.audio.AudioService$Lifecycle
05-10 20:27:32.958   229   294 D PermissionCache: checking android.permission.MODIFY_AUDIO_SETTINGS for uid=1000 => granted (650 us)
05-10 20:27:32.978   184   989 I vold    : Trimmed 10895020032 bytes on /data in 152ms
05-10 20:27:32.978   184   989 D vold    : Starting trim of /sdcard
05-10 20:27:32.978   184   989 W vold    : Failed to open /sdcard: Too many symbolic links encountered
05-10 20:27:32.978   184   989 D vold    : Starting trim of none
05-10 20:27:32.978   184   989 W vold    : Failed to open none: No such file or directory
05-10 20:27:32.978   498   601 D VoldConnector: RCV <- {662 /data 10895020032 152432500}
05-10 20:27:33.002   498   498 D SystemServerTiming: StartAudioService took to complete: 50ms
05-10 20:27:33.002   498   498 I SystemServer: StartDockObserver
05-10 20:27:33.002   498   498 I SystemServiceManager: Starting com.android.server.DockObserver
05-10 20:27:33.002   498   498 W DockObserver: This kernel does not have dock station support
05-10 20:27:33.004   498   498 D SystemServerTiming: StartDockObserver took to complete: 2ms
05-10 20:27:33.004   498   498 I SystemServer: StartWiredAccessoryManager
05-10 20:27:33.005   498   498 W WiredAccessoryManager: This kernel does not have HDMI audio support
05-10 20:27:33.005   498   498 D SystemServerTiming: StartWiredAccessoryManager took to complete: 1ms
05-10 20:27:33.005   498   498 I SystemServer: StartUsbService
05-10 20:27:33.005   498   498 I SystemServiceManager: Starting com.android.server.usb.UsbService$Lifecycle
05-10 20:27:33.017   498   595 I UsbPortManager: Usb hal service started android.hardware.usb@1.0::IUsb default
05-10 20:27:33.018   174   174 W /system/bin/hwservicemanager: getTransport: Cannot find entry android.hardware.usb@1.0::IUsb/default in either framework or device manifest.
05-10 20:27:33.019   206   206 I android.hardware.usb@1.0-service: registering callback
05-10 20:27:33.019   206  1011 E android.hardware.usb@1.0-service: creating thread
05-10 20:27:33.019   206   206 E android.hardware.usb@1.0-service: Failed to open /sys/class/dual_role_usb
05-10 20:27:33.022   498   498 D SystemServerTiming: StartUsbService took to complete: 17ms
05-10 20:27:33.022   498   498 I SystemServer: StartSerialService
05-10 20:27:33.023   498   498 D SystemServerTiming: StartSerialService took to complete: 1ms
05-10 20:27:33.023   498   498 I SystemServer: StartHardwarePropertiesManagerService
05-10 20:27:33.023   174   174 W /system/bin/hwservicemanager: getTransport: Cannot find entry android.hardware.thermal@1.0::IThermal/default in either framework or device manifest.
05-10 20:27:33.037   498   498 D SystemServerTiming: StartHardwarePropertiesManagerService took to complete: 14ms
05-10 20:27:33.037   498   498 I SystemServer: StartTwilightService
05-10 20:27:33.037   498   498 I SystemServiceManager: Starting com.android.server.twilight.TwilightService
05-10 20:27:33.038   498   498 D SystemServerTiming: StartTwilightService took to complete: 0ms
05-10 20:27:33.038   498   498 I SystemServer: StartNightDisplay
05-10 20:27:33.038   498   498 I SystemServiceManager: Starting com.android.server.display.NightDisplayService
05-10 20:27:33.038   498   498 D SystemServerTiming: StartNightDisplay took to complete: 0ms
05-10 20:27:33.038   498   498 I SystemServer: StartJobScheduler
05-10 20:27:33.038   498   498 I SystemServiceManager: Starting com.android.server.job.JobSchedulerService
05-10 20:27:33.041   498   498 I JobStore: Read 0 jobs
05-10 20:27:33.042   498   498 D ConnectivityService: requestNetwork for uid/pid:1000/498 NetworkRequest [ TRACK_DEFAULT id=3, [ Capabilities: INTERNET&NOT_RESTRICTED&TRUSTED&NOT_VPN] ]
05-10 20:27:33.046   498   498 D SystemServerTiming: StartJobScheduler took to complete: 9ms
05-10 20:27:33.049   498   498 I SystemServer: StartSoundTrigger
05-10 20:27:33.049   498   498 I SystemServiceManager: Starting com.android.server.soundtrigger.SoundTriggerService
05-10 20:27:33.051   498   498 D SystemServerTiming: StartSoundTrigger took to complete: 2ms
05-10 20:27:33.051   498   498 I SystemServer: StartTrustManager
05-10 20:27:33.052   498   498 I SystemServiceManager: Starting com.android.server.trust.TrustManagerService
05-10 20:27:33.054   498   498 D SystemServerTiming: StartTrustManager took to complete: 3ms
05-10 20:27:33.054   498   498 I SystemServer: StartBackupManager
05-10 20:27:33.054   498   498 I SystemServiceManager: Starting com.android.server.backup.BackupManagerService$Lifecycle
05-10 20:27:33.056   498   498 D SystemServerTiming: StartBackupManager took to complete: 2ms
05-10 20:27:33.056   498   498 I SystemServer: StartAppWidgerService
05-10 20:27:33.056   498   498 I SystemServiceManager: Starting com.android.server.appwidget.AppWidgetService
05-10 20:27:33.060   498   498 D SystemServerTiming: StartAppWidgerService took to complete: 5ms
05-10 20:27:33.060   498   498 I SystemServer: StartVoiceRecognitionManager
05-10 20:27:33.060   498   498 I SystemServiceManager: Starting com.android.server.voiceinteraction.VoiceInteractionManagerService
05-10 20:27:33.062   498   498 D SystemServerTiming: StartVoiceRecognitionManager took to complete: 1ms
05-10 20:27:33.062   498   498 I SystemServer: StartGestureLauncher
05-10 20:27:33.062   498   498 I SystemServiceManager: Starting com.android.server.GestureLauncherService
05-10 20:27:33.062   498   498 D SystemServerTiming: StartGestureLauncher took to complete: 1ms
05-10 20:27:33.062   498   498 I SystemServer: StartSensorNotification
05-10 20:27:33.062   498   498 I SystemServiceManager: Starting com.android.server.SensorNotificationService
05-10 20:27:33.063   498   498 D SystemServerTiming: StartSensorNotification took to complete: 0ms
05-10 20:27:33.063   498   498 I SystemServer: StartContextHubSystemService
05-10 20:27:33.063   498   498 I SystemServiceManager: Starting com.android.server.ContextHubSystemService
05-10 20:27:33.063   498   498 D SystemServerTiming: StartContextHubSystemService took to complete: 0ms
05-10 20:27:33.063   498   498 I SystemServer: StartDiskStatsService
05-10 20:27:33.063   498   579 D SystemServerInitThreadPool: Started executing Init ContextHubSystemService
05-10 20:27:33.064   174   174 W /system/bin/hwservicemanager: getTransport: Cannot find entry android.hardware.contexthub@1.0::IContexthub/default in either framework or device manifest.
05-10 20:27:33.065   498   498 D SystemServerTiming: StartDiskStatsService took to complete: 2ms
05-10 20:27:33.065   498   498 I SystemServer: StartNetworkTimeUpdateService
05-10 20:27:33.065   498   579 I chatty  : uid=1000 system_server expire 2 lines
05-10 20:27:33.065   498   579 D SystemServerInitThreadPool: Finished executing Init ContextHubSystemService
05-10 20:27:33.066   498   498 D SystemServerTiming: StartNetworkTimeUpdateService took to complete: 1ms
05-10 20:27:33.066   498   498 I SystemServer: StartCommonTimeManagementService
05-10 20:27:33.067   498   498 D SystemServerTiming: StartCommonTimeManagementService took to complete: 1ms
05-10 20:27:33.067   498   498 I SystemServer: CertBlacklister
05-10 20:27:33.068   498   498 D SystemServerTiming: CertBlacklister took to complete: 1ms
05-10 20:27:33.068   498   498 I SystemServer: StartEmergencyAffordanceService
05-10 20:27:33.068   498   498 I SystemServiceManager: Starting com.android.server.emergency.EmergencyAffordanceService
05-10 20:27:33.069   498   498 D SystemServerTiming: StartEmergencyAffordanceService took to complete: 1ms
05-10 20:27:33.069   498   498 I SystemServer: StartDreamManager
05-10 20:27:33.069   498   498 I SystemServiceManager: Starting com.android.server.dreams.DreamManagerService
05-10 20:27:33.070   498   498 D SystemServerTiming: StartDreamManager took to complete: 2ms
05-10 20:27:33.070   498   498 I SystemServer: AddGraphicsStatsService
05-10 20:27:33.073   498   498 D SystemServerTiming: AddGraphicsStatsService took to complete: 3ms
05-10 20:27:33.074   498   498 I SystemServer: StartPrintManager
05-10 20:27:33.074   498   498 I SystemServiceManager: Starting com.android.server.print.PrintManagerService
05-10 20:27:33.076   498   498 D SystemServerTiming: StartPrintManager took to complete: 2ms
05-10 20:27:33.076   498   498 I SystemServer: StartCompanionDeviceManager
05-10 20:27:33.077   498   498 I SystemServiceManager: Starting com.android.server.companion.CompanionDeviceManagerService
05-10 20:27:33.078   498   498 D SystemServerTiming: StartCompanionDeviceManager took to complete: 2ms
05-10 20:27:33.080   498   498 I SystemServer: StartRestrictionManager
05-10 20:27:33.081   498   498 I SystemServiceManager: Starting com.android.server.restrictions.RestrictionsManagerService
05-10 20:27:33.082   498   498 D SystemServerTiming: StartRestrictionManager took to complete: 1ms
05-10 20:27:33.082   498   498 I SystemServer: StartMediaSessionService
05-10 20:27:33.082   498   498 I SystemServiceManager: Starting com.android.server.media.MediaSessionService
05-10 20:27:33.085   498   498 D SystemServerTiming: StartMediaSessionService took to complete: 3ms
05-10 20:27:33.085   498   498 I SystemServer: StartMediaResourceMonitor
05-10 20:27:33.085   498   498 I SystemServiceManager: Starting com.android.server.media.MediaResourceMonitorService
05-10 20:27:33.086   498   498 D SystemServerTiming: StartMediaResourceMonitor took to complete: 1ms
05-10 20:27:33.086   498   498 I SystemServer: StartMediaRouterService
05-10 20:27:33.088   498   498 D SystemServerTiming: StartMediaRouterService took to complete: 2ms
05-10 20:27:33.088   498   498 I SystemServer: StartBackgroundDexOptService
05-10 20:27:33.088   498   498 D SystemServerTiming: StartBackgroundDexOptService took to complete: 1ms
05-10 20:27:33.088   498   498 I SystemServer: StartPruneInstantAppsJobService
05-10 20:27:33.089   498   498 D SystemServerTiming: StartPruneInstantAppsJobService took to complete: 0ms
05-10 20:27:33.089   498   498 I SystemServer: StartShortcutServiceLifecycle
05-10 20:27:33.089   498   498 I SystemServiceManager: Starting com.android.server.pm.ShortcutService$Lifecycle
05-10 20:27:33.091   498   498 D SystemServerTiming: StartShortcutServiceLifecycle took to complete: 3ms
05-10 20:27:33.092   498   498 I SystemServer: StartLauncherAppsService
05-10 20:27:33.092   498   498 I SystemServiceManager: Starting com.android.server.pm.LauncherAppsService
05-10 20:27:33.093   498   498 D SystemServerTiming: StartLauncherAppsService took to complete: 1ms
05-10 20:27:33.093   498   498 I SystemServer: StartMediaProjectionManager
05-10 20:27:33.093   498   498 I SystemServiceManager: Starting com.android.server.media.projection.MediaProjectionManagerService
05-10 20:27:33.097   498   498 D SystemServerTiming: StartMediaProjectionManager took to complete: 4ms
05-10 20:27:33.097   498   498 I SystemServer: StartCameraServiceProxy
05-10 20:27:33.097   498   498 I SystemServiceManager: Starting com.android.server.camera.CameraServiceProxy
05-10 20:27:33.098   498  1016 I ServiceThread: Enabled StrictMode logging for CameraService_proxy looper.
05-10 20:27:33.099   498   498 D SystemServerTiming: StartCameraServiceProxy took to complete: 2ms
05-10 20:27:33.099   498   498 I SystemServer: StartJitCompilation
05-10 20:27:33.099   498   498 D SystemServerTiming: StartJitCompilation took to complete: 0ms
05-10 20:27:33.100   498   498 I SystemServer: StartMmsService
05-10 20:27:33.100   498   498 I SystemServiceManager: Starting com.android.server.MmsServiceBroker
05-10 20:27:33.101   498   498 D SystemServerTiming: StartMmsService took to complete: 2ms
05-10 20:27:33.101   498   498 I SystemServer: StartAutoFillService
05-10 20:27:33.102   498   498 I SystemServiceManager: Starting com.android.server.autofill.AutofillManagerService
05-10 20:27:33.102   498   498 I AutofillManagerService: Setting debug to true
05-10 20:27:33.104   498   498 D SystemServerTiming: StartAutoFillService took to complete: 2ms
05-10 20:27:33.104   498   498 I SystemServer: MakeVibratorServiceReady
05-10 20:27:33.105   498   498 D SystemServerTiming: MakeVibratorServiceReady took to complete: 1ms
05-10 20:27:33.105   498   498 I SystemServer: MakeLockSettingsServiceReady
05-10 20:27:33.137   498   498 I LockSettingsService: Migrated lock settings to new location
05-10 20:27:33.140   498   498 I LockSettingsService: Migrated per-user lock settings to new location
05-10 20:27:33.147   498   498 I LockSettingsService: Migrated biometric weak to use the fallback instead
05-10 20:27:33.153   498   498 I LockSettingsService: Migrated lockscreen disabled flag
05-10 20:27:33.158   174   174 W /system/bin/hwservicemanager: getTransport: Cannot find entry android.hardware.weaver@1.0::IWeaver/default in either framework or device manifest.
05-10 20:27:33.159   498   498 I SyntheticPasswordManager: Device does not support weaver
05-10 20:27:33.160   498   498 E LockSettingsStorage: Cannot read file java.io.FileNotFoundException: /data/system/gatekeeper.password.key: open failed: ENOENT (No such file or directory)
05-10 20:27:33.160   498   498 E LockSettingsStorage: Cannot read file java.io.FileNotFoundException: /data/system/password.key: open failed: ENOENT (No such file or directory)
05-10 20:27:33.160   498   498 E LockSettingsStorage: Cannot read file java.io.FileNotFoundException: /data/system/gatekeeper.pattern.key: open failed: ENOENT (No such file or directory)
05-10 20:27:33.161   498   498 E LockSettingsStorage: Cannot read file java.io.FileNotFoundException: /data/system/gatekeeper.gesture.key: open failed: ENOENT (No such file or directory)
05-10 20:27:33.161   498   498 E LockSettingsStorage: Cannot read file java.io.FileNotFoundException: /data/system/gesture.key: open failed: ENOENT (No such file or directory)
05-10 20:27:33.161   498   498 D SystemServerTiming: MakeLockSettingsServiceReady took to complete: 56ms
05-10 20:27:33.161   498   498 I SystemServer: StartBootPhaseLockSettingsReady
05-10 20:27:33.161   498   498 I SystemServiceManager: Starting phase 480
05-10 20:27:33.164   498   498 D SystemServerTiming: StartBootPhaseLockSettingsReady took to complete: 3ms
05-10 20:27:33.164   498   498 I SystemServer: StartBootPhaseSystemServicesReady
05-10 20:27:33.164   498   498 I SystemServiceManager: Starting phase 500
05-10 20:27:33.177   498   574 I chatty  : uid=1000(system) FontServiceWork expire 38 lines
05-10 20:27:33.179   498   498 I VrManagerService: No default vr listener service found.
05-10 20:27:33.184   498   498 I WifiService: WifiService starting up with Wi-Fi disabled
05-10 20:27:33.190   498   595 I chatty  : uid=1000(system) HwBinder:498_1 expire 1 line
05-10 20:27:33.198   498  1000 D ConnectivityService: Got NetworkFactory Messenger for Ethernet
05-10 20:27:33.198   498  1018 I chatty  : uid=1000(system) EthernetService expire 4 lines
05-10 20:27:33.200   498   498 D ZenLog  : config: cleanUpZenRules,ZenModeConfig[user=0,allowCalls=true,allowRepeatCallers=false,allowMessages=false,allowCallsFrom=contacts,allowMessagesFrom=contacts,allowReminders=true,allowEvents=true,allowWhenScreenOff=true,allowWhenScreenOn=true,automaticRules={EVENTS_DEFAULT_RULE=ZenRule[enabled=false,snoozing=false,name=Event,zenMode=ZEN_MODE_ALARMS,conditionId=condition://android/event?userId=-10000&calendar=&reply=1,condition=null,component=ComponentInfo{android/com.android.server.notification.EventConditionProvider},id=EVENTS_DEFAULT_RULE,creationTime=1589142452936,enabler=null], SCHEDULED_DEFAULT_RULE_1=ZenRule[enabled=false,snoozing=false,name=Weeknight,zenMode=ZEN_MODE_ALARMS,conditionId=condition://android/schedule?days=1.2.3.4.5&start=22.0&end=7.0&exitAtAlarm=false,condition=null,component=ComponentInfo{android/com.android.server.notification.ScheduleConditionProvider},id=SCHEDULED_DEFAULT_RULE_1,creationTime=1589142452936,enabler=null], SCHEDULED_DEFAULT_RULE_2=ZenRule[enabled=false,snoozing=false,name=Weekend,zenMode=ZEN_MODE_ALARMS,conditionId=condition://android/schedule?days=6.7&start=23.30&end=10.0&exitAtAlarm=false,condition=null,component=ComponentInfo{android/com.android.server.notification.ScheduleConditionProvider},id=SCHEDULED_DEFAULT_RULE_2,creationTime=1589142452936,enabler=null]},manualRule=null],Diff[]
05-10 20:27:33.201   498   498 D ZenLog  : set_zen_mode: off,onSystemReady
05-10 20:27:33.204   229   294 D PermissionCache: checking android.permission.CAPTURE_AUDIO_HOTWORD for uid=1000 => granted (109 us)
05-10 20:27:33.204   498   498 W SoundTriggerHelper: listModules status=0, # of modules=0
05-10 20:27:33.205   498   498 D SystemServerTiming: StartBootPhaseSystemServicesReady took to complete: 42ms
05-10 20:27:33.206   498   498 I SystemServer: MakeWindowManagerServiceReady
05-10 20:27:33.210   498   498 D SystemServerTiming: MakeWindowManagerServiceReady took to complete: 5ms
05-10 20:27:33.212   498   498 I SystemServer: MakePowerManagerServiceReady
05-10 20:27:33.216   203   203 I light@2.0-servi: type=1400 audit(0.0:133): avc: denied { getattr } for path="/sys/devices/platform/pwmleds.8/leds/button-backlight/brightness" dev="sysfs" ino=9408 scontext=u:r:hal_light_default:s0 tcontext=u:object_r:sysfs:s0 tclass=file permissive=1
05-10 20:27:33.222   498   550 W KeyguardServiceDelegate: onScreenTurningOn(): no keyguard service!
05-10 20:27:33.222   498   498 D SystemServerTiming: MakePowerManagerServiceReady took to complete: 10ms
05-10 20:27:33.222   498   498 I SystemServer: MakePackageManagerServiceReady
05-10 20:27:33.224   498   498 D VoldConnector: SND -> {4 volume remount_uid 1001 none}
05-10 20:27:33.225   184   187 D vold    : Remounting 1001 as mode none
05-10 20:27:33.236   498   601 D VoldConnector: RCV <- {200 4 Command succeeded}
05-10 20:27:33.237   498   498 D VoldConnector: SND -> {5 volume remount_uid 1001 none}
05-10 20:27:33.237   184   187 D vold    : Remounting 1001 as mode none
05-10 20:27:33.248   498   601 D VoldConnector: RCV <- {200 5 Command succeeded}
05-10 20:27:33.249   498   498 D VoldConnector: SND -> {6 volume remount_uid 1000 none}
05-10 20:27:33.249   184   187 D vold    : Remounting 1000 as mode none
05-10 20:27:33.259   184   187 D vold    : Found matching PID 173
05-10 20:27:33.259   184   187 W vold    : Skipping due to root namespace
05-10 20:27:33.259   184   187 D vold    : Found matching PID 174
05-10 20:27:33.259   184   187 W vold    : Skipping due to root namespace
05-10 20:27:33.259   184   187 D vold    : Found matching PID 175
05-10 20:27:33.259   184   187 W vold    : Skipping due to root namespace
05-10 20:27:33.260   184   187 D vold    : Found matching PID 183
05-10 20:27:33.260   184   187 W vold    : Skipping due to root namespace
05-10 20:27:33.260   184   187 D vold    : Found matching PID 195
05-10 20:27:33.260   184   187 W vold    : Skipping due to root namespace
05-10 20:27:33.260   184   187 D vold    : Found matching PID 198
05-10 20:27:33.260   184   187 W vold    : Skipping due to root namespace
05-10 20:27:33.260   184   187 D vold    : Found matching PID 201
05-10 20:27:33.260   184   187 W vold    : Skipping due to root namespace
05-10 20:27:33.260   184   187 D vold    : Found matching PID 202
05-10 20:27:33.260   184   187 W vold    : Skipping due to root namespace
05-10 20:27:33.260   184   187 D vold    : Found matching PID 203
05-10 20:27:33.261   184   187 W vold    : Skipping due to root namespace
05-10 20:27:33.261   184   187 D vold    : Found matching PID 204
05-10 20:27:33.261   184   187 W vold    : Skipping due to root namespace
05-10 20:27:33.261   184   187 D vold    : Found matching PID 206
05-10 20:27:33.261   184   187 W vold    : Skipping due to root namespace
05-10 20:27:33.261   184   187 D vold    : Found matching PID 208
05-10 20:27:33.261   184   187 W vold    : Skipping due to root namespace
05-10 20:27:33.261   184   187 D vold    : Found matching PID 213
05-10 20:27:33.261   184   187 W vold    : Skipping due to root namespace
05-10 20:27:33.262   184   187 D vold    : Found matching PID 226
05-10 20:27:33.262   184   187 W vold    : Skipping due to root namespace
05-10 20:27:33.262   184   187 D vold    : Found matching PID 253
05-10 20:27:33.262   184   187 W vold    : Skipping due to root namespace
05-10 20:27:33.262   184   187 D vold    : Found matching PID 498
05-10 20:27:33.275   498   601 D VoldConnector: RCV <- {200 6 Command succeeded}
05-10 20:27:33.275   498   498 D VoldConnector: SND -> {7 volume remount_uid 1000 none}
05-10 20:27:33.276   184   187 D vold    : Remounting 1000 as mode none
05-10 20:27:33.286   184   187 D vold    : Found matching PID 173
05-10 20:27:33.286   184   187 W vold    : Skipping due to root namespace
05-10 20:27:33.286   184   187 D vold    : Found matching PID 174
05-10 20:27:33.287   184   187 W vold    : Skipping due to root namespace
05-10 20:27:33.287   184   187 D vold    : Found matching PID 175
05-10 20:27:33.287   184   187 W vold    : Skipping due to root namespace
05-10 20:27:33.287   184   187 D vold    : Found matching PID 183
05-10 20:27:33.287   184   187 W vold    : Skipping due to root namespace
05-10 20:27:33.287   184   187 D vold    : Found matching PID 195
05-10 20:27:33.287   184   187 W vold    : Skipping due to root namespace
05-10 20:27:33.287   184   187 D vold    : Found matching PID 198
05-10 20:27:33.287   184   187 W vold    : Skipping due to root namespace
05-10 20:27:33.288   184   187 D vold    : Found matching PID 201
05-10 20:27:33.288   184   187 W vold    : Skipping due to root namespace
05-10 20:27:33.288   184   187 D vold    : Found matching PID 202
05-10 20:27:33.288   184   187 W vold    : Skipping due to root namespace
05-10 20:27:33.288   184   187 D vold    : Found matching PID 203
05-10 20:27:33.288   184   187 W vold    : Skipping due to root namespace
05-10 20:27:33.288   184   187 D vold    : Found matching PID 204
05-10 20:27:33.288   184   187 W vold    : Skipping due to root namespace
05-10 20:27:33.288   184   187 D vold    : Found matching PID 206
05-10 20:27:33.288   184   187 W vold    : Skipping due to root namespace
05-10 20:27:33.289   184   187 D vold    : Found matching PID 208
05-10 20:27:33.289   184   187 W vold    : Skipping due to root namespace
05-10 20:27:33.289   184   187 D vold    : Found matching PID 213
05-10 20:27:33.289   184   187 W vold    : Skipping due to root namespace
05-10 20:27:33.289   184   187 D vold    : Found matching PID 226
05-10 20:27:33.289   184   187 W vold    : Skipping due to root namespace
05-10 20:27:33.290   184   187 D vold    : Found matching PID 253
05-10 20:27:33.290   184   187 W vold    : Skipping due to root namespace
05-10 20:27:33.290   184   187 D vold    : Found matching PID 498
05-10 20:27:33.303   498   601 D VoldConnector: RCV <- {200 7 Command succeeded}
05-10 20:27:33.308   498   498 D VoldConnector: SND -> {8 volume remount_uid 2000 none}
05-10 20:27:33.308   184   187 D vold    : Remounting 2000 as mode none
05-10 20:27:33.318   184   187 D vold    : Found matching PID 217
05-10 20:27:33.318   184   187 W vold    : Skipping due to root namespace
05-10 20:27:33.318   498   601 D VoldConnector: RCV <- {200 8 Command succeeded}
05-10 20:27:33.319   498   498 D VoldConnector: SND -> {9 volume remount_uid 2000 none}
05-10 20:27:33.319   184   187 D vold    : Remounting 2000 as mode none
05-10 20:27:33.329   184   187 D vold    : Found matching PID 217
05-10 20:27:33.329   184   187 W vold    : Skipping due to root namespace
05-10 20:27:33.330   498   601 D VoldConnector: RCV <- {200 9 Command succeeded}
05-10 20:27:33.331   498   498 D VoldConnector: SND -> {10 volume remount_uid 10008 none}
05-10 20:27:33.331   184   187 D vold    : Remounting 10008 as mode none
05-10 20:27:33.342   498   601 D VoldConnector: RCV <- {200 10 Command succeeded}
05-10 20:27:33.343   498   498 D VoldConnector: SND -> {11 volume remount_uid 10008 none}
05-10 20:27:33.343   184   187 D vold    : Remounting 10008 as mode none
05-10 20:27:33.356   498   601 D VoldConnector: RCV <- {200 11 Command succeeded}
05-10 20:27:33.357   498   498 D VoldConnector: SND -> {12 volume remount_uid 1002 none}
05-10 20:27:33.358   184   187 D vold    : Remounting 1002 as mode none
05-10 20:27:33.370   498   601 D VoldConnector: RCV <- {200 12 Command succeeded}
05-10 20:27:33.371   498   498 D VoldConnector: SND -> {13 volume remount_uid 1002 none}
05-10 20:27:33.371   184   187 D vold    : Remounting 1002 as mode none
05-10 20:27:33.382   498   601 D VoldConnector: RCV <- {200 13 Command succeeded}
05-10 20:27:33.383   498   498 W VoiceInteractionManagerService: no available voice interaction services found for user 0
05-10 20:27:33.383   498   498 W VoiceInteractionManagerService: no available voice recognition services found for user 0
05-10 20:27:33.386   498   498 I SyncManager: No initial accounts
05-10 20:27:33.386   498   498 I SyncManager: No initial status
05-10 20:27:33.386   498   498 I SyncManager: No initial statistics
05-10 20:27:33.409   498   498 D VoldConnector: SND -> {14 volume remount_uid 10016 none}
05-10 20:27:33.409   184   187 D vold    : Remounting 10016 as mode none
05-10 20:27:33.419   498   601 D VoldConnector: RCV <- {200 14 Command succeeded}
05-10 20:27:33.421   498   498 D VoldConnector: SND -> {15 volume remount_uid 10038 none}
05-10 20:27:33.421   184   187 D vold    : Remounting 10038 as mode none
05-10 20:27:33.431   498   601 D VoldConnector: RCV <- {200 15 Command succeeded}
05-10 20:27:33.432   498   498 D VoldConnector: SND -> {16 volume remount_uid 10038 none}
05-10 20:27:33.432   184   187 D vold    : Remounting 10038 as mode none
05-10 20:27:33.442   498   601 D VoldConnector: RCV <- {200 16 Command succeeded}
05-10 20:27:33.444   498   498 D VoldConnector: SND -> {17 volume remount_uid 10001 none}
05-10 20:27:33.444   184   187 D vold    : Remounting 10001 as mode none
05-10 20:27:33.454   498   601 D VoldConnector: RCV <- {200 17 Command succeeded}
05-10 20:27:33.455   498   498 D VoldConnector: SND -> {18 volume remount_uid 10001 none}
05-10 20:27:33.455   184   187 D vold    : Remounting 10001 as mode none
05-10 20:27:33.467   498   601 D VoldConnector: RCV <- {200 18 Command succeeded}
05-10 20:27:33.468   498   498 D VoldConnector: SND -> {19 volume remount_uid 10003 none}
05-10 20:27:33.468   184   187 D vold    : Remounting 10003 as mode none
05-10 20:27:33.480   498   601 D VoldConnector: RCV <- {200 19 Command succeeded}
05-10 20:27:33.481   498   498 D VoldConnector: SND -> {20 volume remount_uid 10003 none}
05-10 20:27:33.481   184   187 D vold    : Remounting 10003 as mode none
05-10 20:27:33.492   498   601 D VoldConnector: RCV <- {200 20 Command succeeded}
05-10 20:27:33.494   498   498 D VoldConnector: SND -> {21 volume remount_uid 10010 none}
05-10 20:27:33.495   184   187 D vold    : Remounting 10010 as mode none
05-10 20:27:33.505   498   601 D VoldConnector: RCV <- {200 21 Command succeeded}
05-10 20:27:33.506   498   498 D VoldConnector: SND -> {22 volume remount_uid 10010 none}
05-10 20:27:33.506   184   187 D vold    : Remounting 10010 as mode none
05-10 20:27:33.515   498   601 D VoldConnector: RCV <- {200 22 Command succeeded}
05-10 20:27:33.517   498   498 D VoldConnector: SND -> {23 volume remount_uid 10049 none}
05-10 20:27:33.518   184   187 D vold    : Remounting 10049 as mode none
05-10 20:27:33.527   498   601 D VoldConnector: RCV <- {200 23 Command succeeded}
05-10 20:27:33.528   498   498 D VoldConnector: SND -> {24 volume remount_uid 10049 none}
05-10 20:27:33.528   184   187 D vold    : Remounting 10049 as mode none
05-10 20:27:33.538   498   601 D VoldConnector: RCV <- {200 24 Command succeeded}
05-10 20:27:33.539   498   498 D VoldConnector: SND -> {25 volume remount_uid 10039 none}
05-10 20:27:33.539   184   187 D vold    : Remounting 10039 as mode none
05-10 20:27:33.551   498   601 D VoldConnector: RCV <- {200 25 Command succeeded}
05-10 20:27:33.551   498   498 D VoldConnector: SND -> {26 volume remount_uid 10039 none}
05-10 20:27:33.552   184   187 D vold    : Remounting 10039 as mode none
05-10 20:27:33.563   498   601 D VoldConnector: RCV <- {200 26 Command succeeded}
05-10 20:27:33.564   498   498 D VoldConnector: SND -> {27 volume remount_uid 10018 none}
05-10 20:27:33.565   184   187 D vold    : Remounting 10018 as mode none
05-10 20:27:33.576   498   601 D VoldConnector: RCV <- {200 27 Command succeeded}
05-10 20:27:33.577   498   498 D VoldConnector: SND -> {28 volume remount_uid 10018 none}
05-10 20:27:33.577   184   187 D vold    : Remounting 10018 as mode none
05-10 20:27:33.586   498   601 D VoldConnector: RCV <- {200 28 Command succeeded}
05-10 20:27:33.588   498   498 V UserDataPreparer: Found /data/user_de/0 with serial number -1
05-10 20:27:33.588   498   498 D UserDataPreparer: Serial number missing on /data/user_de/0; assuming current is valid
05-10 20:27:33.589   498   498 V UserDataPreparer: Found /data/user/0 with serial number -1
05-10 20:27:33.589   498   498 D UserDataPreparer: Serial number missing on /data/user/0; assuming current is valid
05-10 20:27:33.589   498   498 V UserDataPreparer: Found /data/system_de/0 with serial number -1
05-10 20:27:33.589   498   498 D UserDataPreparer: Serial number missing on /data/system_de/0; assuming current is valid
05-10 20:27:33.589   498   498 D SystemServerTiming: MakePackageManagerServiceReady took to complete: 366ms
05-10 20:27:33.589   498   498 I SystemServer: MakeDisplayManagerServiceReady
05-10 20:27:33.589   498   498 D SystemServerTiming: MakeDisplayManagerServiceReady took to complete: 0ms
05-10 20:27:33.591   498   498 I ActivityManager: System now ready
05-10 20:27:33.592   498   548 I chatty  : uid=1000(system) android.display expire 4 lines
05-10 20:27:33.593   498   498 I SystemServer: Making services ready
05-10 20:27:33.593   498   498 I SystemServer: StartActivityManagerReadyPhase
05-10 20:27:33.593   498   498 I SystemServiceManager: Starting phase 550
05-10 20:27:33.595   498   498 D BluetoothManagerService: Bluetooth boot completed
05-10 20:27:33.595   498   498 D BluetoothManagerService: Auto-enabling Bluetooth.
05-10 20:27:33.596   498   547 D BluetoothManagerService: MESSAGE_ENABLE(0): mBluetooth = null
05-10 20:27:33.611   498   547 I ActivityManager: Start proc 1024:com.android.bluetooth/1002 for service com.android.bluetooth/.btservice.AdapterService
05-10 20:27:33.657  1024  1024 W zygote  : Can't mmap dex file /system/framework/javax.obex.jar!classes.dex directly; please zipalign to 4 bytes. Falling back to extracting file.
05-10 20:27:33.659   498   498 I ActivityManager: Start proc 1040:com.android.inputmethod.latin/u0a46 for service com.android.inputmethod.latin/.LatinIME
05-10 20:27:33.660   498   498 W SystemServiceManager: Service com.android.server.InputMethodManagerService$Lifecycle took 64 ms in onBootPhase
05-10 20:27:33.660   498   600 D StorageManagerService: Thinking about init, mSystemReady=true, mDaemonConnected=true
05-10 20:27:33.660   498   600 D StorageManagerService: Setting up emulation state, initlocked=false
05-10 20:27:33.660   498   600 D CryptdConnector: SND -> {2 cryptfs unlock_user_key 0 0 ! !}
05-10 20:27:33.661   184   188 D vold    : e4crypt_unlock_user_key 0 serial=0 token_present=0
05-10 20:27:33.661   184   188 E vold    : Failed to chmod /data/system_ce/0: No such file or directory
05-10 20:27:33.661   184   188 E vold    : Failed to chmod /data/misc_ce/0: No such file or directory
05-10 20:27:33.661   498   602 D CryptdConnector: RCV <- {200 2 Command succeeded}
05-10 20:27:33.662   498   600 D StorageManagerService: Thinking about reset, mSystemReady=true, mDaemonConnected=true
05-10 20:27:33.662   498   600 D VoldConnector: SND -> {29 volume reset}
05-10 20:27:33.662   498   540 I ActivityManager: Force stopping com.android.providers.media appid=10001 user=-1: vold reset
05-10 20:27:33.662   498   601 D VoldConnector: RCV <- {651 emulated 7}
05-10 20:27:33.663   498   601 D VoldConnector: RCV <- {659 emulated}
05-10 20:27:33.663   498   601 D VoldConnector: RCV <- {650 emulated 2 "" ""}
05-10 20:27:33.663   498   601 D VoldConnector: RCV <- {654 emulated emulated}
05-10 20:27:33.663   498   601 D VoldConnector: RCV <- {651 emulated 0}
05-10 20:27:33.664   498   601 D VoldConnector: RCV <- {200 29 Command succeeded}
05-10 20:27:33.665   498   546 V StorageManagerService: Found primary storage at VolumeInfo{emulated}:
05-10 20:27:33.665   498   546 V StorageManagerService:     type=EMULATED diskId=null partGuid=null mountFlags=0 mountUserId=-1 
05-10 20:27:33.665   498   546 V StorageManagerService:     state=UNMOUNTED 
05-10 20:27:33.665   498   546 V StorageManagerService:     fsType=null fsUuid=null fsLabel=null 
05-10 20:27:33.665   498   546 V StorageManagerService:     path=null internalPath=null 
05-10 20:27:33.665   498   600 D VoldConnector: SND -> {30 volume user_added 0 0}
05-10 20:27:33.665   498   601 D VoldConnector: RCV <- {200 30 Command succeeded}
05-10 20:27:33.666   498   600 D VoldConnector: SND -> {31 volume mount emulated 3 -1}
05-10 20:27:33.667   498   498 I LockSettingsService: Migrated migrated_frp.
05-10 20:27:33.670   184   187 V vold    : Waiting for FUSE to spin up...
05-10 20:27:33.670   498   601 D VoldConnector: RCV <- {651 emulated 1}
05-10 20:27:33.670   498   498 D UsbAlsaManager: Adding ALSA device AlsaDevice: [card: 0, device: 3, type: 1]
05-10 20:27:33.670   498   498 D UsbAlsaManager: Adding ALSA device AlsaDevice: [card: 1, device: 0, type: 2]
05-10 20:27:33.670   498   601 D VoldConnector: RCV <- {656 emulated /data/media}
05-10 20:27:33.670   498   498 D UsbAlsaManager: Adding ALSA device AlsaDevice: [card: 1, device: 0, type: 1]
05-10 20:27:33.670   498   601 D VoldConnector: RCV <- {655 emulated /storage/emulated}
05-10 20:27:33.672   498  1008 D BluetoothManagerService: Creating new ProfileServiceConnections object for profile: 1
05-10 20:27:33.673   206   206 E android.hardware.usb@1.0-service: Failed to open /sys/class/dual_role_usb
05-10 20:27:33.673   498   498 D SystemServerTiming: StartActivityManagerReadyPhase took to complete: 79ms
05-10 20:27:33.673   498   498 I SystemServer: StartObservingNativeCrashes
05-10 20:27:33.673   498   596 E UsbPortManager: port status enquiry failed
05-10 20:27:33.674   498   498 D SystemServerTiming: StartObservingNativeCrashes took to complete: 1ms
05-10 20:27:33.674   498   546 I chatty  : uid=1000(system) android.fg expire 2 lines
05-10 20:27:33.675   498   498 I SystemServer: StartSystemUI
05-10 20:27:33.675   498   546 D UsbDeviceManager: push notification:USB charging this device
05-10 20:27:33.675   229   294 I AudioFlinger: systemReady
05-10 20:27:33.676   498   573 D SystemServerInitThreadPool: Started executing WebViewFactoryPreparation
05-10 20:27:33.676   498   573 I SystemServer: WebViewFactoryPreparation
05-10 20:27:33.683   498   573 I chatty  : uid=1000 system_server expire 1 line
05-10 20:27:33.695   498  1056 I chatty  : uid=1000(system) SoundPoolThread expire 12 lines
05-10 20:27:33.696   498   498 I ActivityManager: Start proc 1060:com.android.systemui/u0a8 for service com.android.systemui/.SystemUIService
05-10 20:27:33.696   498   498 D SystemServerTiming: StartSystemUI took to complete: 22ms
05-10 20:27:33.696   498   498 I SystemServer: MakeNetworkScoreReady
05-10 20:27:33.708  1045  1045 W /system/bin/sdcard: Device explicitly enabled sdcardfs
05-10 20:27:33.720   246   246 W MediaCodecsXmlParser: unable to open media codecs configuration xml file: /data/misc/media/media_codecs_profiling_results.xml
05-10 20:27:33.720   246   246 W MediaCodecsXmlParser: parseTopLevelXMLFile(/data/misc/media/media_codecs_profiling_results.xml) failed
05-10 20:27:33.720   498   601 D VoldConnector: RCV <- {651 emulated 2}
05-10 20:27:33.721   498   601 D VoldConnector: RCV <- {200 31 Command succeeded}
05-10 20:27:33.723   246   286 W MediaCodecsXmlParser: unable to open media codecs configuration xml file: /data/misc/media/media_codecs_profiling_results.xml
05-10 20:27:33.723   246   286 W MediaCodecsXmlParser: parseTopLevelXMLFile(/data/misc/media/media_codecs_profiling_results.xml) failed
05-10 20:27:33.727   246   286 I OMXMaster: makeComponentInstance(OMX.google.aac.decoder) in android.hardwar process
05-10 20:27:33.733   498   573 I ActivityManager: Start proc 1076:WebViewLoader-armeabi-v7a/1037 [android.webkit.WebViewLibraryLoader$RelroFileCreator] for 
05-10 20:27:33.739   498   573 D SystemServerTimingAsync: WebViewFactoryPreparation took to complete: 64ms
05-10 20:27:33.739   498   573 D SystemServerInitThreadPool: Finished executing WebViewFactoryPreparation
05-10 20:27:33.742   246  1075 I OMXMaster: makeComponentInstance(OMX.google.amrnb.decoder) in android.hardwar process
05-10 20:27:33.744   498   498 D SystemServerTiming: MakeNetworkScoreReady took to complete: 47ms
05-10 20:27:33.744   498   498 I SystemServer: MakeNetworkManagementServiceReady
05-10 20:27:33.744   498   498 D NetworkManagement: enabling bandwidth control
05-10 20:27:33.760   246   246 I OMXMaster: makeComponentInstance(OMX.google.amrwb.decoder) in android.hardwar process
05-10 20:27:33.764   191   256 W IptablesRestoreController: iptables-restore process 220 terminated status=256
05-10 20:27:33.766   246   246 I OMXMaster: makeComponentInstance(OMX.google.flac.decoder) in android.hardwar process
05-10 20:27:33.769  1076  1076 V WebViewLibraryLoader: RelroFileCreator (64bit = false),  32-bit lib: /system/app/webview/webview.apk!/lib/armeabi-v7a/libwebviewchromium.so, 64-bit lib: 
05-10 20:27:33.773   246  1075 I OMXMaster: makeComponentInstance(OMX.google.g711.alaw.decoder) in android.hardwar process
05-10 20:27:33.777   191   256 W IptablesRestoreController: iptables-restore process 209 terminated status=256
05-10 20:27:33.778  1024  1024 D AdapterServiceConfig: Adding HeadsetService
05-10 20:27:33.779  1024  1024 D AdapterServiceConfig: Adding A2dpService
05-10 20:27:33.779  1024  1024 D AdapterServiceConfig: Adding HidService
05-10 20:27:33.779  1024  1024 D AdapterServiceConfig: Adding HealthService
05-10 20:27:33.780  1024  1024 D AdapterServiceConfig: Adding PanService
05-10 20:27:33.780  1024  1024 D AdapterServiceConfig: Adding GattService
05-10 20:27:33.780  1024  1024 D AdapterServiceConfig: Adding BluetoothMapService
05-10 20:27:33.780  1024  1024 W AdapterServiceConfig: Could not find profile bit mask
05-10 20:27:33.780  1024  1024 D AdapterServiceConfig: Adding BluetoothOppService
05-10 20:27:33.780  1024  1024 W AdapterServiceConfig: Could not find profile bit mask
05-10 20:27:33.780  1024  1024 D AdapterServiceConfig: Adding BluetoothPbapService
05-10 20:27:33.787   246  1075 I OMXMaster: makeComponentInstance(OMX.google.g711.mlaw.decoder) in android.hardwar process
05-10 20:27:33.790   498   498 D SystemServerTiming: MakeNetworkManagementServiceReady took to complete: 46ms
05-10 20:27:33.790   498   498 I SystemServer: MakeNetworkStatsServiceReady
05-10 20:27:33.795   498   543 E BatteryExternalStatsWorker: no controller energy info supplied for wifi
05-10 20:27:33.795   498   543 E BatteryExternalStatsWorker: no controller energy info supplied for telephony
05-10 20:27:33.797   246  1075 I OMXMaster: makeComponentInstance(OMX.Nvidia.mp3.decoder) in android.hardwar process
05-10 20:27:33.797   246  1075 E OMX     : FAILED to allocate omx component 'OMX.Nvidia.mp3.decoder' err=??(0x80001002)
05-10 20:27:33.797   237   237 W OmxInfoBuilder: Fail to add mime audio/mpeg-L2 to codec OMX.Nvidia.mp3.decoder after software codecs
05-10 20:27:33.798   498   992 D NetworkPolicy: setRestrictBackgroundUL(): false
05-10 20:27:33.798   246   246 I OMXMaster: makeComponentInstance(OMX.google.mp3.decoder) in android.hardwar process
05-10 20:27:33.799   498   992 I chatty  : uid=1000(system) NetworkPolicy expire 1 line
05-10 20:27:33.805   246   246 I OMXMaster: makeComponentInstance(OMX.google.opus.decoder) in android.hardwar process
05-10 20:27:33.830   246   246 I OMXMaster: makeComponentInstance(OMX.google.raw.decoder) in android.hardwar process
05-10 20:27:33.837   246   246 I OMXMaster: makeComponentInstance(OMX.google.vorbis.decoder) in android.hardwar process
05-10 20:27:33.841  1076  1076 I WebViewLoader-armeabi-v7a: System.exit called, status: 0
05-10 20:27:33.841  1076  1076 I AndroidRuntime: VM exiting with result code 0, cleanup skipped.
05-10 20:27:33.846  1024  1024 D BluetoothAdapterService: onCreate()
05-10 20:27:33.849   246   246 I OMXMaster: makeComponentInstance(OMX.google.aac.encoder) in android.hardwar process
05-10 20:27:33.859  1024  1024 D BluetoothAdapterState: make() - Creating AdapterState
05-10 20:27:33.864  1024  1024 I bt_btif : init
05-10 20:27:33.864  1024  1024 D bt_osi_allocation_tracker: canary initialized
05-10 20:27:33.867  1024  1127 I bt_osi_thread: run_thread: thread id 1127, thread name stack_manager started
05-10 20:27:33.868  1024  1125 I BluetoothAdapterState: Entering OffState
05-10 20:27:33.868  1024  1127 I bt_stack_manager: event_init_stack is initializing the stack
05-10 20:27:33.869  1024  1127 E bt_osi_config: config_new unable to open file '/data/misc/bluedroid/bt_config.conf': No such file or directory
05-10 20:27:33.869  1024  1127 W bt_btif_config: init unable to load config file: /data/misc/bluedroid/bt_config.conf; using backup.
05-10 20:27:33.869  1024  1127 E bt_osi_config: config_new unable to open file '/data/misc/bluedroid/bt_config.bak': No such file or directory
05-10 20:27:33.869  1024  1127 W bt_btif_config: init unable to load backup; attempting to transcode legacy file.
05-10 20:27:33.869  1024  1127 E bt_btif_config_transcode: btif_config_transcode unable to load XML file '/data/misc/bluedroid/bt_config.xml': 3
05-10 20:27:33.870   246  1075 I OMXMaster: makeComponentInstance(OMX.google.amrnb.encoder) in android.hardwar process
05-10 20:27:33.872  1024  1127 E bt_btif_config: init unable to transcode legacy file; creating empty config.
05-10 20:27:33.875   246  1075 I OMXMaster: makeComponentInstance(OMX.google.amrwb.encoder) in android.hardwar process
05-10 20:27:33.876  1024  1132 I bt_osi_thread: run_thread: thread id 1132, thread name alarm_default_ca started
05-10 20:27:33.877  1024  1133 I bt_osi_thread: run_thread: thread id 1133, thread name alarm_dispatcher started
05-10 20:27:33.878  1024  1127 I bt_btif_core: btif_init_bluetooth entered
05-10 20:27:33.879  1024  1127 I bt_stack_config: init attempt to load stack conf from /etc/bluetooth/bt_stack.conf
05-10 20:27:33.885  1060  1060 V SystemUIService: Starting SystemUI services for user 0.
05-10 20:27:33.885  1024  1136 I bt_osi_thread: run_thread: thread id 1136, thread name bt_jni_workqueue started
05-10 20:27:33.885  1024  1127 I bt_btif_core: btif_init_bluetooth finished
05-10 20:27:33.885  1024  1136 I bt_btif_core: run_message_loop entered
05-10 20:27:33.885  1024  1127 I bt_stack_manager: event_init_stack finished
05-10 20:27:33.886  1024  1024 I bt_osi_wakelock: wakelock_set_os_callouts set to non-native
05-10 20:27:33.886  1024  1024 I bt_btif : get_profile_interface: id = socket
05-10 20:27:33.886  1024  1024 W bt_btif : do_in_jni_thread: Dropped message, message_loop not initialized yet!
05-10 20:27:33.886  1024  1024 W bt_btif : do_in_jni_thread: Dropped message, message_loop not initialized yet!
05-10 20:27:33.888   246  1075 I OMXMaster: makeComponentInstance(OMX.google.flac.encoder) in android.hardwar process
05-10 20:27:33.889  1024  1024 I bt_btif : get_profile_interface: id = sdp
05-10 20:27:33.890   498   498 D SystemServerTiming: MakeNetworkStatsServiceReady took to complete: 101ms
05-10 20:27:33.891   498   498 I SystemServer: MakeConnectivityServiceReady
05-10 20:27:33.892  1024  1024 I BluetoothAdapterService: Phone policy enabled
05-10 20:27:33.893  1024  1024 D BluetoothAdapterService: setAdapterService() - set to: null
05-10 20:27:33.894  1024  1024 D BluetoothAdapterService: onBind()
05-10 20:27:33.897  1060  1060 D SystemUIBootTiming: StartServicesDependency took to complete: 11ms
05-10 20:27:33.900   246  1075 I OMXMaster: makeComponentInstance(OMX.Nvidia.h264.decode) in android.hardwar process
05-10 20:27:33.900   246  1075 E OMX     : FAILED to allocate omx component 'OMX.Nvidia.h264.decode' err=??(0x80001002)
05-10 20:27:33.900   237   237 W OmxInfoBuilder: Fail to add mime video/avc to codec OMX.Nvidia.h264.decode
05-10 20:27:33.901   246   246 I OMXMaster: makeComponentInstance(OMX.Nvidia.h264.decode.secure) in android.hardwar process
05-10 20:27:33.901   246   246 E OMX     : FAILED to allocate omx component 'OMX.Nvidia.h264.decode.secure' err=??(0x80001002)
05-10 20:27:33.901   237   237 W OmxInfoBuilder: Fail to add mime video/avc to codec OMX.Nvidia.h264.decode.secure
05-10 20:27:33.901   246   286 I OMXMaster: makeComponentInstance(OMX.google.h264.decoder) in android.hardwar process
05-10 20:27:33.911   498   498 D SystemServerTiming: MakeConnectivityServiceReady took to complete: 20ms
05-10 20:27:33.911   498   498 I SystemServer: MakeNetworkPolicyServiceReady
05-10 20:27:33.912   246   246 E OMXNodeInstance: getExtensionIndex(0xae80c240:google.h264.decoder, OMX.google.android.index.configureVideoTunnelMode) ERROR: UnsupportedIndex(0x8000101a)
05-10 20:27:33.912   246  1075 E OMXNodeInstance: getExtensionIndex(0xae80c240:google.h264.decoder, OMX.google.android.index.enableAndroidNativeBuffers) ERROR: UnsupportedIndex(0x8000101a)
05-10 20:27:33.913   191   255 E Netd    : Failed to dump IPv4 sockets for UID: No such file or directory
05-10 20:27:33.914  1060  1060 D SystemUIBootTiming: StartServicesNotificationChannels took to complete: 17ms
05-10 20:27:33.914   498   992 E NetworkManagement: Error closing sockets after enabling chain standby: android.os.ServiceSpecificException: destroySockets: No such file or directory (code 2)
05-10 20:27:33.914   498   498 D SystemServerTiming: MakeNetworkPolicyServiceReady took to complete: 3ms
05-10 20:27:33.914   498   498 I SystemServer: StartWatchdog
05-10 20:27:33.914   498   498 D SystemServerTiming: StartWatchdog took to complete: 1ms
05-10 20:27:33.915   498   498 I SystemServer: PhaseThirdPartyAppsCanStart
05-10 20:27:33.915   498   498 I SystemServiceManager: Starting phase 600
