05-10 20:31:52.785   498  1206 I ActivityManager: START u0 {act=android.intent.action.MAIN cat=[android.intent.category.LAUNCHER] flg=0x10200000 cmp=com.android.settings/.Settings bnds=[1015,700][1262,957]} from uid 1000
05-10 20:31:52.785   229   294 W APM_AudioPolicyManager: getOutput() could not find output for stream 1, samplingRate 0,format 0, channels 3, flags 0
05-10 20:31:52.787   229   292 W APM_AudioPolicyManager: getOutput() could not find output for stream 1, samplingRate 48000,format 1, channels 3, flags 4
05-10 20:31:52.787   498  1008 I chatty  : uid=1000(system) AudioService expire 14 lines
05-10 20:31:52.919  1241  2284 D ConditionManager: loading conditions from xml
05-10 20:31:52.952  1241  2283 V NFC     : this device does not have NFC support
05-10 20:31:53.019  1241  2287 D SuggestionParser: Day 0 for com.android.settings.suggested.category.FIRST_IMPRESSION
05-10 20:31:53.037  1241  1241 D ConditionManager: conditions loaded from xml, refreshing conditions
05-10 20:31:53.037  1241  1241 D APM_Condition: APM condition refreshed
05-10 20:31:53.039  1241  1241 D APM_Condition: setActive was called with false
05-10 20:31:53.040   498   580 I chatty  : uid=1000(system) Binder:498_3 expire 8 lines
05-10 20:31:53.051  1241  2287 I SuggestionParser: Use fingerprint requires unavailable feature android.hardware.fingerprint
05-10 20:31:53.063  1241  1241 D DashboardSummary: Listening for condition changes
05-10 20:31:53.064  1241  1241 D DashboardSummary: onConditionsChanged
05-10 20:31:53.064  1241  1241 D DashboardSummary: conditions refreshed
05-10 20:31:53.064  1241  1241 D APM_Condition: APM condition refreshed
05-10 20:31:53.064  1241  1241 D APM_Condition: setActive was called with false
05-10 20:31:53.118  1241  2287 I SuggestionParser: Add another fingerprint requires unavailable feature android.hardware.fingerprint
05-10 20:31:53.183  1241  2289 W TileUtils: Found com.android.settings.backup.BackupSettingsActivity for intent Intent { act=com.android.settings.action.SETTINGS pkg=com.android.settings } missing metadata com.android.settings.category
05-10 20:31:53.197   498  1206 D PackageManager: Ephemeral installer not found with new action; try old one
05-10 20:31:53.197   498  1206 D PackageManager: Clear ephemeral installer activity
05-10 20:31:53.211   498  1207 D PackageManager: Ephemeral installer not found with new action; try old one
05-10 20:31:53.212   498  1207 D PackageManager: Clear ephemeral installer activity
05-10 20:31:53.212  1241  2283 D BatteryInfo: time to make batteryStatsHelper: 5ms
05-10 20:31:53.213   498   543 I chatty  : uid=1000(system) batterystats-wo expire 12 lines
05-10 20:31:53.217   498   543 E BatteryExternalStatsWorker: no controller energy info supplied for wifi
05-10 20:31:53.219  1162  1162 E PhoneInterfaceManager: [PhoneIntfMgr] queryModemActivityInfo: Empty response
05-10 20:31:53.220   498   580 D PackageManager: Ephemeral installer not found with new action; try old one
05-10 20:31:53.220   498   580 D PackageManager: Clear ephemeral installer activity
05-10 20:31:53.221   498   543 E BatteryExternalStatsWorker: no controller energy info supplied for bluetooth
05-10 20:31:53.223   498  1551 D PackageManager: Ephemeral installer not found with new action; try old one
05-10 20:31:53.223   498  1551 D PackageManager: Clear ephemeral installer activity
05-10 20:31:53.225   498  1558 D PackageManager: Ephemeral installer not found with new action; try old one
05-10 20:31:53.225   498  1558 D PackageManager: Clear ephemeral installer activity
05-10 20:31:53.227   498  1554 D PackageManager: Ephemeral installer not found with new action; try old one
05-10 20:31:53.227   498  1554 D PackageManager: Clear ephemeral installer activity
05-10 20:31:53.230   498  1207 D PackageManager: Ephemeral installer not found with new action; try old one
05-10 20:31:53.231   498  1207 D PackageManager: Clear ephemeral installer activity
05-10 20:31:53.231   498   543 E BatteryExternalStatsWorker: modem info is invalid: ModemActivityInfo{ mTimestamp=0 mSleepTimeMs=0 mIdleTimeMs=0 mTxTimeMs[]=[0, 0, 0, 0, 0] mRxTimeMs=0 mEnergyUsed=0}
05-10 20:31:53.246   498   580 D PackageManager: Ephemeral installer not found with new action; try old one
05-10 20:31:53.246   498   580 D PackageManager: Clear ephemeral installer activity
05-10 20:31:53.259   498  1207 D PackageManager: Ephemeral installer not found with new action; try old one
05-10 20:31:53.259   498  1207 D PackageManager: Clear ephemeral installer activity
05-10 20:31:53.261   498  1551 D PackageManager: Ephemeral installer not found with new action; try old one
05-10 20:31:53.261   498  1551 D PackageManager: Clear ephemeral installer activity
05-10 20:31:53.263   498   580 D PackageManager: Ephemeral installer not found with new action; try old one
05-10 20:31:53.263   498   580 D PackageManager: Clear ephemeral installer activity
05-10 20:31:53.265   498   537 D PackageManager: Ephemeral installer not found with new action; try old one
05-10 20:31:53.265   498   537 D PackageManager: Clear ephemeral installer activity
05-10 20:31:53.267   498  1161 D PackageManager: Ephemeral installer not found with new action; try old one
05-10 20:31:53.268   498  1161 D PackageManager: Clear ephemeral installer activity
05-10 20:31:53.278   498  1551 D PackageManager: Ephemeral installer not found with new action; try old one
05-10 20:31:53.278   498  1551 D PackageManager: Clear ephemeral installer activity
05-10 20:31:53.281   498  1537 D PackageManager: Ephemeral installer not found with new action; try old one
05-10 20:31:53.281   498  1537 D PackageManager: Clear ephemeral installer activity
05-10 20:31:53.281  1241  2289 D Settings: Enabled state changed for some tiles, reloading all categories
05-10 20:31:53.284  1241  2283 D BatteryInfo: time for getStats: 72ms
05-10 20:31:53.292  1241  2289 W TileUtils: Found com.android.settings.backup.BackupSettingsActivity for intent Intent { act=com.android.settings.action.SETTINGS pkg=com.android.settings } missing metadata com.android.settings.category
05-10 20:31:53.296  1241  2289 D BatteryInfo: time for regular BatteryInfo: 1ms
05-10 20:31:53.297  1241  2289 D BatteryInfo: time for getBatteryInfo: 1ms
05-10 20:31:53.313  1241  1241 D BatteryInfo: time for callback: 0ms
05-10 20:31:53.314  1241  2287 D SuggestionParser: Day 0 for com.android.settings.suggested.category.FIRST_IMPRESSION
05-10 20:31:53.320  1241  2287 I SuggestionParser: Use fingerprint requires unavailable feature android.hardware.fingerprint
05-10 20:31:53.326  1241  2287 I SuggestionParser: Add another fingerprint requires unavailable feature android.hardware.fingerprint
05-10 20:31:53.413  1241  1249 I zygote  : Do partial code cache collection, code=29KB, data=28KB
05-10 20:31:53.414  1241  1249 I zygote  : After code cache collection, code=29KB, data=28KB
05-10 20:31:53.414  1241  1249 I zygote  : Increasing code cache capacity to 128KB
05-10 20:31:54.547   498   541 D AutofillManagerService: onBackKeyPressed()
05-10 20:31:54.562  1241  1241 D DashboardSummary: Stopped listening for condition changes
05-10 20:31:54.576   498  1161 W ActivityManager: Unable to start service Intent { act=com.android.launcher3.WINDOW_OVERLAY dat=app://com.google.android.apps.nexuslauncher:1000?v=7&cv=9 pkg=com.google.android.googlequicksearchbox } U=0: not found
05-10 20:31:54.778   498   541 D AutofillManagerService: onBackKeyPressed()
05-10 20:31:54.946   498   541 D AutofillManagerService: onBackKeyPressed()
05-10 20:31:57.559  1060  1060 D StatusBar: disable<e i a s b h r c s q >
05-10 20:31:58.146  1060  1065 I zygote  : Do partial code cache collection, code=252KB, data=178KB
05-10 20:31:58.148  1060  1065 I zygote  : After code cache collection, code=252KB, data=178KB
05-10 20:31:58.148  1060  1065 I zygote  : Increasing code cache capacity to 1024KB
05-10 20:31:59.449   229   294 W APM_AudioPolicyManager: getOutput() could not find output for stream 1, samplingRate 0,format 0, channels 3, flags 0
05-10 20:31:59.450   229   229 W APM_AudioPolicyManager: getOutput() could not find output for stream 1, samplingRate 0,format 0, channels 3, flags 0
05-10 20:31:59.451   229   294 W APM_AudioPolicyManager: getOutput() could not find output for stream 1, samplingRate 48000,format 1, channels 3, flags 4
05-10 20:31:59.451   498  1554 I chatty  : uid=1000(system) Binder:498_A expire 4 lines
05-10 20:31:59.452   498  1161 D WifiService: setWifiEnabled: true pid=1060, uid=10008, package=com.android.systemui
05-10 20:31:59.452   498  1161 I chatty  : uid=1000(system) Binder:498_4 expire 9 lines
05-10 20:31:59.454   498  1206 I chatty  : uid=1000(system) Binder:498_6 expire 5 lines
05-10 20:31:59.456   210   210 I android.hardware.wifi@1.0-service: Wifi HAL started
05-10 20:31:59.461   498   536 I chatty  : uid=1000(system) Binder:498_1 expire 5 lines
05-10 20:32:00.234   210   210 I WifiHAL : Initializing wifi
05-10 20:32:00.234   210   210 I WifiHAL : Creating socket
05-10 20:32:00.236   210   210 I WifiHAL : Initialized Wifi HAL Successfully; vendor cmd = 103
05-10 20:32:00.250   498   995 I chatty  : uid=1000(system) WifiStateMachin expire 15 lines
05-10 20:32:00.251   241   241 I wificond: create scanner for interface with index: 6
05-10 20:32:00.251   241   241 I wificond: subscribe scan result for interface with index: 6
05-10 20:32:00.253   174   174 W /system/bin/hwservicemanager: getTransport: Cannot find entry android.hardware.wifi.offload@1.0::IOffload/default in either framework or device manifest.
05-10 20:32:00.255   241   241 E wificond: No Offload Service available
05-10 20:32:00.255   241   241 I wificond: Offload HAL not supported 
05-10 20:32:00.261   191   256 D CommandListener: Clearing all IP addresses on wlan0
05-10 20:32:00.373  2298  2298 I wpa_supplicant: Processing hidl events on FD 4
05-10 20:32:00.377   498   595 I chatty  : uid=1000(system) HwBinder:498_1 expire 3 lines
05-10 20:32:00.377  2298  2298 I wpa_supplicant: Successfully initialized wpa_supplicant
05-10 20:32:00.383  2298  2298 I wpa_supplicant: rfkill: Cannot open RFKILL control device
05-10 20:32:00.408  2298  2298 I wpa_supplicant: rfkill: Cannot get wiphy information
05-10 20:32:00.486   210   210 D WifiHAL : Sending mac address OUI
05-10 20:32:00.490   210   210 D WifiHAL : In DebugCommand::handleResponse
05-10 20:32:00.490   210   210 D WifiHAL : len = 108, expected len = 256
05-10 20:32:00.490   210   210 D WifiHAL : In DebugCommand::handleResponse
05-10 20:32:00.490   210   210 D WifiHAL : len = 108, expected len = 256
05-10 20:32:00.491   210   210 D WifiHAL : In DebugCommand::handleResponse
05-10 20:32:00.524   210   210 D WifiHAL : Start get packet fate command
05-10 20:32:00.524   210   210 D WifiHAL : createRequest Monitor packet fate request
05-10 20:32:00.524   210   210 E WifiHAL : Failed to register get pkt fate response; result = -95
05-10 20:32:00.545   498   498 I chatty  : uid=1000 system_server expire 3 lines
05-10 20:32:00.545   498   998 I chatty  : uid=1000(system) WifiRttService expire 1 line
05-10 20:32:00.548   210   210 I WifiHAL : Got channel list with 13 channels
05-10 20:32:00.550   210   210 I WifiHAL : Got channel list with 9 channels
05-10 20:32:00.550   191   256 W CommandListener: Failed to retrieve HW addr for p2p0 (No such device)
05-10 20:32:00.551   210   210 I WifiHAL : Got channel list with 16 channels
05-10 20:32:00.552   210   210 D WifiHAL : In DebugCommand::handleResponse
05-10 20:32:00.552   210   210 D WifiHAL : len = 4, expected len = 4
05-10 20:32:00.552   191   256 D CommandListener: Setting iface cfg
05-10 20:32:00.553   210   210 D WifiHAL : In DebugCommand::handleResponse
05-10 20:32:00.553   210   210 D WifiHAL : len = 4, expected len = 4
05-10 20:32:00.553   498   999 E WifiP2pService: Unable to change interface settings: java.lang.IllegalStateException: command '24 interface setcfg p2p0 0.0.0.0 0 up' failed with '400 24 Failed to clear address (No such device)'
05-10 20:32:00.553   498   999 I chatty  : uid=1000(system) WifiP2pService expire 30 lines
05-10 20:32:00.554   498   997 I chatty  : uid=1000(system) WifiScanningSer expire 1 line
05-10 20:32:00.556   498   596 I chatty  : uid=1000(system) HwBinder:498_2 expire 10 lines
05-10 20:32:00.561   210   210 I WifiHAL : Got channel list with 13 channels
05-10 20:32:00.562   210   210 I WifiHAL : Got channel list with 9 channels
05-10 20:32:00.564   210   210 I WifiHAL : Got channel list with 16 channels
05-10 20:32:00.565   210   210 D WifiHAL : In DebugCommand::handleResponse
05-10 20:32:00.565   210   210 D WifiHAL : len = 4, expected len = 4
05-10 20:32:00.566  1060  1060 I Choreographer: Skipped 66 frames!  The application may be doing too much work on its main thread.
05-10 20:32:00.567   210   210 D WifiHAL : In DebugCommand::handleResponse
05-10 20:32:00.567   210   210 D WifiHAL : len = 4, expected len = 4
05-10 20:32:00.575   498   543 E BatteryExternalStatsWorker: no controller energy info supplied for wifi
05-10 20:32:00.576   210   210 D WifiHAL : In DebugCommand::handleResponse
05-10 20:32:00.577   210   210 D WifiHAL : len = 4, expected len = 4
05-10 20:32:00.577   210   210 D WifiHAL : In DebugCommand::handleResponse
05-10 20:32:00.577   210   210 D WifiHAL : len = 4, expected len = 4
05-10 20:32:00.584   498   543 E BatteryExternalStatsWorker: no controller energy info supplied for wifi
05-10 20:32:00.613  1588  1669 D         : cannot connect to power hinting service
05-10 20:32:00.688  1060  1060 I zygote  : Deoptimizing void com.android.systemui.qs.tileimpl.QSIconViewImpl.updateIcon(android.widget.ImageView, com.android.systemui.plugins.qs.QSTile$State) due to JIT inline cache
05-10 20:32:01.855   229   229 W APM_AudioPolicyManager: getOutput() could not find output for stream 1, samplingRate 0,format 0, channels 3, flags 0
05-10 20:32:01.855   229   292 W APM_AudioPolicyManager: getOutput() could not find output for stream 1, samplingRate 0,format 0, channels 3, flags 0
05-10 20:32:01.856   229   229 W APM_AudioPolicyManager: getOutput() could not find output for stream 1, samplingRate 48000,format 1, channels 3, flags 4
05-10 20:32:01.860   498  1558 I ActivityManager: START u0 {act=android.settings.WIFI_SETTINGS flg=0x14000000 cmp=com.android.settings/.Settings$WifiSettingsActivity} from uid 10008
05-10 20:32:01.876   498  1206 E ActivityManager: applyOptionsLocked: Unknown animationType=0
05-10 20:32:02.034  1241  1241 I zygote  : Deoptimizing int android.support.v4.util.SimpleArrayMap.indexOfKey(java.lang.Object) due to JIT inline cache
05-10 20:32:02.146  1241  1241 I zygote  : Deoptimizing int android.support.v7.widget.RecyclerView$5.getChildCount() due to JIT inline cache
05-10 20:32:02.149  1241  1241 I zygote  : Deoptimizing int android.support.v7.widget.ChildHelper.getChildCount() due to JIT inline cache
05-10 20:32:02.185   498  1551 I chatty  : uid=1000(system) Binder:498_9 expire 5 lines
05-10 20:32:02.197  1241  1241 I zygote  : Deoptimizing int android.support.v4.util.SimpleArrayMap.indexOf(java.lang.Object, int) due to JIT inline cache
05-10 20:32:02.219  1241  2284 I zygote  : Deoptimizing java.util.List com.android.settingslib.drawer.TileUtils.getCategories(android.content.Context, java.util.Map, boolean, java.lang.String, java.lang.String) due to JIT inline cache
05-10 20:32:02.253  1241  2284 W TileUtils: Found com.android.settings.backup.BackupSettingsActivity for intent Intent { act=com.android.settings.action.SETTINGS pkg=com.android.settings } missing metadata com.android.settings.category
05-10 20:32:02.295  1241  1241 I zygote  : Deoptimizing void android.support.v7.widget.LinearLayoutManager.layoutChunk(android.support.v7.widget.RecyclerView$Recycler, android.support.v7.widget.RecyclerView$State, android.support.v7.widget.LinearLayoutManager$LayoutState, android.support.v7.widget.LinearLayoutManager$LayoutChunkResult) due to JIT inline cache
05-10 20:32:02.295  1241  1241 I zygote  : Deoptimizing void android.support.v7.widget.RecyclerView$LayoutManager.addViewInt(android.view.View, int, boolean) due to JIT inline cache
05-10 20:32:02.296  1241  1241 I zygote  : Deoptimizing android.support.v7.widget.RecyclerView$ViewHolder android.support.v7.widget.RecyclerView.getChildViewHolderInt(android.view.View) due to JIT inline cache
05-10 20:32:02.302  1241  1241 I zygote  : Deoptimizing int android.support.v7.widget.ChildHelper.getOffset(int) due to JIT inline cache
05-10 20:32:02.302  1241  1241 I zygote  : Deoptimizing android.view.View android.support.v7.widget.ChildHelper.getChildAt(int) due to JIT inline cache
05-10 20:32:02.302  1241  1241 I zygote  : Deoptimizing android.view.View android.support.v7.widget.RecyclerView$5.getChildAt(int) due to JIT inline cache
05-10 20:32:02.311  1241  2284 D Settings: No enabled state changed, skipping updateCategory call
05-10 20:32:02.350  1060  1060 D StatusBar: disable<e i a s b h r c s q >
05-10 20:32:03.262  1162  1162 D ImsResolver: maybeAddedImsService, packageName: com.android.settings
05-10 20:32:03.263  1024  1024 D Avrcp   : AvrcpServiceBroadcastReceiver-> Action: android.intent.action.PACKAGE_CHANGED
05-10 20:32:03.264  1024  1024 D Avrcp   : AvrcpServiceBroadcastReceiver-> packageName: com.android.settings
05-10 20:32:03.264  1024  1024 D Avrcp   : packageName: com.android.settings removed: false
05-10 20:32:03.265  1024  1024 D Avrcp   : isBrowsableListUpdated: false
05-10 20:32:03.270  1162  1162 E PhoneInterfaceManager: [PhoneIntfMgr] getCarrierPackageNamesForIntent: No UICC
05-10 20:32:03.270  1162  1162 D CarrierSvcBindHelper: No carrier app for: 0
05-10 20:32:03.274  1241  2287 W TileUtils: Found com.android.settings.backup.BackupSettingsActivity for intent Intent { act=com.android.settings.action.SETTINGS pkg=com.android.settings } missing metadata com.android.settings.category
05-10 20:32:03.281   498   498 I Telecom : DefaultDialerCache: Refreshing default dialer for user 0: now null: DDC.oR@ACc
05-10 20:32:03.295   498   539 W VoiceInteractionManagerService: no available voice interaction services found for user 0
05-10 20:32:03.495  1241  1249 I zygote  : Do partial code cache collection, code=57KB, data=62KB
05-10 20:32:03.495  1241  1241 D WifiSettings: onAccessPointsChanged (WifiTracker) callback initiated
05-10 20:32:03.496  1241  1249 I zygote  : After code cache collection, code=43KB, data=55KB
05-10 20:32:03.496  1241  1249 I zygote  : Increasing code cache capacity to 256KB
05-10 20:32:03.853  1241  1241 I zygote  : Deoptimizing int android.support.v7.widget.OrientationHelper$2.getDecoratedStart(android.view.View) due to JIT inline cache
05-10 20:32:07.520   210   210 D WifiHAL : In DebugCommand::handleResponse
05-10 20:32:07.520   210   210 D WifiHAL : len = 4, expected len = 4
05-10 20:32:07.521   210   210 D WifiHAL : In DebugCommand::handleResponse
05-10 20:32:07.521   210   210 D WifiHAL : len = 4, expected len = 4
05-10 20:32:07.526   498   543 E BatteryExternalStatsWorker: no controller energy info supplied for wifi
05-10 20:32:07.527   498   543 E BatteryExternalStatsWorker: no controller energy info supplied for bluetooth
05-10 20:32:07.527  1162  1162 E PhoneInterfaceManager: [PhoneIntfMgr] queryModemActivityInfo: Empty response
05-10 20:32:07.532   498   543 E BatteryExternalStatsWorker: modem info is invalid: ModemActivityInfo{ mTimestamp=0 mSleepTimeMs=0 mIdleTimeMs=0 mTxTimeMs[]=[0, 0, 0, 0, 0] mRxTimeMs=0 mEnergyUsed=0}
05-10 20:32:11.461   229   292 W APM_AudioPolicyManager: getOutput() could not find output for stream 1, samplingRate 0,format 0, channels 3, flags 0
05-10 20:32:11.461   229   294 W APM_AudioPolicyManager: getOutput() could not find output for stream 1, samplingRate 0,format 0, channels 3, flags 0
05-10 20:32:11.462   229   292 W APM_AudioPolicyManager: getOutput() could not find output for stream 1, samplingRate 48000,format 1, channels 3, flags 4
05-10 20:32:11.606  1040  1040 I LatinIME: Starting input. Cursor position = 0,0
05-10 20:32:11.818  1040  1040 I RenderThread: type=1400 audit(0.0:215): avc: denied { read } for name="num_pts" dev="sysfs" ino=5220 scontext=u:r:untrusted_app_25:s0:c512,c768 tcontext=u:object_r:sysfs:s0 tclass=file permissive=1
05-10 20:32:11.818  1040  1040 I RenderThread: type=1400 audit(0.0:216): avc: denied { open } for path="/sys/devices/platform/host1x/capabilities/num_pts" dev="sysfs" ino=5220 scontext=u:r:untrusted_app_25:s0:c512,c768 tcontext=u:object_r:sysfs:s0 tclass=file permissive=1
05-10 20:32:11.819  1040  1040 I RenderThread: type=1400 audit(0.0:217): avc: denied { getattr } for path="/sys/devices/platform/host1x/capabilities/num_pts" dev="sysfs" ino=5220 scontext=u:r:untrusted_app_25:s0:c512,c768 tcontext=u:object_r:sysfs:s0 tclass=file permissive=1
05-10 20:32:11.871  1040  1040 I RenderThread: type=1400 audit(0.0:218): avc: denied { write } for name="phsd" dev="tmpfs" ino=12414 scontext=u:r:untrusted_app_25:s0:c512,c768 tcontext=u:object_r:phsd_socket:s0 tclass=sock_file permissive=1
05-10 20:32:11.873  1040  2074 D         : cannot connect to power hinting service
05-10 20:32:12.238   210   210 I WifiHAL : Got channel list with 13 channels
05-10 20:32:12.240   210   210 I WifiHAL : Got channel list with 9 channels
05-10 20:32:12.244   210   210 I WifiHAL : Got channel list with 16 channels
05-10 20:32:13.116   229   294 W APM_AudioPolicyManager: getOutput() could not find output for stream 1, samplingRate 0,format 0, channels 3, flags 0
05-10 20:32:13.116   229   229 W APM_AudioPolicyManager: getOutput() could not find output for stream 1, samplingRate 0,format 0, channels 3, flags 0
05-10 20:32:13.117   229   294 W APM_AudioPolicyManager: getOutput() could not find output for stream 1, samplingRate 48000,format 1, channels 1, flags 4
05-10 20:32:13.357   229   229 W APM_AudioPolicyManager: getOutput() could not find output for stream 1, samplingRate 0,format 0, channels 3, flags 0
05-10 20:32:13.358   229   292 W APM_AudioPolicyManager: getOutput() could not find output for stream 1, samplingRate 0,format 0, channels 3, flags 0
05-10 20:32:13.358   229   229 W APM_AudioPolicyManager: getOutput() could not find output for stream 1, samplingRate 48000,format 1, channels 1, flags 4
05-10 20:32:13.579   229   292 W APM_AudioPolicyManager: getOutput() could not find output for stream 1, samplingRate 0,format 0, channels 3, flags 0
05-10 20:32:13.580   229   294 W APM_AudioPolicyManager: getOutput() could not find output for stream 1, samplingRate 0,format 0, channels 3, flags 0
05-10 20:32:13.581   229   292 W APM_AudioPolicyManager: getOutput() could not find output for stream 1, samplingRate 48000,format 1, channels 1, flags 4
05-10 20:32:13.783   229   294 W APM_AudioPolicyManager: getOutput() could not find output for stream 1, samplingRate 0,format 0, channels 3, flags 0
05-10 20:32:13.783   229   229 W APM_AudioPolicyManager: getOutput() could not find output for stream 1, samplingRate 0,format 0, channels 3, flags 0
05-10 20:32:13.784   229   294 W APM_AudioPolicyManager: getOutput() could not find output for stream 1, samplingRate 48000,format 1, channels 1, flags 4
05-10 20:32:13.784   498  1008 I chatty  : uid=1000(system) AudioService expire 22 lines
05-10 20:32:14.402   229   229 W APM_AudioPolicyManager: getOutput() could not find output for stream 1, samplingRate 0,format 0, channels 3, flags 0
05-10 20:32:14.402   229   292 W APM_AudioPolicyManager: getOutput() could not find output for stream 1, samplingRate 0,format 0, channels 3, flags 0
05-10 20:32:14.403   229   229 W APM_AudioPolicyManager: getOutput() could not find output for stream 1, samplingRate 48000,format 1, channels 1, flags 4
05-10 20:32:14.932   229   292 W APM_AudioPolicyManager: getOutput() could not find output for stream 1, samplingRate 0,format 0, channels 3, flags 0
05-10 20:32:14.933   229   294 W APM_AudioPolicyManager: getOutput() could not find output for stream 1, samplingRate 0,format 0, channels 3, flags 0
05-10 20:32:14.933   229   292 W APM_AudioPolicyManager: getOutput() could not find output for stream 1, samplingRate 48000,format 1, channels 1, flags 4
05-10 20:32:15.161  1241  1241 D WifiSettings: onAccessPointChanged (singular) callback initiated
05-10 20:32:15.162  1241  1241 I chatty  : uid=1000(system) com.android.settings identical 45 lines
05-10 20:32:15.237   229   294 W APM_AudioPolicyManager: getOutput() could not find output for stream 1, samplingRate 0,format 0, channels 3, flags 0
05-10 20:32:15.238   229   229 W APM_AudioPolicyManager: getOutput() could not find output for stream 1, samplingRate 0,format 0, channels 3, flags 0
05-10 20:32:15.239   229   294 W APM_AudioPolicyManager: getOutput() could not find output for stream 1, samplingRate 48000,format 1, channels 1, flags 4
05-10 20:32:15.465   229   229 W APM_AudioPolicyManager: getOutput() could not find output for stream 1, samplingRate 0,format 0, channels 3, flags 0
05-10 20:32:15.465   229   292 W APM_AudioPolicyManager: getOutput() could not find output for stream 1, samplingRate 0,format 0, channels 3, flags 0
05-10 20:32:15.466   229   229 W APM_AudioPolicyManager: getOutput() could not find output for stream 1, samplingRate 48000,format 1, channels 1, flags 4
05-10 20:32:15.572  1241  1249 I chatty  : uid=1000(system) Jit thread pool expire 2 lines
05-10 20:32:15.684   229   292 W APM_AudioPolicyManager: getOutput() could not find output for stream 1, samplingRate 0,format 0, channels 3, flags 0
05-10 20:32:15.684   229   294 W APM_AudioPolicyManager: getOutput() could not find output for stream 1, samplingRate 0,format 0, channels 3, flags 0
05-10 20:32:15.686   229   292 W APM_AudioPolicyManager: getOutput() could not find output for stream 1, samplingRate 48000,format 1, channels 1, flags 4
05-10 20:32:15.837   229   294 W APM_AudioPolicyManager: getOutput() could not find output for stream 1, samplingRate 0,format 0, channels 3, flags 0
05-10 20:32:15.837   229   229 W APM_AudioPolicyManager: getOutput() could not find output for stream 1, samplingRate 0,format 0, channels 3, flags 0
05-10 20:32:15.838   229   294 W APM_AudioPolicyManager: getOutput() could not find output for stream 1, samplingRate 48000,format 1, channels 1, flags 4
05-10 20:32:16.466   229   229 W APM_AudioPolicyManager: getOutput() could not find output for stream 1, samplingRate 0,format 0, channels 3, flags 0
05-10 20:32:16.466   229   292 W APM_AudioPolicyManager: getOutput() could not find output for stream 1, samplingRate 0,format 0, channels 3, flags 0
05-10 20:32:16.467   229   229 W APM_AudioPolicyManager: getOutput() could not find output for stream 1, samplingRate 48000,format 1, channels 1, flags 4
05-10 20:32:17.250   229   292 W APM_AudioPolicyManager: getOutput() could not find output for stream 1, samplingRate 0,format 0, channels 3, flags 0
05-10 20:32:17.250   229   294 W APM_AudioPolicyManager: getOutput() could not find output for stream 1, samplingRate 0,format 0, channels 3, flags 0
05-10 20:32:17.251   229   292 W APM_AudioPolicyManager: getOutput() could not find output for stream 1, samplingRate 48000,format 1, channels 1, flags 4
05-10 20:32:17.552  1040  1040 I zygote  : Deoptimizing void com.android.inputmethod.keyboard.internal.KeyboardParams.onAddKey(com.android.inputmethod.keyboard.Key) due to JIT inline cache
05-10 20:32:17.560  1040  1040 I zygote  : Deoptimizing void com.android.inputmethod.keyboard.KeyboardView.onDrawKey(com.android.inputmethod.keyboard.Key, android.graphics.Canvas, android.graphics.Paint) due to JIT inline cache
05-10 20:32:17.764  1040  1040 I zygote  : Deoptimizing void com.android.inputmethod.keyboard.KeyboardView.invalidateKey(com.android.inputmethod.keyboard.Key) due to JIT inline cache
05-10 20:32:18.231   229   294 W APM_AudioPolicyManager: getOutput() could not find output for stream 1, samplingRate 0,format 0, channels 3, flags 0
05-10 20:32:18.231   229   229 W APM_AudioPolicyManager: getOutput() could not find output for stream 1, samplingRate 0,format 0, channels 3, flags 0
05-10 20:32:18.231  1040  1040 I LatinIME: Starting input. Cursor position = 12,12
05-10 20:32:18.232   229   294 W APM_AudioPolicyManager: getOutput() could not find output for stream 1, samplingRate 48000,format 1, channels 3, flags 4
05-10 20:32:18.284  1040  1040 E RichInputConnection: Unable to connect to the editor to retrieve text.
05-10 20:32:18.284  1040  1040 D RichInputConnection: Will try to retrieve text later.
05-10 20:32:18.302  1040  1040 E RichInputConnection: Unable to connect to the editor to retrieve text.
05-10 20:32:18.302  1040  1040 W RichInputConnection: Unable to connect to the editor. Setting caps mode without knowing text.
05-10 20:32:18.311  1040  1040 I LatinIME: Starting input. Cursor position = 0,0
05-10 20:32:18.827   229   229 W APM_AudioPolicyManager: getOutput() could not find output for stream 1, samplingRate 0,format 0, channels 3, flags 0
05-10 20:32:18.827   229   292 W APM_AudioPolicyManager: getOutput() could not find output for stream 1, samplingRate 0,format 0, channels 3, flags 0
05-10 20:32:18.828   229   229 W APM_AudioPolicyManager: getOutput() could not find output for stream 1, samplingRate 48000,format 1, channels 3, flags 4
05-10 20:32:18.831   498   994 D WifiService: New client listening to asynchronous messages
05-10 20:32:18.832   498   994 D WifiService: SAVE nid=0 uid=1000 name=android.uid.system:1000
05-10 20:32:18.833   498   994 D WifiService: Save network with config * ID: -1 SSID: "JAZZTEL_EKEW" PROVIDER-NAME: null BSSID: null FQDN: null PRIO: 0 HIDDEN: false
05-10 20:32:18.833   498   994 D WifiService:  NetworkSelectionStatus NETWORK_SELECTION_ENABLED
05-10 20:32:18.833   498   994 D WifiService:  hasEverConnected: false
05-10 20:32:18.833   498   994 D WifiService:  KeyMgmt: WPA_PSK Protocols:
05-10 20:32:18.833   498   994 D WifiService:  AuthAlgorithms:
05-10 20:32:18.833   498   994 D WifiService:  PairwiseCiphers:
05-10 20:32:18.833   498   994 D WifiService:  GroupCiphers:
05-10 20:32:18.833   498   994 D WifiService:  PSK: *
05-10 20:32:18.833   498   994 D WifiService: Enterprise config:
05-10 20:32:18.833   498   994 D WifiService: IP config:
05-10 20:32:18.833   498   994 D WifiService: IP assignment: DHCP
05-10 20:32:18.833   498   994 D WifiService: Proxy settings: NONE
05-10 20:32:18.833   498   994 D WifiService:  cuid=-1 luid=-1 lcuid=0 userApproved=USER_UNSPECIFIED noInternetAccessExpected=false roamingFailureBlackListTimeMilli: 1000
05-10 20:32:18.833   498   994 D WifiService: recentFailure: Association Rejection code: 0
05-10 20:32:18.833   498   994 D WifiService: CONNECT  nid=-1 uid=1000 name=android.uid.system:1000
05-10 20:32:18.833   498   994 D WifiService: Connect with config * ID: -1 SSID: "JAZZTEL_EKEW" PROVIDER-NAME: null BSSID: null FQDN: null PRIO: 0 HIDDEN: false
05-10 20:32:18.833   498   994 D WifiService:  NetworkSelectionStatus NETWORK_SELECTION_ENABLED
05-10 20:32:18.833   498   994 D WifiService:  hasEverConnected: false
05-10 20:32:18.833   498   994 D WifiService:  KeyMgmt: WPA_PSK Protocols:
05-10 20:32:18.833   498   994 D WifiService:  AuthAlgorithms:
05-10 20:32:18.833   498   994 D WifiService:  PairwiseCiphers:
05-10 20:32:18.833   498   994 D WifiService:  GroupCiphers:
05-10 20:32:18.833   498   994 D WifiService:  PSK: *
05-10 20:32:18.833   498   994 D WifiService: Enterprise config:
05-10 20:32:18.833   498   994 D WifiService: IP config:
05-10 20:32:18.833   498   994 D WifiService: IP assignment: DHCP
05-10 20:32:18.833   498   994 D WifiService: Proxy settings: NONE
05-10 20:32:18.833   498   994 D WifiService:  cuid=-1 luid=-1 lcuid=0 userApproved=USER_UNSPECIFIED noInternetAccessExpected=false roamingFailureBlackListTimeMilli: 1000
05-10 20:32:18.833   498   994 D WifiService: recentFailure: Association Rejection code: 0
05-10 20:32:18.837   498   992 I chatty  : uid=1000(system) NetworkPolicy expire 1 line
05-10 20:32:18.849   498   995 I chatty  : uid=1000(system) WifiStateMachin expire 8 lines
05-10 20:32:18.913   498   995 W LastMileLogger: Failed to arm fail-safe.
05-10 20:32:18.913   241   241 W wificond: Scan is not started. Ignore abort request
05-10 20:32:18.913   498   995 D SupplicantStaIfaceHal: connectToNetwork "JAZZTEL_EKEW"WPA_PSK
05-10 20:32:18.914   498   995 I SupplicantStaIfaceHal: addSupplicantStaNetwork via HIDL
05-10 20:32:18.938   498  1554 I WifiService: getConfiguredNetworks uid=1000
05-10 20:32:18.948  2298  2298 I wpa_supplicant: wlan0: Trying to associate with SSID 'JAZZTEL_EKEW'
05-10 20:32:18.974   498  1207 I WifiService: getConfiguredNetworks uid=1000
05-10 20:32:18.990   498  1206 I WifiService: getConfiguredNetworks uid=1000
05-10 20:32:19.002   498  1203 I WifiService: getConfiguredNetworks uid=1000
05-10 20:32:19.003   498  1551 I WifiService: getWifiEnabledState uid=1000
05-10 20:32:19.014   498   537 I WifiService: getConfiguredNetworks uid=1000
05-10 20:32:19.023  1241  1241 I chatty  : uid=1000(system) com.android.settings expire 4 lines
05-10 20:32:19.023   498  1554 I WifiService: getConfiguredNetworks uid=1000
05-10 20:32:19.023  1241  1241 D WifiSettings: onAccessPointChanged (singular) callback initiated
05-10 20:32:19.023  1241  1241 D WifiSettings: onAccessPointChanged (singular) callback initiated
05-10 20:32:19.024  1241  1241 I chatty  : uid=1000(system) com.android.settings identical 12 lines
05-10 20:32:19.024  1241  1241 D WifiSettings: onAccessPointChanged (singular) callback initiated
05-10 20:32:19.024  1241  1241 D WifiSettings: onAccessPointsChanged (WifiTracker) callback initiated
05-10 20:32:19.024   498  1537 I WifiService: getWifiEnabledState uid=1000
05-10 20:32:19.035   498  1203 I WifiService: getConfiguredNetworks uid=1000
05-10 20:32:19.050   498  1551 I WifiService: getWifiEnabledState uid=1000
05-10 20:32:19.051   498   580 I WifiService: getConnectionInfo uid=1000
05-10 20:32:19.051   498   537 I WifiService: getConfiguredNetworks uid=1000
05-10 20:32:19.054   498  1554 I WifiService: getConfiguredNetworks uid=1000
05-10 20:32:19.068   498  1207 I WifiService: getConfiguredNetworks uid=1000
05-10 20:32:19.080  1241  1241 D WifiSettings: onAccessPointChanged (singular) callback initiated
05-10 20:32:19.081  1241  1241 I chatty  : uid=1000(system) com.android.settings identical 18 lines
05-10 20:32:19.081  1241  1241 D WifiSettings: onAccessPointChanged (singular) callback initiated
05-10 20:32:19.081  1241  1241 D WifiSettings: onAccessPointsChanged (WifiTracker) callback initiated
05-10 20:32:19.082   498  1161 I WifiService: getWifiEnabledState uid=1000
05-10 20:32:19.126  1241  1241 D WifiSettings: onAccessPointsChanged (WifiTracker) callback initiated
05-10 20:32:19.126   498  1203 I WifiService: getWifiEnabledState uid=1000
05-10 20:32:19.127  1241  1241 D WifiSettings: onAccessPointsChanged (WifiTracker) callback initiated
05-10 20:32:19.128   498  1551 I WifiService: getWifiEnabledState uid=1000
05-10 20:32:19.129  1241  1241 D WifiSettings: onAccessPointsChanged (WifiTracker) callback initiated
05-10 20:32:19.129   498   580 I WifiService: getWifiEnabledState uid=1000
05-10 20:32:19.133  1241  1249 I zygote  : Do partial code cache collection, code=123KB, data=87KB
05-10 20:32:19.134  1241  1249 I zygote  : After code cache collection, code=123KB, data=87KB
05-10 20:32:19.134  1241  1249 I zygote  : Increasing code cache capacity to 512KB
05-10 20:32:19.304   498   537 I WifiService: getWifiEnabledState uid=1000
05-10 20:32:19.308   498  1537 I WifiService: getConfiguredNetworks uid=1000
05-10 20:32:19.309   498  1207 I WifiService: getPasspointConfigurations uid=1000
05-10 20:32:19.318  1241  1241 I zygote  : Deoptimizing void android.support.v7.preference.Preference.onBindViewHolder(android.support.v7.preference.PreferenceViewHolder) due to JIT inline cache
05-10 20:32:19.331  1241  1241 I zygote  : Deoptimizing void android.support.v14.preference.PreferenceFragment$DividerDecoration.onDrawOver(android.graphics.Canvas, android.support.v7.widget.RecyclerView, android.support.v7.widget.RecyclerView$State) due to JIT inline cache
05-10 20:32:19.340   498  1207 I WifiService: getWifiEnabledState uid=1000
05-10 20:32:19.343   498   536 I WifiService: getConfiguredNetworks uid=1000
05-10 20:32:19.344   498  1161 I WifiService: getPasspointConfigurations uid=1000
05-10 20:32:19.346  1241  1241 I zygote  : Deoptimizing void android.support.v7.widget.DefaultItemAnimator.animateMoveImpl(android.support.v7.widget.RecyclerView$ViewHolder, int, int, int, int) due to JIT inline cache
05-10 20:32:19.410  2298  2298 I wpa_supplicant: wlan0: Associated with 70:2e:22:da:ca:5c
05-10 20:32:19.420  2298  2298 I wpa_supplicant: wlan0: CTRL-EVENT-SUBNET-STATUS-UPDATE status=0
05-10 20:32:19.430   498  1206 I WifiService: getWifiEnabledState uid=1000
05-10 20:32:19.434   498  1551 I WifiService: getConfiguredNetworks uid=1000
05-10 20:32:19.435   498  1203 I WifiService: getPasspointConfigurations uid=1000
05-10 20:32:19.436   498  1558 I WifiService: getWifiEnabledState uid=1000
05-10 20:32:19.437   498   580 I WifiService: getConnectionInfo uid=1000
05-10 20:32:19.438   498   537 I WifiService: getConfiguredNetworks uid=1000
05-10 20:32:19.444   498  1554 I WifiService: getConfiguredNetworks uid=1000
05-10 20:32:19.445  2298  2298 I wpa_supplicant: wlan0: WPA: Key negotiation completed with 70:2e:22:da:ca:5c [PTK=CCMP GTK=CCMP]
05-10 20:32:19.445  2298  2298 I wpa_supplicant: wlan0: CTRL-EVENT-CONNECTED - Connection to 70:2e:22:da:ca:5c completed [id=0 id_str=%7B%22configKey%22%3A%22%5C%22JAZZTEL_EKEW%5C%22WPA_PSK%22%2C%22creatorUid%22%3A%221000%22%7D]
05-10 20:32:19.447   498  1554 I WifiService: getWifiEnabledState uid=1000
05-10 20:32:19.448   498  1161 I WifiService: getConfiguredNetworks uid=1000
05-10 20:32:19.459   498  1206 I WifiService: getConfiguredNetworks uid=1000
05-10 20:32:19.462   498   995 D ConnectivityService: registerNetworkAgent NetworkAgentInfo{ ni{[type: WIFI[], state: CONNECTING/CONNECTING, reason: (unspecified), extra: "JAZZTEL_EKEW", failover: false, available: true, roaming: false]}  network{100}  nethandle{429513165534}  lp{{LinkAddresses: []  Routes: [] DnsAddresses: [] Domains: null MTU: 0}}  nc{[ Transports: WIFI Capabilities: NOT_METERED&INTERNET&NOT_RESTRICTED&TRUSTED&NOT_VPN LinkUpBandwidth>=1048576Kbps LinkDnBandwidth>=1048576Kbps]}  Score{20}  everValidated{false}  lastValidated{false}  created{false} lingering{false} explicitlySelected{false} acceptUnvalidated{false} everCaptivePortalDetected{false} lastCaptivePortalDetected{false} clat{null} }
05-10 20:32:19.463   498  1000 D ConnectivityService: NetworkAgentInfo [WIFI () - 100] EVENT_NETWORK_INFO_CHANGED, going from null to CONNECTING
05-10 20:32:19.469   210   210 D WifiHAL : Getting APF capabilities, halHandle = 0xb1899a80
05-10 20:32:19.469   210   210 I WifiHAL : 
05-10 20:32:19.469   210   210 I WifiHAL : createRequest: APF get capabilities request
05-10 20:32:19.469   210   210 I WifiHAL : Request Response failed for APF, result = -95
05-10 20:32:19.470   498   995 E WifiVendorHal: getApfCapabilities(l.1538) failed {.code = ERROR_UNKNOWN, .description = errno: -95 (Unknown error -95)}
05-10 20:32:19.477   498  1551 I WifiService: getPasspointConfigurations uid=1000
05-10 20:32:19.478   498  1203 I WifiService: getWifiEnabledState uid=1000
05-10 20:32:19.480   498  1558 I WifiService: getConfiguredNetworks uid=1000
05-10 20:32:19.488   498   995 E WifiVendorHal: configureNeighborDiscoveryOffload(l.2240) failed {.code = ERROR_UNKNOWN, .description = errno: -95 (Unknown error -95)}
05-10 20:32:19.502   498   580 I WifiService: getPasspointConfigurations uid=1000
05-10 20:32:19.503   498  1537 I WifiService: getWifiEnabledState uid=1000
05-10 20:32:19.505   498  1207 I WifiService: getConfiguredNetworks uid=1000
05-10 20:32:19.507   498  1554 I WifiService: getPasspointConfigurations uid=1000
05-10 20:32:19.508   498   536 I WifiService: getWifiEnabledState uid=1000
05-10 20:32:19.509   498  1161 I WifiService: getConnectionInfo uid=1000
05-10 20:32:19.509   498  1551 I WifiService: getConfiguredNetworks uid=1000
05-10 20:32:19.514  1241  1241 D WifiSettings: onAccessPointChanged (singular) callback initiated
05-10 20:32:19.514  1241  1241 I chatty  : uid=1000(system) com.android.settings identical 5 lines
05-10 20:32:19.514   498  1203 I WifiService: getConfiguredNetworks uid=1000
05-10 20:32:19.514  1241  1241 D WifiSettings: onAccessPointChanged (singular) callback initiated
05-10 20:32:19.514  1241  1241 D WifiSettings: onAccessPointChanged (singular) callback initiated
05-10 20:32:19.514  1241  1241 I chatty  : uid=1000(system) com.android.settings identical 11 lines
05-10 20:32:19.514  1241  1241 D WifiSettings: onAccessPointChanged (singular) callback initiated
05-10 20:32:19.514  1241  1241 D WifiSettings: onAccessPointsChanged (WifiTracker) callback initiated
05-10 20:32:19.515   498  1203 I WifiService: getWifiEnabledState uid=1000
05-10 20:32:19.518   498   537 I WifiService: getCurrentNetwork uid=1000
05-10 20:32:19.526   498  1207 I WifiService: getConfiguredNetworks uid=1000
05-10 20:32:19.529   498  2360 D DhcpClient: Receive thread started
05-10 20:32:19.541   498  1554 I WifiService: getWifiEnabledState uid=1000
05-10 20:32:19.541   498   536 I WifiService: getConnectionInfo uid=1000
05-10 20:32:19.542   498  1161 I WifiService: getConfiguredNetworks uid=1000
05-10 20:32:19.639   498  2358 D DhcpClient: Broadcasting DHCPDISCOVER
05-10 20:32:19.640  1241  1241 D WifiSettings: onAccessPointChanged (singular) callback initiated
05-10 20:32:19.640  1241  1241 I chatty  : uid=1000(system) com.android.settings identical 5 lines
05-10 20:32:19.640   498  1551 I WifiService: getConfiguredNetworks uid=1000
05-10 20:32:19.640  1241  1241 D WifiSettings: onAccessPointChanged (singular) callback initiated
05-10 20:32:19.640  1241  1241 D WifiSettings: onAccessPointChanged (singular) callback initiated
05-10 20:32:19.641  1241  1241 I chatty  : uid=1000(system) com.android.settings identical 11 lines
05-10 20:32:19.641  1241  1241 D WifiSettings: onAccessPointChanged (singular) callback initiated
05-10 20:32:19.641  1241  1241 D WifiSettings: onAccessPointsChanged (WifiTracker) callback initiated
05-10 20:32:19.641   498  1558 I WifiService: getWifiEnabledState uid=1000
05-10 20:32:19.645  1241  1241 I zygote  : Deoptimizing void android.support.v7.widget.DefaultItemAnimator.animateAddImpl(android.support.v7.widget.RecyclerView$ViewHolder) due to JIT inline cache
05-10 20:32:19.649   498  1203 I WifiService: getConfiguredNetworks uid=1000
05-10 20:32:19.659  1241  1241 D WifiSettings: onAccessPointChanged (singular) callback initiated
05-10 20:32:19.659  1241  1241 I chatty  : uid=1000(system) com.android.settings identical 14 lines
05-10 20:32:19.659  1241  1241 D WifiSettings: onAccessPointChanged (singular) callback initiated
05-10 20:32:19.659  1241  1241 D WifiSettings: onAccessPointChanged (singular) callback initiated
05-10 20:32:19.660   498   537 I WifiService: getWifiEnabledState uid=1000
05-10 20:32:19.660  1241  1241 I chatty  : uid=1000(system) com.android.settings expire 2 lines
05-10 20:32:19.660  1241  1241 D WifiSettings: onAccessPointChanged (singular) callback initiated
05-10 20:32:19.660  1241  1241 D WifiSettings: onAccessPointsChanged (WifiTracker) callback initiated
05-10 20:32:19.660   498   580 I WifiService: getWifiEnabledState uid=1000
05-10 20:32:19.662   498  1207 I WifiService: getConnectionInfo uid=1000
05-10 20:32:19.662   498  1554 I WifiService: getConfiguredNetworks uid=1000
05-10 20:32:19.666  1241  1241 D WifiSettings: onAccessPointChanged (singular) callback initiated
05-10 20:32:19.666  1241  1241 D WifiSettings: onAccessPointsChanged (WifiTracker) callback initiated
05-10 20:32:19.666   498   536 I WifiService: getConfiguredNetworks uid=1000
05-10 20:32:19.666   498  1161 I WifiService: getWifiEnabledState uid=1000
05-10 20:32:19.675   498  1558 I WifiService: getConfiguredNetworks uid=1000
05-10 20:32:19.684   498  1206 I WifiService: getWifiEnabledState uid=1000
05-10 20:32:19.685   498  1203 I WifiService: getConnectionInfo uid=1000
05-10 20:32:19.686   498   580 I WifiService: getConfiguredNetworks uid=1000
05-10 20:32:19.688  1241  1241 D WifiSettings: onAccessPointChanged (singular) callback initiated
05-10 20:32:19.689  1241  1241 I chatty  : uid=1000(system) com.android.settings identical 5 lines
05-10 20:32:19.689  1241  1241 D WifiSettings: onAccessPointChanged (singular) callback initiated
05-10 20:32:19.689   498  1537 I WifiService: getConfiguredNetworks uid=1000
05-10 20:32:19.689  1241  1241 D WifiSettings: onAccessPointChanged (singular) callback initiated
05-10 20:32:19.689  1241  1241 I chatty  : uid=1000(system) com.android.settings identical 11 lines
05-10 20:32:19.689  1241  1241 D WifiSettings: onAccessPointChanged (singular) callback initiated
05-10 20:32:19.689  1241  1241 D WifiSettings: onAccessPointsChanged (WifiTracker) callback initiated
05-10 20:32:19.690   498   537 I WifiService: getWifiEnabledState uid=1000
05-10 20:32:19.698   498   536 I WifiService: getConfiguredNetworks uid=1000
05-10 20:32:19.719   498  1551 I WifiService: getWifiEnabledState uid=1000
05-10 20:32:19.720   498  1558 I WifiService: getConnectionInfo uid=1000
05-10 20:32:19.721   498  1206 I WifiService: getConfiguredNetworks uid=1000
05-10 20:32:19.730  1241  1241 D WifiSettings: onAccessPointChanged (singular) callback initiated
05-10 20:32:19.731  1241  1241 I chatty  : uid=1000(system) com.android.settings identical 18 lines
05-10 20:32:19.731  1241  1241 D WifiSettings: onAccessPointChanged (singular) callback initiated
05-10 20:32:19.731  1241  1241 D WifiSettings: onAccessPointsChanged (WifiTracker) callback initiated
05-10 20:32:19.732   498  1203 I WifiService: getWifiEnabledState uid=1000
05-10 20:32:19.735  1241  1241 D WifiSettings: onAccessPointsChanged (WifiTracker) callback initiated
05-10 20:32:19.736   498   580 I WifiService: getWifiEnabledState uid=1000
05-10 20:32:19.737  1241  1241 D WifiSettings: onAccessPointsChanged (WifiTracker) callback initiated
05-10 20:32:19.737   498  1207 I WifiService: getWifiEnabledState uid=1000
05-10 20:32:19.738  1241  1241 D WifiSettings: onAccessPointsChanged (WifiTracker) callback initiated
05-10 20:32:19.738   498  1537 I WifiService: getWifiEnabledState uid=1000
05-10 20:32:19.747  1241  1241 D WifiSettings: onAccessPointsChanged (WifiTracker) callback initiated
05-10 20:32:19.747   498   537 I WifiService: getWifiEnabledState uid=1000
05-10 20:32:19.748  1241  1241 D WifiSettings: onAccessPointsChanged (WifiTracker) callback initiated
05-10 20:32:19.749   498  1161 I WifiService: getWifiEnabledState uid=1000
05-10 20:32:19.816   498  1554 I WifiService: getWifiEnabledState uid=1000
05-10 20:32:19.818   498   536 I WifiService: getConfiguredNetworks uid=1000
05-10 20:32:19.819   498  1551 I WifiService: getPasspointConfigurations uid=1000
05-10 20:32:19.942   498  1558 I WifiService: getWifiEnabledState uid=1000
05-10 20:32:19.943   498  1206 I WifiService: getConfiguredNetworks uid=1000
05-10 20:32:19.946   498  1203 I WifiService: getPasspointConfigurations uid=1000
05-10 20:32:19.960   498   580 I WifiService: getWifiEnabledState uid=1000
05-10 20:32:19.962   498  1207 I WifiService: getConfiguredNetworks uid=1000
05-10 20:32:19.963   498  1537 I WifiService: getPasspointConfigurations uid=1000
05-10 20:32:19.967   498   537 I WifiService: getWifiEnabledState uid=1000
05-10 20:32:19.969   498  1161 I WifiService: getConfiguredNetworks uid=1000
05-10 20:32:19.970   498  1554 I WifiService: getPasspointConfigurations uid=1000
05-10 20:32:19.990   498   536 I WifiService: getWifiEnabledState uid=1000
05-10 20:32:19.991   498  1551 I WifiService: getConfiguredNetworks uid=1000
05-10 20:32:19.992   498  1558 I WifiService: getPasspointConfigurations uid=1000
05-10 20:32:20.033   498  1206 I WifiService: getWifiEnabledState uid=1000
05-10 20:32:20.034   498  1203 I WifiService: getConfiguredNetworks uid=1000
05-10 20:32:20.035   498   580 I WifiService: getPasspointConfigurations uid=1000
05-10 20:32:20.036   498  1207 I WifiService: getWifiEnabledState uid=1000
05-10 20:32:20.037   498  1537 I WifiService: getConfiguredNetworks uid=1000
05-10 20:32:20.038   498   537 I WifiService: getPasspointConfigurations uid=1000
05-10 20:32:20.039   498  1161 I WifiService: getWifiEnabledState uid=1000
05-10 20:32:20.041   498  1554 I WifiService: getConfiguredNetworks uid=1000
05-10 20:32:20.042   498   536 I WifiService: getPasspointConfigurations uid=1000
05-10 20:32:20.043   498  1551 I WifiService: getWifiEnabledState uid=1000
05-10 20:32:20.043   498  1558 I WifiService: getConfiguredNetworks uid=1000
05-10 20:32:20.045   498  1206 I WifiService: getPasspointConfigurations uid=1000
05-10 20:32:20.047   498  1203 I WifiService: getWifiEnabledState uid=1000
05-10 20:32:20.048   498   580 I WifiService: getConfiguredNetworks uid=1000
05-10 20:32:20.050   498  1207 I WifiService: getPasspointConfigurations uid=1000
05-10 20:32:20.051   498  1537 I WifiService: getWifiEnabledState uid=1000
05-10 20:32:20.052   498   537 I WifiService: getConfiguredNetworks uid=1000
05-10 20:32:20.053   498  1161 I WifiService: getPasspointConfigurations uid=1000
05-10 20:32:21.653   498  2360 D DhcpClient: Received packet: 00:90:4c:16:70:01 OFFER, ip /192.168.1.133, mask /255.255.255.0, DNS servers: /192.168.1.1 , gateways [/192.168.1.1] lease time 259200, domain Home
05-10 20:32:21.655   498  2358 D DhcpClient: Got pending lease: IP address 192.168.1.133/24 Gateway 192.168.1.1  DNS servers: [ 192.168.1.1 ] Domains Home DHCP server /192.168.1.1 Vendor info null lease 259200 seconds
05-10 20:32:21.657   498  2358 D DhcpClient: Broadcasting DHCPREQUEST ciaddr=0.0.0.0 request=192.168.1.133 serverid=192.168.1.1
