05-10 20:27:57.502  1538  1650 E SQLiteDatabase: 	at android.media.MediaScanner$MyMediaScannerClient.endFile(MediaScanner.java:1051)
05-10 20:27:57.502  1538  1650 E SQLiteDatabase: 	at android.media.MediaScanner$MyMediaScannerClient.doScanFile(MediaScanner.java:651)
05-10 20:27:57.502  1538  1650 E SQLiteDatabase: 	at android.media.MediaScanner$MyMediaScannerClient.scanFile(MediaScanner.java:578)
05-10 20:27:57.502  1538  1650 E SQLiteDatabase: 	at android.media.MediaScanner.processDirectory(Native Method)
05-10 20:27:57.502  1538  1650 E SQLiteDatabase: 	at android.media.MediaScanner.scanDirectories(MediaScanner.java:1351)
05-10 20:27:57.502  1538  1650 E SQLiteDatabase: 	at com.android.providers.media.MediaScannerService.scan(MediaScannerService.java:82)
05-10 20:27:57.502  1538  1650 E SQLiteDatabase: 	at com.android.providers.media.MediaScannerService.-wrap1(Unknown Source:0)
05-10 20:27:57.502  1538  1650 E SQLiteDatabase: 	at com.android.providers.media.MediaScannerService$ServiceHandler.handleMessage(MediaScannerService.java:252)
05-10 20:27:57.502  1538  1650 E SQLiteDatabase: 	at android.os.Handler.dispatchMessage(Handler.java:106)
05-10 20:27:57.502  1538  1650 E SQLiteDatabase: 	at android.os.Looper.loop(Looper.java:164)
05-10 20:27:57.502  1538  1650 E SQLiteDatabase: 	at com.android.providers.media.MediaScannerService.run(MediaScannerService.java:161)
05-10 20:27:57.502  1538  1650 E SQLiteDatabase: 	at java.lang.Thread.run(Thread.java:764)
05-10 20:27:57.504  1538  1650 W MediaProvider: Missing volume for /system/media/audio/ringtones/Ring_Synth_02.ogg; assuming invalid
05-10 20:27:57.506  1538  1650 W MediaProvider: Missing volume for /system/media/audio/ringtones/TwirlAway.ogg; assuming invalid
05-10 20:27:57.508  1538  1650 W MediaProvider: Missing volume for /system/media/audio/ringtones/FriendlyGhost.ogg; assuming invalid
05-10 20:27:57.511  1538  1650 W MediaProvider: Missing volume for /system/media/audio/ringtones/Girtab.ogg; assuming invalid
05-10 20:27:57.515  1538  1650 W MediaProvider: Missing volume for /system/media/audio/notifications/Cricket.ogg; assuming invalid
05-10 20:27:57.518  1538  1650 W MediaProvider: Missing volume for /system/media/audio/notifications/Sirrah.ogg; assuming invalid
05-10 20:27:57.521  1538  1650 W MediaProvider: Missing volume for /system/media/audio/notifications/Upsilon.ogg; assuming invalid
05-10 20:27:57.523  1538  1650 W MediaProvider: Missing volume for /system/media/audio/notifications/KzurbSonar.ogg; assuming invalid
05-10 20:27:57.523   237  2062 E MetadataRetrieverClient: failed to extract an album art
05-10 20:27:57.526  1538  1650 W MediaProvider: Missing volume for /system/media/audio/notifications/Strontium.ogg; assuming invalid
05-10 20:27:57.528  1538  1650 W MediaProvider: Missing volume for /system/media/audio/notifications/Doink.ogg; assuming invalid
05-10 20:27:57.531  1538  1650 W MediaProvider: Missing volume for /system/media/audio/notifications/tweeters.ogg; assuming invalid
05-10 20:27:57.534  1538  1650 W MediaProvider: Missing volume for /system/media/audio/notifications/Aldebaran.ogg; assuming invalid
05-10 20:27:57.538  1538  1650 W MediaProvider: Missing volume for /system/media/audio/notifications/Capella.ogg; assuming invalid
05-10 20:27:57.540  1538  1650 W MediaProvider: Missing volume for /system/media/audio/notifications/Altair.ogg; assuming invalid
05-10 20:27:57.542  1538  1650 W MediaProvider: Missing volume for /system/media/audio/notifications/Cobalt.ogg; assuming invalid
05-10 20:27:57.545  1538  1650 W MediaProvider: Missing volume for /system/media/audio/notifications/Rubidium.ogg; assuming invalid
05-10 20:27:57.547  1538  1650 W MediaProvider: Missing volume for /system/media/audio/notifications/DontPanic.ogg; assuming invalid
05-10 20:27:57.549  1538  1650 W MediaProvider: Missing volume for /system/media/audio/notifications/Betelgeuse.ogg; assuming invalid
05-10 20:27:57.574  1538  1650 W MediaProvider: Missing volume for /system/media/audio/notifications/pixiedust.ogg; assuming invalid
05-10 20:27:57.594  1538  1650 I MediaScanner: forcing rescan of /system/media/audio/notifications/Vega.ogg since build fingerprint changed
05-10 20:27:57.612  1538  1650 I MediaScanner: forcing rescan of /system/media/audio/notifications/arcturus.ogg since build fingerprint changed
05-10 20:27:57.626  1538  1650 I MediaScanner: forcing rescan of /system/media/audio/notifications/Drip.ogg since build fingerprint changed
05-10 20:27:57.642  1538  1650 I MediaScanner: forcing rescan of /system/media/audio/notifications/OnTheHunt.ogg since build fingerprint changed
05-10 20:27:57.656  1538  1650 I MediaScanner: forcing rescan of /system/media/audio/notifications/F1_MissedCall.ogg since build fingerprint changed
05-10 20:27:57.669  1538  1650 I MediaScanner: forcing rescan of /system/media/audio/notifications/Electra.ogg since build fingerprint changed
05-10 20:27:57.683  1538  1650 I MediaScanner: forcing rescan of /system/media/audio/notifications/Heaven.ogg since build fingerprint changed
05-10 20:27:57.703  1538  1650 I MediaScanner: forcing rescan of /system/media/audio/notifications/Bellatrix.ogg since build fingerprint changed
05-10 20:27:57.718  1538  1650 I MediaScanner: forcing rescan of /system/media/audio/notifications/Mira.ogg since build fingerprint changed
05-10 20:27:57.735  1538  1650 I MediaScanner: forcing rescan of /system/media/audio/notifications/Argon.ogg since build fingerprint changed
05-10 20:27:57.750  1538  1650 I MediaScanner: forcing rescan of /system/media/audio/notifications/moonbeam.ogg since build fingerprint changed
05-10 20:27:57.765  1538  1650 I MediaScanner: forcing rescan of /system/media/audio/notifications/Spica.ogg since build fingerprint changed
05-10 20:27:57.782  1538  1650 I MediaScanner: forcing rescan of /system/media/audio/notifications/Tejat.ogg since build fingerprint changed
05-10 20:27:57.799  1538  1650 I MediaScanner: forcing rescan of /system/media/audio/notifications/Canopus.ogg since build fingerprint changed
05-10 20:27:57.813  1538  1650 I MediaScanner: forcing rescan of /system/media/audio/notifications/TaDa.ogg since build fingerprint changed
05-10 20:27:57.835  1538  1650 I MediaScanner: forcing rescan of /system/media/audio/notifications/Hojus.ogg since build fingerprint changed
05-10 20:27:57.853  1538  1650 I MediaScanner: forcing rescan of /system/media/audio/notifications/pizzicato.ogg since build fingerprint changed
05-10 20:27:57.871  1538  1650 I MediaScanner: forcing rescan of /system/media/audio/notifications/CaffeineSnake.ogg since build fingerprint changed
05-10 20:27:57.888  1538  1650 I MediaScanner: forcing rescan of /system/media/audio/notifications/Gallium.ogg since build fingerprint changed
05-10 20:27:57.904  1538  1650 I MediaScanner: forcing rescan of /system/media/audio/notifications/Pollux.ogg since build fingerprint changed
05-10 20:27:57.923  1538  1650 I MediaScanner: forcing rescan of /system/media/audio/notifications/Zirconium.ogg since build fingerprint changed
05-10 20:27:57.939  1538  1650 I MediaScanner: forcing rescan of /system/media/audio/notifications/Fluorine.ogg since build fingerprint changed
05-10 20:27:57.956  1538  1650 I MediaScanner: forcing rescan of /system/media/audio/notifications/Iridium.ogg since build fingerprint changed
05-10 20:27:57.984  1538  1650 I MediaScanner: forcing rescan of /system/media/audio/notifications/Polaris.ogg since build fingerprint changed
05-10 20:27:58.002  1538  1650 I MediaScanner: forcing rescan of /system/media/audio/notifications/Helium.ogg since build fingerprint changed
05-10 20:27:58.016  1538  1650 I MediaScanner: forcing rescan of /system/media/audio/notifications/Proxima.ogg since build fingerprint changed
05-10 20:27:58.034  1538  1650 I MediaScanner: forcing rescan of /system/media/audio/notifications/Xenon.ogg since build fingerprint changed
05-10 20:27:58.053  1538  1650 I MediaScanner: forcing rescan of /system/media/audio/notifications/Tinkerbell.ogg since build fingerprint changed
05-10 20:27:58.071  1538  1650 I MediaScanner: forcing rescan of /system/media/audio/notifications/Arcturus.ogg since build fingerprint changed
05-10 20:27:58.087  1538  1650 I MediaScanner: forcing rescan of /system/media/audio/notifications/vega.ogg since build fingerprint changed
05-10 20:27:58.106  1538  1650 I MediaScanner: forcing rescan of /system/media/audio/notifications/Palladium.ogg since build fingerprint changed
05-10 20:27:58.122  1538  1650 I MediaScanner: forcing rescan of /system/media/audio/notifications/Radon.ogg since build fingerprint changed
05-10 20:27:58.145  1538  1650 I MediaScanner: forcing rescan of /system/media/audio/notifications/Syrma.ogg since build fingerprint changed
05-10 20:27:58.163  1538  1650 I MediaScanner: forcing rescan of /system/media/audio/notifications/CetiAlpha.ogg since build fingerprint changed
05-10 20:27:58.185  1538  1650 I MediaScanner: forcing rescan of /system/media/audio/notifications/F1_New_MMS.ogg since build fingerprint changed
05-10 20:27:58.205  1538  1650 I MediaScanner: forcing rescan of /system/media/audio/notifications/sirius.ogg since build fingerprint changed
05-10 20:27:58.225  1538  1650 I MediaScanner: forcing rescan of /system/media/audio/notifications/Shaula.ogg since build fingerprint changed
05-10 20:27:58.246  1538  1650 I MediaScanner: forcing rescan of /system/media/audio/notifications/Antares.ogg since build fingerprint changed
05-10 20:27:58.267  1538  1650 I MediaScanner: forcing rescan of /system/media/audio/notifications/Beat_Box_Android.ogg since build fingerprint changed
05-10 20:27:58.293  1538  1650 I MediaScanner: forcing rescan of /system/media/audio/notifications/Thallium.ogg since build fingerprint changed
05-10 20:27:58.315  1538  1650 I MediaScanner: forcing rescan of /system/media/audio/notifications/Highwire.ogg since build fingerprint changed
05-10 20:27:58.334  1538  1650 I MediaScanner: forcing rescan of /system/media/audio/notifications/Alya.ogg since build fingerprint changed
05-10 20:27:58.353  1538  1650 I MediaScanner: forcing rescan of /system/media/audio/notifications/Fomalhaut.ogg since build fingerprint changed
05-10 20:27:58.373  1538  1650 I MediaScanner: forcing rescan of /system/media/audio/notifications/Antimony.ogg since build fingerprint changed
05-10 20:27:58.394  1538  1650 I MediaScanner: forcing rescan of /system/media/audio/notifications/Castor.ogg since build fingerprint changed
05-10 20:27:58.413  1538  1650 I MediaScanner: forcing rescan of /system/media/audio/notifications/DearDeer.ogg since build fingerprint changed
05-10 20:27:58.431  1538  1650 I MediaScanner: forcing rescan of /system/media/audio/notifications/Merope.ogg since build fingerprint changed
05-10 20:27:58.448  1538  1650 I MediaScanner: forcing rescan of /system/media/audio/notifications/Plastic_Pipe.ogg since build fingerprint changed
05-10 20:27:58.462  1538  1650 I MediaScanner: forcing rescan of /system/media/audio/notifications/F1_New_SMS.ogg since build fingerprint changed
05-10 20:27:58.479  1538  1650 I MediaScanner: forcing rescan of /system/media/audio/notifications/Deneb.ogg since build fingerprint changed
05-10 20:27:58.497  1538  1650 I MediaScanner: forcing rescan of /system/media/audio/notifications/SpaceSeed.ogg since build fingerprint changed
05-10 20:27:58.499   229   292 W APM_AudioPolicyManager: getOutput() could not find output for stream 1, samplingRate 0,format 0, channels 3, flags 0
05-10 20:27:58.499   229   229 W APM_AudioPolicyManager: getOutput() could not find output for stream 1, samplingRate 0,format 0, channels 3, flags 0
05-10 20:27:58.501   229   292 W APM_AudioPolicyManager: getOutput() could not find output for stream 1, samplingRate 48000,format 1, channels 3, flags 4
05-10 20:27:58.522  1538  1650 I MediaScanner: forcing rescan of /system/media/audio/notifications/Talitha.ogg since build fingerprint changed
05-10 20:27:58.542  1538  1650 I MediaScanner: forcing rescan of /system/media/audio/notifications/Beryllium.ogg since build fingerprint changed
05-10 20:27:58.564  1538  1650 I MediaScanner: forcing rescan of /system/media/audio/notifications/Lalande.ogg since build fingerprint changed
05-10 20:27:58.570   498   536 W ActivityManager: Finishing task with all activities already finished
05-10 20:27:58.570   498   536 W ActivityManager: Duplicate finish request for ActivityRecord{17fbadf u0 com.android.settings/.deviceinfo.UsbModeChooserActivity t7 f}
05-10 20:27:58.599  1538  1650 I MediaScanner: forcing rescan of /system/media/audio/notifications/Krypton.ogg since build fingerprint changed
05-10 20:27:58.655  1538  1650 I MediaScanner: forcing rescan of /system/media/audio/notifications/regulus.ogg since build fingerprint changed
05-10 20:27:58.690  1538  1650 I MediaScanner: forcing rescan of /system/media/audio/notifications/Procyon.ogg since build fingerprint changed
05-10 20:27:58.695   229   229 W APM_AudioPolicyManager: getOutput() could not find output for stream 1, samplingRate 0,format 0, channels 3, flags 0
05-10 20:27:58.695   229   294 W APM_AudioPolicyManager: getOutput() could not find output for stream 1, samplingRate 0,format 0, channels 3, flags 0
05-10 20:27:58.696   229   229 W APM_AudioPolicyManager: getOutput() could not find output for stream 1, samplingRate 48000,format 1, channels 1, flags 4
05-10 20:27:58.696  1060  1072 I zygote  : NativeAlloc concurrent copying GC freed 46224(2MB) AllocSpace objects, 2(104KB) LOS objects, 52% free, 5MB/11MB, paused 85us total 121.215ms
05-10 20:27:58.701   498  1554 I ActivityManager: START u0 {flg=0x10800000 cmp=com.android.inputmethod.latin/.permissions.PermissionsActivity (has extras)} from uid 10046
05-10 20:27:58.728  1538  1650 I MediaScanner: forcing rescan of /system/media/audio/notifications/Adara.ogg since build fingerprint changed
05-10 20:27:58.751   498  1558 I ActivityManager: START u0 {act=android.content.pm.action.REQUEST_PERMISSIONS pkg=com.android.packageinstaller cmp=com.android.packageinstaller/.permission.ui.GrantPermissionsActivity (has extras)} from uid 10046
05-10 20:27:58.758  1538  1650 I MediaScanner: forcing rescan of /system/media/audio/notifications/Selenium.ogg since build fingerprint changed
05-10 20:27:58.779  1886  2117 D vndksupport: Loading /vendor/lib/egl/libEGL_tegra.so from current namespace instead of sphal namespace.
05-10 20:27:58.790  1538  1650 I MediaScanner: forcing rescan of /system/media/audio/notifications/Voila.ogg since build fingerprint changed
05-10 20:27:58.814  1040  1040 I RenderThread: type=1400 audit(0.0:190): avc: denied { read write } for name="tegra-throughput" dev="tmpfs" ino=5296 scontext=u:r:untrusted_app_25:s0:c512,c768 tcontext=u:object_r:video_device:s0 tclass=chr_file permissive=1
05-10 20:27:58.814  1040  1040 I RenderThread: type=1400 audit(0.0:191): avc: denied { open } for path="/dev/tegra-throughput" dev="tmpfs" ino=5296 scontext=u:r:untrusted_app_25:s0:c512,c768 tcontext=u:object_r:video_device:s0 tclass=chr_file permissive=1
05-10 20:27:58.815  1040  1040 I RenderThread: type=1400 audit(0.0:192): avc: denied { ioctl } for path="/dev/tegra-throughput" dev="tmpfs" ino=5296 ioctlcmd=6701 scontext=u:r:untrusted_app_25:s0:c512,c768 tcontext=u:object_r:video_device:s0 tclass=chr_file permissive=1
05-10 20:27:58.825  1886  2117 D libEGL  : loaded /vendor/lib/egl/libEGL_tegra.so
05-10 20:27:58.828  1538  1650 W MediaScanner: Error opening directory '/oem/media/', skipping: No such file or directory.
05-10 20:27:58.829  1886  2117 D vndksupport: Loading /vendor/lib/egl/libGLESv1_CM_tegra.so from current namespace instead of sphal namespace.
05-10 20:27:58.842  1538  1650 W MediaProvider: Missing volume for /system/media/audio/notifications/Vega.ogg; assuming invalid
05-10 20:27:58.857  1538  1650 W MediaProvider: Missing volume for /system/media/audio/notifications/arcturus.ogg; assuming invalid
05-10 20:27:58.871  1538  1650 W MediaProvider: Missing volume for /system/media/audio/notifications/Drip.ogg; assuming invalid
05-10 20:27:58.875   229   294 W APM_AudioPolicyManager: getOutput() could not find output for stream 1, samplingRate 0,format 0, channels 3, flags 0
05-10 20:27:58.875   229   292 W APM_AudioPolicyManager: getOutput() could not find output for stream 1, samplingRate 0,format 0, channels 3, flags 0
05-10 20:27:58.876   229   294 W APM_AudioPolicyManager: getOutput() could not find output for stream 1, samplingRate 48000,format 1, channels 1, flags 4
05-10 20:27:58.877   498  1207 I ActivityManager: START u0 {flg=0x10800000 cmp=com.android.inputmethod.latin/.permissions.PermissionsActivity (has extras)} from uid 10046
05-10 20:27:58.879  1538  1650 W MediaProvider: Missing volume for /system/media/audio/notifications/OnTheHunt.ogg; assuming invalid
05-10 20:27:58.889  1538  1650 W MediaProvider: Missing volume for /system/media/audio/notifications/F1_MissedCall.ogg; assuming invalid
05-10 20:27:58.893  1538  1650 W MediaProvider: Missing volume for /system/media/audio/notifications/Electra.ogg; assuming invalid
05-10 20:27:58.902  1538  1650 W MediaProvider: Missing volume for /system/media/audio/notifications/Heaven.ogg; assuming invalid
05-10 20:27:58.907  1538  1650 W MediaProvider: Missing volume for /system/media/audio/notifications/Bellatrix.ogg; assuming invalid
05-10 20:27:58.911  1538  1650 W MediaProvider: Missing volume for /system/media/audio/notifications/Mira.ogg; assuming invalid
05-10 20:27:58.917  1538  1650 W MediaProvider: Missing volume for /system/media/audio/notifications/Argon.ogg; assuming invalid
05-10 20:27:58.922  1538  1650 W MediaProvider: Missing volume for /system/media/audio/notifications/moonbeam.ogg; assuming invalid
05-10 20:27:58.927  1538  1650 W MediaProvider: Missing volume for /system/media/audio/notifications/Spica.ogg; assuming invalid
05-10 20:27:58.933  1538  1650 W MediaProvider: Missing volume for /system/media/audio/notifications/Tejat.ogg; assuming invalid
05-10 20:27:58.939  1538  1650 W MediaProvider: Missing volume for /system/media/audio/notifications/Canopus.ogg; assuming invalid
05-10 20:27:58.943  1538  1650 W MediaProvider: Missing volume for /system/media/audio/notifications/TaDa.ogg; assuming invalid
05-10 20:27:58.947  1538  1650 W MediaProvider: Missing volume for /system/media/audio/notifications/Hojus.ogg; assuming invalid
05-10 20:27:58.948  1886  2117 D libEGL  : loaded /vendor/lib/egl/libGLESv1_CM_tegra.so
05-10 20:27:58.953  1538  1650 W MediaProvider: Missing volume for /system/media/audio/notifications/pizzicato.ogg; assuming invalid
05-10 20:27:58.955  1538  1650 W MediaProvider: Missing volume for /system/media/audio/notifications/CaffeineSnake.ogg; assuming invalid
05-10 20:27:58.958  1538  1650 W MediaProvider: Missing volume for /system/media/audio/notifications/Gallium.ogg; assuming invalid
05-10 20:27:58.962  1886  2119 D OpenGLRenderer: HWUI GL Pipeline
05-10 20:27:58.963  1538  1650 W MediaProvider: Missing volume for /system/media/audio/notifications/Pollux.ogg; assuming invalid
05-10 20:27:58.967  1538  1650 W MediaProvider: Missing volume for /system/media/audio/notifications/Zirconium.ogg; assuming invalid
05-10 20:27:58.971  1538  1650 W MediaProvider: Missing volume for /system/media/audio/notifications/Fluorine.ogg; assuming invalid
05-10 20:27:58.974  1538  1650 W MediaProvider: Missing volume for /system/media/audio/notifications/Iridium.ogg; assuming invalid
05-10 20:27:58.977  1538  1650 W MediaProvider: Missing volume for /system/media/audio/notifications/Polaris.ogg; assuming invalid
05-10 20:27:58.980  1538  1650 W MediaProvider: Missing volume for /system/media/audio/notifications/Helium.ogg; assuming invalid
05-10 20:27:58.983   237   237 E MetadataRetrieverClient: failed to extract an album art
05-10 20:27:58.985  1538  1650 W MediaProvider: Missing volume for /system/media/audio/notifications/Proxima.ogg; assuming invalid
05-10 20:27:58.989  1538  1650 W MediaProvider: Missing volume for /system/media/audio/notifications/Xenon.ogg; assuming invalid
05-10 20:27:58.992  1538  1650 W MediaProvider: Missing volume for /system/media/audio/notifications/Tinkerbell.ogg; assuming invalid
05-10 20:27:58.995  1538  1650 W MediaProvider: Missing volume for /system/media/audio/notifications/Arcturus.ogg; assuming invalid
05-10 20:27:58.998  1886  2117 D vndksupport: Loading /vendor/lib/egl/libGLESv2_tegra.so from current namespace instead of sphal namespace.
05-10 20:27:59.002  1538  1650 E SQLiteDatabase: Error inserting title_key=)K-OQKQM parent=60 is_music=false title=Arcturus _size=7933 duration=1000 bucket_id=-1608219629 is_alarm=false album_artist=null media_type=2 storage_id=0 is_notification=true track=0 bucket_display_name=notifications _data=/system/media/audio/notifications/Arcturus.ogg is_drm=false _display_name=Arcturus.ogg composer=null format=47362 is_ringtone=false artist_id=8 is_podcast=false date_added=1589142478 date_modified=1230764400 mime_type=application/ogg album_id=5
05-10 20:27:59.002  1538  1650 E SQLiteDatabase: android.database.sqlite.SQLiteConstraintException: UNIQUE constraint failed: files._data (code 2067)
05-10 20:27:59.002  1538  1650 E SQLiteDatabase: 	at android.database.sqlite.SQLiteConnection.nativeExecuteForLastInsertedRowId(Native Method)
05-10 20:27:59.002  1538  1650 E SQLiteDatabase: 	at android.database.sqlite.SQLiteConnection.executeForLastInsertedRowId(SQLiteConnection.java:783)
05-10 20:27:59.002  1538  1650 E SQLiteDatabase: 	at android.database.sqlite.SQLiteSession.executeForLastInsertedRowId(SQLiteSession.java:788)
05-10 20:27:59.002  1538  1650 E SQLiteDatabase: 	at android.database.sqlite.SQLiteStatement.executeInsert(SQLiteStatement.java:86)
05-10 20:27:59.002  1538  1650 E SQLiteDatabase: 	at android.database.sqlite.SQLiteDatabase.insertWithOnConflict(SQLiteDatabase.java:1548)
05-10 20:27:59.002  1538  1650 E SQLiteDatabase: 	at android.database.sqlite.SQLiteDatabase.insert(SQLiteDatabase.java:1417)
05-10 20:27:59.002  1538  1650 E SQLiteDatabase: 	at com.android.providers.media.MediaProvider.insertFile(MediaProvider.java:2265)
05-10 20:27:59.002  1538  1650 E SQLiteDatabase: 	at com.android.providers.media.MediaProvider.insertInternal(MediaProvider.java:2498)
05-10 20:27:59.002  1538  1650 E SQLiteDatabase: 	at com.android.providers.media.MediaProvider.bulkInsert(MediaProvider.java:1871)
05-10 20:27:59.002  1538  1650 E SQLiteDatabase: 	at android.content.ContentProvider$Transport.bulkInsert(ContentProvider.java:281)
05-10 20:27:59.002  1538  1650 E SQLiteDatabase: 	at android.content.ContentProviderClient.bulkInsert(ContentProviderClient.java:290)
05-10 20:27:59.002  1538  1650 E SQLiteDatabase: 	at android.media.MediaInserter.flush(MediaInserter.java:91)
05-10 20:27:59.002  1538  1650 E SQLiteDatabase: 	at android.media.MediaInserter.flushAll(MediaInserter.java:74)
05-10 20:27:59.002  1538  1650 E SQLiteDatabase: 	at android.media.MediaScanner.scanDirectories(MediaScanner.java:1356)
05-10 20:27:59.002  1538  1650 E SQLiteDatabase: 	at com.android.providers.media.MediaScannerService.scan(MediaScannerService.java:82)
05-10 20:27:59.002  1538  1650 E SQLiteDatabase: 	at com.android.providers.media.MediaScannerService.-wrap1(Unknown Source:0)
05-10 20:27:59.002  1538  1650 E SQLiteDatabase: 	at com.android.providers.media.MediaScannerService$ServiceHandler.handleMessage(MediaScannerService.java:252)
05-10 20:27:59.002  1538  1650 E SQLiteDatabase: 	at android.os.Handler.dispatchMessage(Handler.java:106)
05-10 20:27:59.002  1538  1650 E SQLiteDatabase: 	at android.os.Looper.loop(Looper.java:164)
05-10 20:27:59.002  1538  1650 E SQLiteDatabase: 	at com.android.providers.media.MediaScannerService.run(MediaScannerService.java:161)
05-10 20:27:59.002  1538  1650 E SQLiteDatabase: 	at java.lang.Thread.run(Thread.java:764)
05-10 20:27:59.003  1886  2117 D libEGL  : loaded /vendor/lib/egl/libGLESv2_tegra.so
05-10 20:27:59.004  1538  1650 W MediaProvider: Missing volume for /system/media/audio/notifications/vega.ogg; assuming invalid
05-10 20:27:59.006  1538  1650 E SQLiteDatabase: Error inserting title_key=S15) parent=60 is_music=false title=Vega _size=29476 duration=4383 bucket_id=-1608219629 is_alarm=false album_artist=null media_type=2 storage_id=0 is_notification=true track=0 bucket_display_name=notifications _data=/system/media/audio/notifications/vega.ogg is_drm=false _display_name=vega.ogg composer=null format=47362 is_ringtone=false artist_id=6 is_podcast=false date_added=1589142479 date_modified=1230764400 mime_type=application/ogg album_id=6
05-10 20:27:59.006  1538  1650 E SQLiteDatabase: android.database.sqlite.SQLiteConstraintException: UNIQUE constraint failed: files._data (code 2067)
05-10 20:27:59.006  1538  1650 E SQLiteDatabase: 	at android.database.sqlite.SQLiteConnection.nativeExecuteForLastInsertedRowId(Native Method)
05-10 20:27:59.006  1538  1650 E SQLiteDatabase: 	at android.database.sqlite.SQLiteConnection.executeForLastInsertedRowId(SQLiteConnection.java:783)
05-10 20:27:59.006  1538  1650 E SQLiteDatabase: 	at android.database.sqlite.SQLiteSession.executeForLastInsertedRowId(SQLiteSession.java:788)
05-10 20:27:59.006  1538  1650 E SQLiteDatabase: 	at android.database.sqlite.SQLiteStatement.executeInsert(SQLiteStatement.java:86)
05-10 20:27:59.006  1538  1650 E SQLiteDatabase: 	at android.database.sqlite.SQLiteDatabase.insertWithOnConflict(SQLiteDatabase.java:1548)
05-10 20:27:59.006  1538  1650 E SQLiteDatabase: 	at android.database.sqlite.SQLiteDatabase.insert(SQLiteDatabase.java:1417)
05-10 20:27:59.006  1538  1650 E SQLiteDatabase: 	at com.android.providers.media.MediaProvider.insertFile(MediaProvider.java:2265)
05-10 20:27:59.006  1538  1650 E SQLiteDatabase: 	at com.android.providers.media.MediaProvider.insertInternal(MediaProvider.java:2498)
05-10 20:27:59.006  1538  1650 E SQLiteDatabase: 	at com.android.providers.media.MediaProvider.bulkInsert(MediaProvider.java:1871)
05-10 20:27:59.006  1538  1650 E SQLiteDatabase: 	at android.content.ContentProvider$Transport.bulkInsert(ContentProvider.java:281)
05-10 20:27:59.006  1538  1650 E SQLiteDatabase: 	at android.content.ContentProviderClient.bulkInsert(ContentProviderClient.java:290)
05-10 20:27:59.006  1538  1650 E SQLiteDatabase: 	at android.media.MediaInserter.flush(MediaInserter.java:91)
05-10 20:27:59.006  1538  1650 E SQLiteDatabase: 	at android.media.MediaInserter.flushAll(MediaInserter.java:74)
05-10 20:27:59.006  1538  1650 E SQLiteDatabase: 	at android.media.MediaScanner.scanDirectories(MediaScanner.java:1356)
05-10 20:27:59.006  1538  1650 E SQLiteDatabase: 	at com.android.providers.media.MediaScannerService.scan(MediaScannerService.java:82)
05-10 20:27:59.006  1538  1650 E SQLiteDatabase: 	at com.android.providers.media.MediaScannerService.-wrap1(Unknown Source:0)
05-10 20:27:59.006  1538  1650 E SQLiteDatabase: 	at com.android.providers.media.MediaScannerService$ServiceHandler.handleMessage(MediaScannerService.java:252)
05-10 20:27:59.006  1538  1650 E SQLiteDatabase: 	at android.os.Handler.dispatchMessage(Handler.java:106)
05-10 20:27:59.006  1538  1650 E SQLiteDatabase: 	at android.os.Looper.loop(Looper.java:164)
05-10 20:27:59.006  1538  1650 E SQLiteDatabase: 	at com.android.providers.media.MediaScannerService.run(MediaScannerService.java:161)
05-10 20:27:59.006  1538  1650 E SQLiteDatabase: 	at java.lang.Thread.run(Thread.java:764)
05-10 20:27:59.009  1538  1650 W MediaProvider: Missing volume for /system/media/audio/notifications/Palladium.ogg; assuming invalid
05-10 20:27:59.016  1538  1650 W MediaProvider: Missing volume for /system/media/audio/notifications/Radon.ogg; assuming invalid
05-10 20:27:59.019  1538  1650 W MediaProvider: Missing volume for /system/media/audio/notifications/Syrma.ogg; assuming invalid
05-10 20:27:59.022  1538  1650 W MediaProvider: Missing volume for /system/media/audio/notifications/CetiAlpha.ogg; assuming invalid
05-10 20:27:59.024  1538  1650 W MediaProvider: Missing volume for /system/media/audio/notifications/F1_New_MMS.ogg; assuming invalid
05-10 20:27:59.026  1538  1650 W MediaProvider: Missing volume for /system/media/audio/notifications/sirius.ogg; assuming invalid
05-10 20:27:59.028  1538  1650 W MediaProvider: Missing volume for /system/media/audio/notifications/Shaula.ogg; assuming invalid
05-10 20:27:59.030  1538  1650 W MediaProvider: Missing volume for /system/media/audio/notifications/Antares.ogg; assuming invalid
05-10 20:27:59.032  1538  1650 W MediaProvider: Missing volume for /system/media/audio/notifications/Beat_Box_Android.ogg; assuming invalid
05-10 20:27:59.035  1538  1650 W MediaProvider: Missing volume for /system/media/audio/notifications/Thallium.ogg; assuming invalid
05-10 20:27:59.037  1538  1650 W MediaProvider: Missing volume for /system/media/audio/notifications/Highwire.ogg; assuming invalid
05-10 20:27:59.039  1538  1650 W MediaProvider: Missing volume for /system/media/audio/notifications/Alya.ogg; assuming invalid
05-10 20:27:59.041  1538  1650 W MediaProvider: Missing volume for /system/media/audio/notifications/Fomalhaut.ogg; assuming invalid
05-10 20:27:59.044  1538  1650 W MediaProvider: Missing volume for /system/media/audio/notifications/Antimony.ogg; assuming invalid
05-10 20:27:59.046  1538  1650 W MediaProvider: Missing volume for /system/media/audio/notifications/Castor.ogg; assuming invalid
05-10 20:27:59.048  1538  1650 W MediaProvider: Missing volume for /system/media/audio/notifications/DearDeer.ogg; assuming invalid
05-10 20:27:59.050  1538  1650 W MediaProvider: Missing volume for /system/media/audio/notifications/Merope.ogg; assuming invalid
05-10 20:27:59.053  1886  1886 I RenderThread: type=1400 audit(0.0:193): avc: denied { search } for name="soc0" dev="sysfs" ino=244 scontext=u:r:platform_app:s0:c512,c768 tcontext=u:object_r:sysfs_soc:s0 tclass=dir permissive=1
05-10 20:27:59.053  1886  1886 I RenderThread: type=1400 audit(0.0:194): avc: denied { read } for name="family" dev="sysfs" ino=247 scontext=u:r:platform_app:s0:c512,c768 tcontext=u:object_r:sysfs_soc:s0 tclass=file permissive=1
05-10 20:27:59.053  1886  1886 I RenderThread: type=1400 audit(0.0:195): avc: denied { open } for path="/sys/devices/soc0/family" dev="sysfs" ino=247 scontext=u:r:platform_app:s0:c512,c768 tcontext=u:object_r:sysfs_soc:s0 tclass=file permissive=1
05-10 20:27:59.053  1538  1650 W MediaProvider: Missing volume for /system/media/audio/notifications/Plastic_Pipe.ogg; assuming invalid
05-10 20:27:59.054  1886  1886 I RenderThread: type=1400 audit(0.0:196): avc: denied { getattr } for path="/sys/devices/soc0/family" dev="sysfs" ino=247 scontext=u:r:platform_app:s0:c512,c768 tcontext=u:object_r:sysfs_soc:s0 tclass=file permissive=1
05-10 20:27:59.055  1538  1650 W MediaProvider: Missing volume for /system/media/audio/notifications/F1_New_SMS.ogg; assuming invalid
05-10 20:27:59.057  1538  1650 W MediaProvider: Missing volume for /system/media/audio/notifications/Deneb.ogg; assuming invalid
05-10 20:27:59.059  1538  1650 W MediaProvider: Missing volume for /system/media/audio/notifications/SpaceSeed.ogg; assuming invalid
05-10 20:27:59.063  1538  1650 W MediaProvider: Missing volume for /system/media/audio/notifications/Talitha.ogg; assuming invalid
05-10 20:27:59.065  1538  1650 W MediaProvider: Missing volume for /system/media/audio/notifications/Beryllium.ogg; assuming invalid
05-10 20:27:59.068  1886  2119 D vndksupport: Loading /vendor/lib/hw/gralloc.tegra.so from current namespace instead of sphal namespace.
05-10 20:27:59.068  1538  1650 W MediaProvider: Missing volume for /system/media/audio/notifications/Lalande.ogg; assuming invalid
05-10 20:27:59.071  1538  1650 W MediaProvider: Missing volume for /system/media/audio/notifications/Krypton.ogg; assuming invalid
05-10 20:27:59.071  1886  2119 D NvOsDebugPrintf: NvRmPrivGetChipPlatform: Could not read platform information 
05-10 20:27:59.072  1886  2119 D NvOsDebugPrintf: Expected on kernels without fuse support, using silicon
05-10 20:27:59.073  1538  1650 W MediaProvider: Missing volume for /system/media/audio/notifications/regulus.ogg; assuming invalid
05-10 20:27:59.076  1886  2119 I com.android.packageinstaller: android::hardware::configstore::V1_0::ISurfaceFlingerConfigs::hasWideColorDisplay retrieved: 0
05-10 20:27:59.076  1886  2119 I OpenGLRenderer: Initialized EGL, version 1.4
05-10 20:27:59.076  1886  2119 D OpenGLRenderer: Swap behavior 2
05-10 20:27:59.076  1538  1650 W MediaProvider: Missing volume for /system/media/audio/notifications/Procyon.ogg; assuming invalid
05-10 20:27:59.078  1538  1650 W MediaProvider: Missing volume for /system/media/audio/notifications/Adara.ogg; assuming invalid
05-10 20:27:59.081  1538  1650 W MediaProvider: Missing volume for /system/media/audio/notifications/Selenium.ogg; assuming invalid
05-10 20:27:59.083  1538  1650 W MediaProvider: Missing volume for /system/media/audio/notifications/Voila.ogg; assuming invalid
05-10 20:27:59.100  1538  1650 V MediaProvider: pruneThumbnails 
05-10 20:27:59.102  1538  1650 V MediaProvider: /pruneDeadThumbnailFiles... 
05-10 20:27:59.209  1886  2119 D vndksupport: Loading /vendor/lib/hw/android.hardware.graphics.mapper@2.0-impl.so from current namespace instead of sphal namespace.
05-10 20:27:59.211  1886  2119 D vndksupport: Loading /vendor/lib/hw/gralloc.tegra.so from current namespace instead of sphal namespace.
05-10 20:27:59.217  1886  2119 D vndksupport: Loading /vendor/lib/hw/gralloc.tegra.so from current namespace instead of sphal namespace.
05-10 20:27:59.218  1886  1886 I RenderThread: type=1400 audit(0.0:197): avc: denied { read write } for name="tegra-throughput" dev="tmpfs" ino=5296 scontext=u:r:platform_app:s0:c512,c768 tcontext=u:object_r:video_device:s0 tclass=chr_file permissive=1
05-10 20:27:59.218  1886  1886 I RenderThread: type=1400 audit(0.0:198): avc: denied { open } for path="/dev/tegra-throughput" dev="tmpfs" ino=5296 scontext=u:r:platform_app:s0:c512,c768 tcontext=u:object_r:video_device:s0 tclass=chr_file permissive=1
05-10 20:27:59.218  1886  1886 I RenderThread: type=1400 audit(0.0:199): avc: denied { ioctl } for path="/dev/tegra-throughput" dev="tmpfs" ino=5296 ioctlcmd=6701 scontext=u:r:platform_app:s0:c512,c768 tcontext=u:object_r:video_device:s0 tclass=chr_file permissive=1
05-10 20:27:59.218  1886  1886 I RenderThread: type=1400 audit(0.0:200): avc: denied { write } for name="phsd" dev="tmpfs" ino=12414 scontext=u:r:platform_app:s0:c512,c768 tcontext=u:object_r:phsd_socket:s0 tclass=sock_file permissive=1
05-10 20:27:59.220  1886  2119 D         : cannot connect to power hinting service
05-10 20:27:59.220  1886  2119 D         : cannot connect to power hinting service
05-10 20:28:00.255   229   292 W APM_AudioPolicyManager: getOutput() could not find output for stream 1, samplingRate 0,format 0, channels 3, flags 0
05-10 20:28:00.256   229   229 W APM_AudioPolicyManager: getOutput() could not find output for stream 1, samplingRate 0,format 0, channels 3, flags 0
05-10 20:28:00.257   229   292 W APM_AudioPolicyManager: getOutput() could not find output for stream 1, samplingRate 48000,format 1, channels 3, flags 4
05-10 20:28:01.957   498   541 D AutofillManagerService: onBackKeyPressed()
05-10 20:28:01.972   498   580 I ActivityManager: Killing 1619:com.android.keychain/1000 (adj 906): empty #17
05-10 20:28:01.972   498   580 I ActivityManager: Killing 1409:android.ext.services/u0a7 (adj 906): empty #18
05-10 20:28:01.984   498  1206 W ActivityManager: Unable to start service Intent { act=com.android.launcher3.WINDOW_OVERLAY dat=app://com.google.android.apps.nexuslauncher:1000?v=7&cv=9 pkg=com.google.android.googlequicksearchbox } U=0: not found
05-10 20:28:02.035   498  1161 I ActivityManager: Killing 1571:com.android.provision/u0a17 (adj 906): empty #17
05-10 20:28:02.057  1588  1588 I RenderThread: type=1400 audit(0.0:201): avc: denied { read write } for name="tegra-throughput" dev="tmpfs" ino=5296 scontext=u:r:system_app:s0 tcontext=u:object_r:video_device:s0 tclass=chr_file permissive=1
05-10 20:28:02.057  1588  1588 I RenderThread: type=1400 audit(0.0:202): avc: denied { open } for path="/dev/tegra-throughput" dev="tmpfs" ino=5296 scontext=u:r:system_app:s0 tcontext=u:object_r:video_device:s0 tclass=chr_file permissive=1
05-10 20:28:02.057  1588  1588 I RenderThread: type=1400 audit(0.0:203): avc: denied { ioctl } for path="/dev/tegra-throughput" dev="tmpfs" ino=5296 ioctlcmd=6701 scontext=u:r:system_app:s0 tcontext=u:object_r:video_device:s0 tclass=chr_file permissive=1
05-10 20:28:02.059  1588  1669 D         : cannot connect to power hinting service
05-10 20:28:02.113  2135  2135 I tlk_daemon: type=1400 audit(0.0:204): avc: denied { read } for name="__properties__" dev="tmpfs" ino=4720 scontext=u:r:tee:s0 tcontext=u:object_r:properties_device:s0 tclass=dir permissive=1
05-10 20:28:02.113  2135  2135 I tlk_daemon: type=1400 audit(0.0:205): avc: denied { open } for path="/dev/__properties__" dev="tmpfs" ino=4720 scontext=u:r:tee:s0 tcontext=u:object_r:properties_device:s0 tclass=dir permissive=1
05-10 20:28:02.115  2136  2136 I tlk_daemon: type=1400 audit(0.0:206): avc: denied { read } for name="tasks" dev="cgroup" ino=10585 scontext=u:r:tee:s0 tcontext=u:object_r:cgroup:s0 tclass=file permissive=1
05-10 20:28:02.134   498   541 D AutofillManagerService: onBackKeyPressed()
05-10 20:28:02.140   498  1023 E TaskPersister: File error accessing recents directory (directory doesn't exist?).
05-10 20:28:02.283   498   540 I ActivityManager: Killing 1774:com.android.camera2/u0a38 (adj 906): empty #17
05-10 20:28:02.284   498   540 I ActivityManager: Killing 1696:android.process.acore/u0a6 (adj 906): empty #18
05-10 20:28:02.562  1588  1669 W OpenGLRenderer: Incorrectly called buildLayer on View: ShortcutAndWidgetContainer, destroying layer...
05-10 20:28:03.685  1060  1252 I vol.Events: writeEvent level_changed STREAM_MUSIC 3
05-10 20:28:05.252   498  1206 I ActivityManager: Start proc 2139:com.android.keychain/1000 for service com.android.keychain/.KeyChainService
05-10 20:28:05.416   498  1023 E TaskPersister: File error accessing recents directory (directory doesn't exist?).
05-10 20:28:05.466   498  1206 I ActivityManager: Killing 1795:com.android.cellbroadcastreceiver/u0a13 (adj 906): empty #17
05-10 20:28:05.468   498   542 I chatty  : uid=1000(system) ActivityManager expire 6 lines
05-10 20:28:07.318   498  1537 I ActivityManager: Killing 2012:com.android.webview:sandboxed_process0/u0a40i0 (adj 0): isolated not needed
05-10 20:28:07.341   498   543 E KernelUidCpuFreqTimeReader: Failed to read /proc/uid_time_in_state: java.io.FileNotFoundException: /proc/uid_time_in_state (No such file or directory)
05-10 20:28:07.345   498   543 D KernelUidCpuTimeReader: Removing uids 99000-99000
05-10 20:28:11.995  1735  1780 D InitAlarmsService: Clearing and rescheduling alarms.
05-10 20:28:33.328   498  2168 I chatty  : uid=1000 system_server expire 1 line
05-10 20:29:00.032  1588  1669 D         : cannot connect to power hinting service
05-10 20:29:02.066   498   550 I PowerManagerService: Going to sleep due to screen timeout (uid 1000)...
05-10 20:29:02.109   498   550 I chatty  : uid=1000(system) PowerManagerSer expire 5 lines
05-10 20:29:02.508   498   550 I DisplayPowerController: Blocking screen off
05-10 20:29:02.509   498   550 I DisplayPowerController: Unblocked screen off after 0 ms
05-10 20:29:02.518   498   550 E KernelUidCpuFreqTimeReader: Failed to read /proc/uid_time_in_state: java.io.FileNotFoundException: /proc/uid_time_in_state (No such file or directory)
05-10 20:29:02.534   498   548 I DisplayManagerService: Display device changed state: "Built-in Screen", OFF
05-10 20:29:02.535   213   213 D SurfaceFlinger: Set power mode=0, type=0 flinger=0xa814e000
05-10 20:29:02.535   213   213 D hwcomposer: hwc_blank: display 0: blank
05-10 20:29:02.535   213   213 D hwcomposer: hwc_blank_display: display 0: [0 -> 1]
05-10 20:29:02.535   213   213 D hwcomposer: dc_blank: display 0, [0 -> 1]
05-10 20:29:02.919   498  1020 I chatty  : uid=1000(system) PhotonicModulat expire 2 lines
05-10 20:29:02.920   204   204 I android.hardware.power@1.0-service.mocha: power_set_interactive
05-10 20:29:02.921   498   550 I DreamManagerService: Entering dreamland.
05-10 20:29:02.921   498   550 I PowerManagerService: Dozing...
05-10 20:29:02.922   498   546 I DreamController: Starting dream: name=ComponentInfo{com.android.systemui/com.android.systemui.doze.DozeService}, isTest=false, canDoze=true, userId=0
05-10 20:29:02.924   498   546 D AutofillManagerService: Close system dialogs
05-10 20:29:02.954  1060  1060 D StatusBar: disable<e i a s b h r c s q >
05-10 20:29:02.957  1060  1060 D AmbientIndicationContainer: Updated colors
05-10 20:29:02.976  1060  1060 D StatusBar: disable<e i a s b h r c s q >
05-10 20:29:02.979  1060  1060 D StatusBar: disable<e i a s b h r c s q >
05-10 20:29:03.017  1060  1060 I zygote  : Deoptimizing void com.android.settingslib.graph.BatteryMeterDrawableBase.updateSize() due to JIT inline cache
05-10 20:29:03.040  1060  1060 D StatusBar: disable<e i a s b h r c s q >
05-10 20:29:03.041  1060  1060 D StatusBar: disable<e i a s b h r c s q >
05-10 20:29:03.041  1060  1060 D AmbientIndicationContainer: Updated colors
05-10 20:29:03.047  1060  1060 D StatusBar: disable<e i a s b h r c s q >
05-10 20:29:03.047  1060  1060 D StatusBar: disable<e i a s b h r c s q >
05-10 20:29:03.136  1492  1492 D CarbonDelta: screen state --> 0
05-10 20:29:07.074   498  1207 D CryptdConnector: SND -> {4 cryptfs getpw}
05-10 20:29:07.074   184   188 D VoldCryptCmdListener: cryptfs getpw
05-10 20:29:07.074   498   602 D CryptdConnector: RCV <- {200 4 -1}
05-10 20:29:07.075   498  1207 D CryptdConnector: SND -> {5 cryptfs clearpw}
05-10 20:29:07.075   184   188 D VoldCryptCmdListener: cryptfs clearpw
05-10 20:29:07.075   498   602 D CryptdConnector: RCV <- {200 5 0}
05-10 20:29:07.086  1060  1060 D StatusBar: disable<e i a s b h r c s q >
05-10 20:29:07.095  1060  1060 I chatty  : uid=10008(com.android.systemui) identical 2 lines
05-10 20:29:07.095  1060  1060 D StatusBar: disable<e i a s b h r c s q >
05-10 20:29:07.116  1060  1060 D StatusBar: disable<e i a s b H!R!c s q >
05-10 20:31:46.303  1427  1959 E adbd    : remote usb: read terminated (message): Cannot send after transport endpoint shutdown
05-10 20:31:46.304  1427  1958 I adbd    : closing functionfs transport
05-10 20:31:46.304  1427  1428 I adbd    : initializing functionfs
05-10 20:31:46.637  1060  1065 I zygote  : Do full code cache collection, code=254KB, data=185KB
05-10 20:31:46.638  1060  1065 I zygote  : After code cache collection, code=232KB, data=150KB
05-10 20:31:46.714   498   598 I PowerManagerService: Waking up from dozing (uid=1000 reason=android.policy:POWER)...
05-10 20:31:46.718   204   204 I android.hardware.power@1.0-service.mocha: power_set_interactive
05-10 20:31:46.720  1060  1060 D AmbientIndicationContainer: Updated colors
05-10 20:31:46.725   498   550 I DisplayPowerController: Blocking screen on until initial contents have been drawn.
05-10 20:31:46.730  1060  1060 D AmbientIndicationContainer: Updated colors
05-10 20:31:46.737  1060  1060 D StatusBar: disable<e i a s b H R c s q >
05-10 20:31:46.737  1060  1060 D StatusBar: disable<e i a s b H R c s q >
05-10 20:31:46.777  1492  1492 D CarbonDelta: screen state --> 1
05-10 20:31:46.837   498   550 I DisplayPowerController: Unblocked screen on after 112 ms
05-10 20:31:46.837   498   548 I DisplayManagerService: Display device changed state: "Built-in Screen", ON
05-10 20:31:46.843   213   213 D SurfaceFlinger: Set power mode=2, type=0 flinger=0xa814e000
05-10 20:31:46.843   213   213 D hwcomposer: hwc_blank: display 0: unblank
05-10 20:31:46.843   213   213 D hwcomposer: hwc_blank_display: display 0: [1 -> 0]
05-10 20:31:46.843   213   213 D hwcomposer: Display 0 layer clip is 1536 x 2048
05-10 20:31:46.843   213   213 D hwcomposer: Display 0 device clip is 1536 x 2048
05-10 20:31:46.843   213   213 D hwcomposer: dc_blank: display 0, [1 -> 0]
05-10 20:31:47.276   498   550 W PowerManagerService: Screen on took 565 ms
05-10 20:31:47.276   498   550 I DreamManagerService: Gently waking up from dream.
05-10 20:31:47.276   498   546 I DreamManagerService: Performing gentle wake from dream.
05-10 20:31:47.282   498   537 I DreamManagerService: Leaving dreamland.
05-10 20:31:47.282   498   546 I DreamManagerService: Performing gentle wake from dream.
05-10 20:31:47.283   498   546 I DreamController: Stopping dream: name=ComponentInfo{com.android.systemui/com.android.systemui.doze.DozeService}, isTest=false, canDoze=true, userId=0
05-10 20:31:47.304   498   546 D UsbDeviceManager: Clear notification
05-10 20:31:47.305  1427  1428 I adbd    : functionfs successfully initialized
05-10 20:31:47.306  1427  1428 I adbd    : registering usb transport
05-10 20:31:48.152  1060  1060 D StatusBar: disable<e i a s b H R c s q >
05-10 20:31:48.154   498   537 W ActivityManager: Unable to start service Intent { act=com.android.launcher3.WINDOW_OVERLAY dat=app://com.google.android.apps.nexuslauncher:1000?v=7&cv=9 pkg=com.google.android.googlequicksearchbox } U=0: not found
05-10 20:31:48.219  1588  1588 I RenderThread: type=1400 audit(0.0:209): avc: denied { read write } for name="tegra-throughput" dev="tmpfs" ino=5296 scontext=u:r:system_app:s0 tcontext=u:object_r:video_device:s0 tclass=chr_file permissive=1
05-10 20:31:48.219  1588  1588 I RenderThread: type=1400 audit(0.0:210): avc: denied { open } for path="/dev/tegra-throughput" dev="tmpfs" ino=5296 scontext=u:r:system_app:s0 tcontext=u:object_r:video_device:s0 tclass=chr_file permissive=1
05-10 20:31:48.220  1588  1588 I RenderThread: type=1400 audit(0.0:211): avc: denied { ioctl } for path="/dev/tegra-throughput" dev="tmpfs" ino=5296 ioctlcmd=6701 scontext=u:r:system_app:s0 tcontext=u:object_r:video_device:s0 tclass=chr_file permissive=1
05-10 20:31:48.222  1588  1669 D         : cannot connect to power hinting service
05-10 20:31:48.234  1060  1060 D StatusBar: disable<e i a s b H R c s q >
05-10 20:31:48.234  1060  1060 D StatusBar: disable<e i a s b H R c s q >
05-10 20:31:48.236   229   294 W APM_AudioPolicyManager: getOutput() could not find output for stream 1, samplingRate 0,format 0, channels 3, flags 0
05-10 20:31:48.236   229   229 W APM_AudioPolicyManager: getOutput() could not find output for stream 1, samplingRate 0,format 0, channels 3, flags 0
05-10 20:31:48.240   229   229 W APM_AudioPolicyManager: getOutput() could not find output for stream 1, samplingRate 44100,format 1, channels 3, flags 4
05-10 20:31:48.240  1060  1193 E AudioTrack: Could not get audio output for session 201, stream type -1, usage 13, sample rate 44100, format 0x1, channel mask 0x3, flags 0x4
05-10 20:31:48.241  1060  1193 E SoundPool: Error creating AudioTrack
05-10 20:31:48.242  1588  1594 I zygote  : Do full code cache collection, code=126KB, data=87KB
05-10 20:31:48.245  1588  1594 I zygote  : After code cache collection, code=123KB, data=76KB
05-10 20:31:48.306  1060  1060 D StatusBar: disable<e i a s b h!r!c s q >
05-10 20:31:48.723  1588  1669 W OpenGLRenderer: Incorrectly called buildLayer on View: ShortcutAndWidgetContainer, destroying layer...
05-10 20:31:48.734   498   546 D UsbDeviceManager: push notification:USB charging this device
05-10 20:31:48.764  1241  1241 W ContextImpl: Calling a method in the system process without a qualified user: android.app.ContextImpl.startActivity:854 android.content.ContextWrapper.startActivity:372 android.content.ContextWrapper.startActivity:372 com.android.settings.deviceinfo.UsbModeChooserReceiver.onReceive:69 android.app.ActivityThread.handleReceiver:3188 
05-10 20:31:48.764  1241  1241 W ContextImpl: Calling a method in the system process without a qualified user: android.app.ContextImpl.startActivity:866 android.app.ContextImpl.startActivity:855 android.content.ContextWrapper.startActivity:372 android.content.ContextWrapper.startActivity:372 com.android.settings.deviceinfo.UsbModeChooserReceiver.onReceive:69 
05-10 20:31:48.766   498   537 I ActivityManager: START u0 {act=android.intent.action.MAIN cat=[android.intent.category.LAUNCHER] flg=0x10008000 cmp=com.android.settings/.deviceinfo.UsbModeChooserActivity} from uid 1000
05-10 20:31:48.933   213   213 D SurfaceFlinger: duplicate layer name: changing com.android.settings/com.android.settings.deviceinfo.UsbModeChooserActivity to com.android.settings/com.android.settings.deviceinfo.UsbModeChooserActivity#1
05-10 20:31:49.317  1241  1241 I chatty  : uid=1000(system) com.android.settings expire 3 lines
05-10 20:31:50.167  1588  1594 I zygote  : Do partial code cache collection, code=123KB, data=78KB
05-10 20:31:50.169  1588  1594 I zygote  : After code cache collection, code=123KB, data=78KB
05-10 20:31:50.169  1588  1594 I zygote  : Increasing code cache capacity to 512KB
05-10 20:31:52.407  2277  2277 I tlk_daemon: type=1400 audit(0.0:212): avc: denied { read } for name="__properties__" dev="tmpfs" ino=4720 scontext=u:r:tee:s0 tcontext=u:object_r:properties_device:s0 tclass=dir permissive=1
05-10 20:31:52.407  2277  2277 I tlk_daemon: type=1400 audit(0.0:213): avc: denied { open } for path="/dev/__properties__" dev="tmpfs" ino=4720 scontext=u:r:tee:s0 tcontext=u:object_r:properties_device:s0 tclass=dir permissive=1
05-10 20:31:52.408  2278  2278 I tlk_daemon: type=1400 audit(0.0:214): avc: denied { read } for name="tasks" dev="cgroup" ino=10585 scontext=u:r:tee:s0 tcontext=u:object_r:cgroup:s0 tclass=file permissive=1
05-10 20:31:52.784   229   292 W APM_AudioPolicyManager: getOutput() could not find output for stream 1, samplingRate 0,format 0, channels 3, flags 0
